../Core/Src/stm32f4xx_hal_msp.c:64:6:HAL_MspInit	8	static
../Core/Src/stm32f4xx_hal_msp.c:87:6:HAL_ADC_MspInit	48	static
../Core/Src/stm32f4xx_hal_msp.c:144:6:HAL_ADC_MspDeInit	8	static
../Core/Src/stm32f4xx_hal_msp.c:179:6:HAL_I2C_MspInit	48	static
../Core/Src/stm32f4xx_hal_msp.c:215:6:HAL_I2C_MspDeInit	8	static
../Core/Src/stm32f4xx_hal_msp.c:246:6:HAL_SPI_MspInit	40	static
../Core/Src/stm32f4xx_hal_msp.c:283:6:HAL_SPI_MspDeInit	0	static
../Core/Src/stm32f4xx_hal_msp.c:313:6:HAL_TIM_Base_MspInit	16	static
../Core/Src/stm32f4xx_hal_msp.c:352:6:HAL_TIM_Base_MspDeInit	0	static
