Archive member included to satisfy reference by file (symbol)

/opt/st/stm32cubeide_1.15.0/plugins/com.st.stm32cube.ide.mcu.externaltools.gnu-tools-for-stm32.12.3.rel1.linux64_1.0.100.202403111256/tools/bin/../lib/gcc/arm-none-eabi/12.3.1/../../../../arm-none-eabi/lib/thumb/v7e-m+fp/hard/libm.a(libm_a-s_cos.o)
                              ./Lib/Src/ssd1306.o (cos)
/opt/st/stm32cubeide_1.15.0/plugins/com.st.stm32cube.ide.mcu.externaltools.gnu-tools-for-stm32.12.3.rel1.linux64_1.0.100.202403111256/tools/bin/../lib/gcc/arm-none-eabi/12.3.1/../../../../arm-none-eabi/lib/thumb/v7e-m+fp/hard/libm.a(libm_a-s_sin.o)
                              ./Lib/Src/ssd1306.o (sin)
/opt/st/stm32cubeide_1.15.0/plugins/com.st.stm32cube.ide.mcu.externaltools.gnu-tools-for-stm32.12.3.rel1.linux64_1.0.100.202403111256/tools/bin/../lib/gcc/arm-none-eabi/12.3.1/../../../../arm-none-eabi/lib/thumb/v7e-m+fp/hard/libm.a(libm_a-k_cos.o)
                              /opt/st/stm32cubeide_1.15.0/plugins/com.st.stm32cube.ide.mcu.externaltools.gnu-tools-for-stm32.12.3.rel1.linux64_1.0.100.202403111256/tools/bin/../lib/gcc/arm-none-eabi/12.3.1/../../../../arm-none-eabi/lib/thumb/v7e-m+fp/hard/libm.a(libm_a-s_cos.o) (__kernel_cos)
/opt/st/stm32cubeide_1.15.0/plugins/com.st.stm32cube.ide.mcu.externaltools.gnu-tools-for-stm32.12.3.rel1.linux64_1.0.100.202403111256/tools/bin/../lib/gcc/arm-none-eabi/12.3.1/../../../../arm-none-eabi/lib/thumb/v7e-m+fp/hard/libm.a(libm_a-k_sin.o)
                              /opt/st/stm32cubeide_1.15.0/plugins/com.st.stm32cube.ide.mcu.externaltools.gnu-tools-for-stm32.12.3.rel1.linux64_1.0.100.202403111256/tools/bin/../lib/gcc/arm-none-eabi/12.3.1/../../../../arm-none-eabi/lib/thumb/v7e-m+fp/hard/libm.a(libm_a-s_cos.o) (__kernel_sin)
/opt/st/stm32cubeide_1.15.0/plugins/com.st.stm32cube.ide.mcu.externaltools.gnu-tools-for-stm32.12.3.rel1.linux64_1.0.100.202403111256/tools/bin/../lib/gcc/arm-none-eabi/12.3.1/../../../../arm-none-eabi/lib/thumb/v7e-m+fp/hard/libm.a(libm_a-e_rem_pio2.o)
                              /opt/st/stm32cubeide_1.15.0/plugins/com.st.stm32cube.ide.mcu.externaltools.gnu-tools-for-stm32.12.3.rel1.linux64_1.0.100.202403111256/tools/bin/../lib/gcc/arm-none-eabi/12.3.1/../../../../arm-none-eabi/lib/thumb/v7e-m+fp/hard/libm.a(libm_a-s_cos.o) (__ieee754_rem_pio2)
/opt/st/stm32cubeide_1.15.0/plugins/com.st.stm32cube.ide.mcu.externaltools.gnu-tools-for-stm32.12.3.rel1.linux64_1.0.100.202403111256/tools/bin/../lib/gcc/arm-none-eabi/12.3.1/../../../../arm-none-eabi/lib/thumb/v7e-m+fp/hard/libm.a(libm_a-s_fabs.o)
                              /opt/st/stm32cubeide_1.15.0/plugins/com.st.stm32cube.ide.mcu.externaltools.gnu-tools-for-stm32.12.3.rel1.linux64_1.0.100.202403111256/tools/bin/../lib/gcc/arm-none-eabi/12.3.1/../../../../arm-none-eabi/lib/thumb/v7e-m+fp/hard/libm.a(libm_a-e_rem_pio2.o) (fabs)
/opt/st/stm32cubeide_1.15.0/plugins/com.st.stm32cube.ide.mcu.externaltools.gnu-tools-for-stm32.12.3.rel1.linux64_1.0.100.202403111256/tools/bin/../lib/gcc/arm-none-eabi/12.3.1/../../../../arm-none-eabi/lib/thumb/v7e-m+fp/hard/libm.a(libm_a-k_rem_pio2.o)
                              /opt/st/stm32cubeide_1.15.0/plugins/com.st.stm32cube.ide.mcu.externaltools.gnu-tools-for-stm32.12.3.rel1.linux64_1.0.100.202403111256/tools/bin/../lib/gcc/arm-none-eabi/12.3.1/../../../../arm-none-eabi/lib/thumb/v7e-m+fp/hard/libm.a(libm_a-e_rem_pio2.o) (__kernel_rem_pio2)
/opt/st/stm32cubeide_1.15.0/plugins/com.st.stm32cube.ide.mcu.externaltools.gnu-tools-for-stm32.12.3.rel1.linux64_1.0.100.202403111256/tools/bin/../lib/gcc/arm-none-eabi/12.3.1/../../../../arm-none-eabi/lib/thumb/v7e-m+fp/hard/libm.a(libm_a-s_scalbn.o)
                              /opt/st/stm32cubeide_1.15.0/plugins/com.st.stm32cube.ide.mcu.externaltools.gnu-tools-for-stm32.12.3.rel1.linux64_1.0.100.202403111256/tools/bin/../lib/gcc/arm-none-eabi/12.3.1/../../../../arm-none-eabi/lib/thumb/v7e-m+fp/hard/libm.a(libm_a-k_rem_pio2.o) (scalbn)
/opt/st/stm32cubeide_1.15.0/plugins/com.st.stm32cube.ide.mcu.externaltools.gnu-tools-for-stm32.12.3.rel1.linux64_1.0.100.202403111256/tools/bin/../lib/gcc/arm-none-eabi/12.3.1/../../../../arm-none-eabi/lib/thumb/v7e-m+fp/hard/libm.a(libm_a-s_floor.o)
                              /opt/st/stm32cubeide_1.15.0/plugins/com.st.stm32cube.ide.mcu.externaltools.gnu-tools-for-stm32.12.3.rel1.linux64_1.0.100.202403111256/tools/bin/../lib/gcc/arm-none-eabi/12.3.1/../../../../arm-none-eabi/lib/thumb/v7e-m+fp/hard/libm.a(libm_a-k_rem_pio2.o) (floor)
/opt/st/stm32cubeide_1.15.0/plugins/com.st.stm32cube.ide.mcu.externaltools.gnu-tools-for-stm32.12.3.rel1.linux64_1.0.100.202403111256/tools/bin/../lib/gcc/arm-none-eabi/12.3.1/../../../../arm-none-eabi/lib/thumb/v7e-m+fp/hard/libc_nano.a(libc_a-exit.o)
[...]
Memory Configuration

Name             Origin             Length             Attributes
RAM              0x20000000         0x00010000         xrw
FLASH            0x08000000         0x00040000         xr
*default*        0x00000000         0xffffffff

Linker script and memory map

LOAD /opt/st/stm32cubeide_1.15.0/plugins/com.st.stm32cube.ide.mcu.externaltools.gnu-tools-for-stm32.12.3.rel1.linux64_1.0.100.202403111256/tools/bin/../lib/gcc/arm-none-eabi/12.3.1/thumb/v7e-m+fp/hard/crti.o
LOAD /opt/st/stm32cubeide_1.15.0/plugins/com.st.stm32cube.ide.mcu.externaltools.gnu-tools-for-stm32.12.3.rel1.linux64_1.0.100.202403111256/tools/bin/../lib/gcc/arm-none-eabi/12.3.1/thumb/v7e-m+fp/hard/crtbegin.o
LOAD /opt/st/stm32cubeide_1.15.0/plugins/com.st.stm32cube.ide.mcu.externaltools.gnu-tools-for-stm32.12.3.rel1.linux64_1.0.100.202403111256/tools/bin/../lib/gcc/arm-none-eabi/12.3.1/../../../../arm-none-eabi/lib/thumb/v7e-m+fp/hard/crt0.o
LOAD ./Application/Src/analog.o
LOAD ./Application/Src/control.o
LOAD ./Application/Src/encoder.o
LOAD ./Application/Src/gpio.o
LOAD ./Application/Src/input.o
LOAD ./Application/Src/nrf24.o
LOAD ./Application/Src/timing.o
LOAD ./Core/Src/main.o
LOAD ./Core/Src/stm32f4xx_hal_msp.o
LOAD ./Core/Src/stm32f4xx_it.o
LOAD ./Core/Src/syscalls.o
LOAD ./Core/Src/sysmem.o
LOAD ./Core/Src/system_stm32f4xx.o
LOAD ./Core/Startup/startup_stm32f401rctx.o
LOAD ./Drivers/STM32F4xx_HAL_Driver/Src/stm32f4xx_hal.o
LOAD ./Drivers/STM32F4xx_HAL_Driver/Src/stm32f4xx_hal_adc.o
LOAD ./Drivers/STM32F4xx_HAL_Driver/Src/stm32f4xx_hal_adc_ex.o
LOAD ./Drivers/STM32F4xx_HAL_Driver/Src/stm32f4xx_hal_cortex.o
LOAD ./Drivers/STM32F4xx_HAL_Driver/Src/stm32f4xx_hal_dma.o
LOAD ./Drivers/STM32F4xx_HAL_Driver/Src/stm32f4xx_hal_dma_ex.o
LOAD ./Drivers/STM32F4xx_HAL_Driver/Src/stm32f4xx_hal_exti.o
LOAD ./Drivers/STM32F4xx_HAL_Driver/Src/stm32f4xx_hal_flash.o
LOAD ./Drivers/STM32F4xx_HAL_Driver/Src/stm32f4xx_hal_flash_ex.o
LOAD ./Drivers/STM32F4xx_HAL_Driver/Src/stm32f4xx_hal_flash_ramfunc.o
LOAD ./Drivers/STM32F4xx_HAL_Driver/Src/stm32f4xx_hal_gpio.o
LOAD ./Drivers/STM32F4xx_HAL_Driver/Src/stm32f4xx_hal_i2c.o
LOAD ./Drivers/STM32F4xx_HAL_Driver/Src/stm32f4xx_hal_i2c_ex.o
LOAD ./Drivers/STM32F4xx_HAL_Driver/Src/stm32f4xx_hal_pcd.o
LOAD ./Drivers/STM32F4xx_HAL_Driver/Src/stm32f4xx_hal_pcd_ex.o
LOAD ./Drivers/STM32F4xx_HAL_Driver/Src/stm32f4xx_hal_pwr.o
LOAD ./Drivers/STM32F4xx_HAL_Driver/Src/stm32f4xx_hal_pwr_ex.o
LOAD ./Drivers/STM32F4xx_HAL_Driver/Src/stm32f4xx_hal_rcc.o
LOAD ./Drivers/STM32F4xx_HAL_Driver/Src/stm32f4xx_hal_rcc_ex.o
LOAD ./Drivers/STM32F4xx_HAL_Driver/Src/stm32f4xx_hal_spi.o
LOAD ./Drivers/STM32F4xx_HAL_Driver/Src/stm32f4xx_hal_tim.o
LOAD ./Drivers/STM32F4xx_HAL_Driver/Src/stm32f4xx_hal_tim_ex.o
LOAD ./Drivers/STM32F4xx_HAL_Driver/Src/stm32f4xx_ll_adc.o
LOAD ./Drivers/STM32F4xx_HAL_Driver/Src/stm32f4xx_ll_usb.o
LOAD ./Lib/Src/ssd1306.o
LOAD ./Lib/Src/ssd1306_fonts.o
LOAD ./Middlewares/ST/STM32_USB_Device_Library/Class/CDC/Src/usbd_cdc.o
LOAD ./Middlewares/ST/STM32_USB_Device_Library/Core/Src/usbd_core.o
LOAD ./Middlewares/ST/STM32_USB_Device_Library/Core/Src/usbd_ctlreq.o
LOAD ./Middlewares/ST/STM32_USB_Device_Library/Core/Src/usbd_ioreq.o
LOAD ./USB_DEVICE/App/usb_device.o
LOAD ./USB_DEVICE/App/usbd_cdc_if.o
LOAD ./USB_DEVICE/App/usbd_desc.o
LOAD ./USB_DEVICE/Target/usbd_conf.o
START GROUP
LOAD /opt/st/stm32cubeide_1.15.0/plugins/com.st.stm32cube.ide.mcu.externaltools.gnu-tools-for-stm32.12.3.rel1.linux64_1.0.100.202403111256/tools/bin/../lib/gcc/arm-none-eabi/12.3.1/../../../../arm-none-eabi/lib/thumb/v7e-m+fp/hard/libstdc++_nano.a
LOAD /opt/st/stm32cubeide_1.15.0/plugins/com.st.stm32cube.ide.mcu.externaltools.gnu-tools-for-stm32.12.3.rel1.linux64_1.0.100.202403111256/tools/bin/../lib/gcc/arm-none-eabi/12.3.1/../../../../arm-none-eabi/lib/thumb/v7e-m+fp/hard/libsupc++_nano.a
END GROUP
LOAD /opt/st/stm32cubeide_1.15.0/plugins/com.st.stm32cube.ide.mcu.externaltools.gnu-tools-for-stm32.12.3.rel1.linux64_1.0.100.202403111256/tools/bin/../lib/gcc/arm-none-eabi/12.3.1/../../../../arm-none-eabi/lib/thumb/v7e-m+fp/hard/libstdc++_nano.a
LOAD /opt/st/stm32cubeide_1.15.0/plugins/com.st.stm32cube.ide.mcu.externaltools.gnu-tools-for-stm32.12.3.rel1.linux64_1.0.100.202403111256/tools/bin/../lib/gcc/arm-none-eabi/12.3.1/../../../../arm-none-eabi/lib/thumb/v7e-m+fp/hard/libm.a
LOAD /opt/st/stm32cubeide_1.15.0/plugins/com.st.stm32cube.ide.mcu.externaltools.gnu-tools-for-stm32.12.3.rel1.linux64_1.0.100.202403111256/tools/bin/../lib/gcc/arm-none-eabi/12.3.1/../../../../arm-none-eabi/lib/thumb/v7e-m+fp/hard/libc_nano.a
START GROUP
LOAD /opt/st/stm32cubeide_1.15.0/plugins/com.st.stm32cube.ide.mcu.externaltools.gnu-tools-for-stm32.12.3.rel1.linux64_1.0.100.202403111256/tools/bin/../lib/gcc/arm-none-eabi/12.3.1/thumb/v7e-m+fp/hard/libgcc.a
LOAD /opt/st/stm32cubeide_1.15.0/plugins/com.st.stm32cube.ide.mcu.externaltools.gnu-tools-for-stm32.12.3.rel1.linux64_1.0.100.202403111256/tools/bin/../lib/gcc/arm-none-eabi/12.3.1/../../../../arm-none-eabi/lib/thumb/v7e-m+fp/hard/libc_nano.a
END GROUP
START GROUP
LOAD /opt/st/stm32cubeide_1.15.0/plugins/com.st.stm32cube.ide.mcu.externaltools.gnu-tools-for-stm32.12.3.rel1.linux64_1.0.100.202403111256/tools/bin/../lib/gcc/arm-none-eabi/12.3.1/thumb/v7e-m+fp/hard/libgcc.a
LOAD /opt/st/stm32cubeide_1.15.0/plugins/com.st.stm32cube.ide.mcu.externaltools.gnu-tools-for-stm32.12.3.rel1.linux64_1.0.100.202403111256/tools/bin/../lib/gcc/arm-none-eabi/12.3.1/../../../../arm-none-eabi/lib/thumb/v7e-m+fp/hard/libc_nano.a
LOAD /opt/st/stm32cubeide_1.15.0/plugins/com.st.stm32cube.ide.mcu.externaltools.gnu-tools-for-stm32.12.3.rel1.linux64_1.0.100.202403111256/tools/bin/../lib/gcc/arm-none-eabi/12.3.1/../../../../arm-none-eabi/lib/thumb/v7e-m+fp/hard/libnosys.a
END GROUP
START GROUP
LOAD /opt/st/stm32cubeide_1.15.0/plugins/com.st.stm32cube.ide.mcu.externaltools.gnu-tools-for-stm32.12.3.rel1.linux64_1.0.100.202403111256/tools/bin/../lib/gcc/arm-none-eabi/12.3.1/thumb/v7e-m+fp/hard/libgcc.a
LOAD /opt/st/stm32cubeide_1.15.0/plugins/com.st.stm32cube.ide.mcu.externaltools.gnu-tools-for-stm32.12.3.rel1.linux64_1.0.100.202403111256/tools/bin/../lib/gcc/arm-none-eabi/12.3.1/../../../../arm-none-eabi/lib/thumb/v7e-m+fp/hard/libc_nano.a
LOAD /opt/st/stm32cubeide_1.15.0/plugins/com.st.stm32cube.ide.mcu.externaltools.gnu-tools-for-stm32.12.3.rel1.linux64_1.0.100.202403111256/tools/bin/../lib/gcc/arm-none-eabi/12.3.1/../../../../arm-none-eabi/lib/thumb/v7e-m+fp/hard/libnosys.a
END GROUP
LOAD /opt/st/stm32cubeide_1.15.0/plugins/com.st.stm32cube.ide.mcu.externaltools.gnu-tools-for-stm32.12.3.rel1.linux64_1.0.100.202403111256/tools/bin/../lib/gcc/arm-none-eabi/12.3.1/thumb/v7e-m+fp/hard/crtend.o
LOAD /opt/st/stm32cubeide_1.15.0/plugins/com.st.stm32cube.ide.mcu.externaltools.gnu-tools-for-stm32.12.3.rel1.linux64_1.0.100.202403111256/tools/bin/../lib/gcc/arm-none-eabi/12.3.1/thumb/v7e-m+fp/hard/crtn.o
                0x20010000                        _estack = (ORIGIN (RAM) + LENGTH (RAM))
                0x00000200                        _Min_Heap_Size = 0x200
                0x00000400                        _Min_Stack_Size = 0x400

.isr_vector     0x08000000      0x194
                0x08000000                        . = ALIGN (0x4)
 *(.isr_vector)
 .isr_vector    0x08000000      0x194 ./Core/Startup/startup_stm32f401rctx.o
                0x08000000                g_pfnVectors
                0x08000194                        . = ALIGN (0x4)

.text           0x080001a0     0x7004
                0x080001a0                        . = ALIGN (0x4)
 *(.text)
 .text          0x080001a0       0x40 /opt/st/stm32cubeide_1.15.0/plugins/com.st.stm32cube.ide.mcu.externaltools.gnu-tools-for-stm32.12.3.rel1.linux64_1.0.100.202403111256/tools/bin/../lib/gcc/arm-none-eabi/12.3.1/thumb/v7e-m+fp/hard/crtbegin.o
 .text          0x080001e0       0x10 /opt/st/stm32cubeide_1.15.0/plugins/com.st.stm32cube.ide.mcu.externaltools.gnu-tools-for-stm32.12.3.rel1.linux64_1.0.100.202403111256/tools/bin/../lib/gcc/arm-none-eabi/12.3.1/../../../../arm-none-eabi/lib/thumb/v7e-m+fp/hard/libc_nano.a(libc_a-strlen.o)
                0x080001e0                strlen
 .text          0x080001f0       0xa0 /opt/st/stm32cubeide_1.15.0/plugins/com.st.stm32cube.ide.mcu.externaltools.gnu-tools-for-stm32.12.3.rel1.linux64_1.0.100.202403111256/tools/bin/../lib/gcc/arm-none-eabi/12.3.1/../../../../arm-none-eabi/lib/thumb/v7e-m+fp/hard/libc_nano.a(libc_a-memchr.o)
                0x080001f0                memchr
 .text          0x08000290       0x30 /opt/st/stm32cubeide_1.15.0/plugins/com.st.stm32cube.ide.mcu.externaltools.gnu-tools-for-stm32.12.3.rel1.linux64_1.0.100.202403111256/tools/bin/../lib/gcc/arm-none-eabi/12.3.1/thumb/v7e-m+fp/hard/libgcc.a(_aeabi_uldivmod.o)
                0x08000290                __aeabi_uldivmod
 .text          0x080002c0      0x2bc /opt/st/stm32cubeide_1.15.0/plugins/com.st.stm32cube.ide.mcu.externaltools.gnu-tools-for-stm32.12.3.rel1.linux64_1.0.100.202403111256/tools/bin/../lib/gcc/arm-none-eabi/12.3.1/thumb/v7e-m+fp/hard/libgcc.a(_udivmoddi4.o)
                0x080002c0                __udivmoddi4
 .text          0x0800057c        0x4 /opt/st/stm32cubeide_1.15.0/plugins/com.st.stm32cube.ide.mcu.externaltools.gnu-tools-for-stm32.12.3.rel1.linux64_1.0.100.202403111256/tools/bin/../lib/gcc/arm-none-eabi/12.3.1/thumb/v7e-m+fp/hard/libgcc.a(_dvmd_tls.o)
                0x0800057c                __aeabi_ldiv0
                0x0800057c                __aeabi_idiv0
 *(.text*)
 .text.Analog_Start
                0x08000580       0x14 ./Application/Src/analog.o
                0x08000580                Analog_Start
 .text.Analog_GetValue
                0x08000594       0x10 ./Application/Src/analog.o
                0x08000594                Analog_GetValue
 .text.HAL_ADC_ConvCpltCallback
                0x080005a4       0x14 ./Application/Src/analog.o
                0x080005a4                HAL_ADC_ConvCpltCallback
 .text.Control_Init
                0x080005b8       0x1c ./Application/Src/control.o
                0x080005b8                Control_Init
 .text.Control_Loop
                0x080005d4      0x12c ./Application/Src/control.o
                0x080005d4                Control_Loop
 .text.Encoder_Handler
                0x08000700       0x98 ./Application/Src/encoder.o
                0x08000700                Encoder_Handler
 .text.Encoder_GetRotation
                0x08000798        0xc ./Application/Src/encoder.o
                0x08000798                Encoder_GetRotation
 .text.GPIO_Read
                0x080007a4       0x18 ./Application/Src/gpio.o
                0x080007a4                GPIO_Read
 .text.GPIO_Write
                0x080007bc       0x24 ./Application/Src/gpio.o
                0x080007bc                GPIO_Write
 .text.Input_Handler
                0x080007e0       0x34 ./Application/Src/input.o
                0x080007e0                Input_Handler
 .text.Input_GetState
                0x08000814        0xc ./Application/Src/input.o
                0x08000814                Input_GetState
 .text.NRF24_Init_TX
                0x08000820      0x294 ./Application/Src/nrf24.o
                0x08000820                NRF24_Init_TX
 .text.NRF24_Transmit
                0x08000ab4       0x60 ./Application/Src/nrf24.o
                0x08000ab4                NRF24_Transmit
 .text.Timing_Start
                0x08000b14       0x1c ./Application/Src/timing.o
                0x08000b14                Timing_Start
 .text.HAL_TIM_PeriodElapsedCallback
                0x08000b30       0x2c ./Application/Src/timing.o
                0x08000b30                HAL_TIM_PeriodElapsedCallback
 .text.SystemClock_Config
                0x08000b5c       0xa4 ./Core/Src/main.o
                0x08000b5c                SystemClock_Config
 .text.startup.main
                0x08000c00      0x2f0 ./Core/Src/main.o
                0x08000c00                main
 .text.Error_Handler
                0x08000ef0        0x4 ./Core/Src/main.o
                0x08000ef0                Error_Handler
 .text.HAL_MspInit
                0x08000ef4       0x38 ./Core/Src/stm32f4xx_hal_msp.o
                0x08000ef4                HAL_MspInit
 .text.HAL_ADC_MspInit
                0x08000f2c       0xa4 ./Core/Src/stm32f4xx_hal_msp.o
                0x08000f2c                HAL_ADC_MspInit
 .text.HAL_I2C_MspInit
                0x08000fd0       0x70 ./Core/Src/stm32f4xx_hal_msp.o
                0x08000fd0                HAL_I2C_MspInit
 .text.HAL_SPI_MspInit
                0x08001040       0x78 ./Core/Src/stm32f4xx_hal_msp.o
                0x08001040                HAL_SPI_MspInit
 .text.HAL_TIM_Base_MspInit
                0x080010b8       0x7c ./Core/Src/stm32f4xx_hal_msp.o
                0x080010b8                HAL_TIM_Base_MspInit
 .text.NMI_Handler
                0x08001134        0x4 ./Core/Src/stm32f4xx_it.o
                0x08001134                NMI_Handler
 .text.HardFault_Handler
                0x08001138        0x4 ./Core/Src/stm32f4xx_it.o
                0x08001138                HardFault_Handler
 .text.MemManage_Handler
                0x0800113c        0x4 ./Core/Src/stm32f4xx_it.o
                0x0800113c                MemManage_Handler
 .text.BusFault_Handler
                0x08001140        0x4 ./Core/Src/stm32f4xx_it.o
                0x08001140                BusFault_Handler
 .text.UsageFault_Handler
                0x08001144        0x4 ./Core/Src/stm32f4xx_it.o
                0x08001144                UsageFault_Handler
 .text.SVC_Handler
                0x08001148        0x4 ./Core/Src/stm32f4xx_it.o
                0x08001148                SVC_Handler
 .text.DebugMon_Handler
                0x0800114c        0x4 ./Core/Src/stm32f4xx_it.o
                0x0800114c                DebugMon_Handler
 .text.PendSV_Handler
                0x08001150        0x4 ./Core/Src/stm32f4xx_it.o
                0x08001150                PendSV_Handler
 .text.SysTick_Handler
                0x08001154        0x4 ./Core/Src/stm32f4xx_it.o
                0x08001154                SysTick_Handler
 .text.TIM1_UP_TIM10_IRQHandler
                0x08001158        0xc ./Core/Src/stm32f4xx_it.o
                0x08001158                TIM1_UP_TIM10_IRQHandler
 .text.TIM1_TRG_COM_TIM11_IRQHandler
                0x08001164        0xc ./Core/Src/stm32f4xx_it.o
                0x08001164                TIM1_TRG_COM_TIM11_IRQHandler
 .text.DMA2_Stream0_IRQHandler
                0x08001170        0xc ./Core/Src/stm32f4xx_it.o
                0x08001170                DMA2_Stream0_IRQHandler
 .text.OTG_FS_IRQHandler
                0x0800117c        0xc ./Core/Src/stm32f4xx_it.o
                0x0800117c                OTG_FS_IRQHandler
 .text._sbrk    0x08001188       0x44 ./Core/Src/sysmem.o
                0x08001188                _sbrk
 .text.SystemInit
                0x080011cc       0x14 ./Core/Src/system_stm32f4xx.o
                0x080011cc                SystemInit
 .text.Reset_Handler
                0x080011e0       0x50 ./Core/Startup/startup_stm32f401rctx.o
                0x080011e0                Reset_Handler
 .text.Default_Handler
                0x08001230        0x2 ./Core/Startup/startup_stm32f401rctx.o
                0x08001230                RTC_Alarm_IRQHandler
                0x08001230                EXTI2_IRQHandler
                0x08001230                SPI4_IRQHandler
                0x08001230                TIM1_CC_IRQHandler
                0x08001230                DMA2_Stream5_IRQHandler
                0x08001230                DMA1_Stream5_IRQHandler
                0x08001230                PVD_IRQHandler
                0x08001230                SDIO_IRQHandler
                0x08001230                TAMP_STAMP_IRQHandler
                0x08001230                EXTI3_IRQHandler
                0x08001230                I2C3_ER_IRQHandler
                0x08001230                EXTI0_IRQHandler
                0x08001230                I2C2_EV_IRQHandler
                0x08001230                DMA1_Stream2_IRQHandler
                0x08001230                FPU_IRQHandler
                0x08001230                DMA2_Stream2_IRQHandler
                0x08001230                SPI1_IRQHandler
                0x08001230                TIM1_BRK_TIM9_IRQHandler
                0x08001230                DMA2_Stream3_IRQHandler
                0x08001230                USART6_IRQHandler
                0x08001230                TIM4_IRQHandler
                0x08001230                I2C1_EV_IRQHandler
                0x08001230                DMA1_Stream6_IRQHandler
                0x08001230                DMA1_Stream1_IRQHandler
                0x08001230                TIM3_IRQHandler
                0x08001230                RCC_IRQHandler
                0x08001230                Default_Handler
                0x08001230                EXTI15_10_IRQHandler
                0x08001230                ADC_IRQHandler
                0x08001230                DMA1_Stream7_IRQHandler
                0x08001230                TIM5_IRQHandler
                0x08001230                DMA2_Stream7_IRQHandler
                0x08001230                I2C3_EV_IRQHandler
                0x08001230                EXTI9_5_IRQHandler
                0x08001230                RTC_WKUP_IRQHandler
                0x08001230                SPI2_IRQHandler
                0x08001230                DMA1_Stream0_IRQHandler
                0x08001230                EXTI4_IRQHandler
                0x08001230                WWDG_IRQHandler
                0x08001230                TIM2_IRQHandler
                0x08001230                OTG_FS_WKUP_IRQHandler
                0x08001230                EXTI1_IRQHandler
                0x08001230                USART2_IRQHandler
                0x08001230                I2C2_ER_IRQHandler
                0x08001230                DMA2_Stream1_IRQHandler
                0x08001230                FLASH_IRQHandler
                0x08001230                DMA2_Stream4_IRQHandler
                0x08001230                USART1_IRQHandler
                0x08001230                SPI3_IRQHandler
                0x08001230                DMA1_Stream4_IRQHandler
                0x08001230                I2C1_ER_IRQHandler
                0x08001230                DMA2_Stream6_IRQHandler
                0x08001230                DMA1_Stream3_IRQHandler
 *fill*         0x08001232        0x2 
 .text.HAL_InitTick
                0x08001234       0x48 ./Drivers/STM32F4xx_HAL_Driver/Src/stm32f4xx_hal.o
                0x08001234                HAL_InitTick
 .text.HAL_Init
                0x0800127c       0x34 ./Drivers/STM32F4xx_HAL_Driver/Src/stm32f4xx_hal.o
                0x0800127c                HAL_Init
 .text.HAL_IncTick
                0x080012b0       0x18 ./Drivers/STM32F4xx_HAL_Driver/Src/stm32f4xx_hal.o
                0x080012b0                HAL_IncTick
 .text.HAL_GetTick
                0x080012c8        0xc ./Drivers/STM32F4xx_HAL_Driver/Src/stm32f4xx_hal.o
                0x080012c8                HAL_GetTick
 .text.HAL_Delay
                0x080012d4       0x24 ./Drivers/STM32F4xx_HAL_Driver/Src/stm32f4xx_hal.o
                0x080012d4                HAL_Delay
 .text.HAL_ADC_Init
                0x080012f8      0x158 ./Drivers/STM32F4xx_HAL_Driver/Src/stm32f4xx_hal_adc.o
                0x080012f8                HAL_ADC_Init
 .text.HAL_ADC_Start_DMA
                0x08001450      0x12c ./Drivers/STM32F4xx_HAL_Driver/Src/stm32f4xx_hal_adc.o
                0x08001450                HAL_ADC_Start_DMA
 .text.HAL_ADC_ConvHalfCpltCallback
                0x0800157c        0x4 ./Drivers/STM32F4xx_HAL_Driver/Src/stm32f4xx_hal_adc.o
                0x0800157c                HAL_ADC_ConvHalfCpltCallback
 .text.ADC_DMAHalfConvCplt
                0x08001580        0xc ./Drivers/STM32F4xx_HAL_Driver/Src/stm32f4xx_hal_adc.o
 .text.HAL_ADC_ErrorCallback
                0x0800158c        0x4 ./Drivers/STM32F4xx_HAL_Driver/Src/stm32f4xx_hal_adc.o
                0x0800158c                HAL_ADC_ErrorCallback
 .text.ADC_DMAError
                0x08001590       0x18 ./Drivers/STM32F4xx_HAL_Driver/Src/stm32f4xx_hal_adc.o
 .text.ADC_DMAConvCplt
                0x080015a8       0x6c ./Drivers/STM32F4xx_HAL_Driver/Src/stm32f4xx_hal_adc.o
 .text.HAL_ADC_ConfigChannel
                0x08001614      0x150 ./Drivers/STM32F4xx_HAL_Driver/Src/stm32f4xx_hal_adc.o
                0x08001614                HAL_ADC_ConfigChannel
 .text.HAL_NVIC_SetPriorityGrouping
                0x08001764       0x24 ./Drivers/STM32F4xx_HAL_Driver/Src/stm32f4xx_hal_cortex.o
                0x08001764                HAL_NVIC_SetPriorityGrouping
 .text.HAL_NVIC_SetPriority
                0x08001788       0x78 ./Drivers/STM32F4xx_HAL_Driver/Src/stm32f4xx_hal_cortex.o
                0x08001788                HAL_NVIC_SetPriority
 .text.HAL_NVIC_EnableIRQ
                0x08001800       0x1c ./Drivers/STM32F4xx_HAL_Driver/Src/stm32f4xx_hal_cortex.o
                0x08001800                HAL_NVIC_EnableIRQ
 .text.HAL_SYSTICK_Config
                0x0800181c       0x34 ./Drivers/STM32F4xx_HAL_Driver/Src/stm32f4xx_hal_cortex.o
                0x0800181c                HAL_SYSTICK_Config
 .text.HAL_DMA_Init
                0x08001850      0x12c ./Drivers/STM32F4xx_HAL_Driver/Src/stm32f4xx_hal_dma.o
                0x08001850                HAL_DMA_Init
 .text.HAL_DMA_Start_IT
                0x0800197c       0x78 ./Drivers/STM32F4xx_HAL_Driver/Src/stm32f4xx_hal_dma.o
                0x0800197c                HAL_DMA_Start_IT
 .text.HAL_DMA_IRQHandler
                0x080019f4      0x1ac ./Drivers/STM32F4xx_HAL_Driver/Src/stm32f4xx_hal_dma.o
                0x080019f4                HAL_DMA_IRQHandler
 .text.HAL_GPIO_Init
                0x08001ba0      0x1ec ./Drivers/STM32F4xx_HAL_Driver/Src/stm32f4xx_hal_gpio.o
                0x08001ba0                HAL_GPIO_Init
 .text.HAL_GPIO_ReadPin
                0x08001d8c        0xc ./Drivers/STM32F4xx_HAL_Driver/Src/stm32f4xx_hal_gpio.o
                0x08001d8c                HAL_GPIO_ReadPin
 .text.HAL_GPIO_WritePin
                0x08001d98        0x8 ./Drivers/STM32F4xx_HAL_Driver/Src/stm32f4xx_hal_gpio.o
                0x08001d98                HAL_GPIO_WritePin
 .text.I2C_WaitOnMasterAddressFlagUntilTimeout.constprop.0
                0x08001da0       0x88 ./Drivers/STM32F4xx_HAL_Driver/Src/stm32f4xx_hal_i2c.o
 .text.I2C_RequestMemoryWrite
                0x08001e28      0x184 ./Drivers/STM32F4xx_HAL_Driver/Src/stm32f4xx_hal_i2c.o
 .text.HAL_I2C_Init
                0x08001fac      0x190 ./Drivers/STM32F4xx_HAL_Driver/Src/stm32f4xx_hal_i2c.o
                0x08001fac                HAL_I2C_Init
 .text.HAL_I2C_Mem_Write
                0x0800213c      0x1e4 ./Drivers/STM32F4xx_HAL_Driver/Src/stm32f4xx_hal_i2c.o
                0x0800213c                HAL_I2C_Mem_Write
 .text.HAL_PCD_Init
                0x08002320      0x414 ./Drivers/STM32F4xx_HAL_Driver/Src/stm32f4xx_hal_pcd.o
                0x08002320                HAL_PCD_Init
 .text.HAL_PCD_Start
                0x08002734       0x40 ./Drivers/STM32F4xx_HAL_Driver/Src/stm32f4xx_hal_pcd.o
                0x08002734                HAL_PCD_Start
 .text.HAL_PCD_IRQHandler
                0x08002774      0xb00 ./Drivers/STM32F4xx_HAL_Driver/Src/stm32f4xx_hal_pcd.o
                0x08002774                HAL_PCD_IRQHandler
 .text.HAL_PCD_SetAddress
                0x08003274       0x28 ./Drivers/STM32F4xx_HAL_Driver/Src/stm32f4xx_hal_pcd.o
                0x08003274                HAL_PCD_SetAddress
 .text.HAL_PCD_EP_Open
                0x0800329c       0x7c ./Drivers/STM32F4xx_HAL_Driver/Src/stm32f4xx_hal_pcd.o
                0x0800329c                HAL_PCD_EP_Open
 .text.HAL_PCD_EP_Close
                0x08003318       0x68 ./Drivers/STM32F4xx_HAL_Driver/Src/stm32f4xx_hal_pcd.o
                0x08003318                HAL_PCD_EP_Close
 .text.HAL_PCD_EP_Receive
                0x08003380       0x44 ./Drivers/STM32F4xx_HAL_Driver/Src/stm32f4xx_hal_pcd.o
                0x08003380                HAL_PCD_EP_Receive
 .text.HAL_PCD_EP_GetRxCount
                0x080033c4       0x14 ./Drivers/STM32F4xx_HAL_Driver/Src/stm32f4xx_hal_pcd.o
                0x080033c4                HAL_PCD_EP_GetRxCount
 .text.HAL_PCD_EP_Transmit
                0x080033d8       0x48 ./Drivers/STM32F4xx_HAL_Driver/Src/stm32f4xx_hal_pcd.o
                0x080033d8                HAL_PCD_EP_Transmit
 .text.HAL_PCD_EP_SetStall
                0x08003420       0x84 ./Drivers/STM32F4xx_HAL_Driver/Src/stm32f4xx_hal_pcd.o
                0x08003420                HAL_PCD_EP_SetStall
 .text.HAL_PCD_EP_ClrStall
                0x080034a4       0x70 ./Drivers/STM32F4xx_HAL_Driver/Src/stm32f4xx_hal_pcd.o
                0x080034a4                HAL_PCD_EP_ClrStall
 .text.HAL_PCDEx_SetTxFiFo
                0x08003514      0x104 ./Drivers/STM32F4xx_HAL_Driver/Src/stm32f4xx_hal_pcd_ex.o
                0x08003514                HAL_PCDEx_SetTxFiFo
 .text.HAL_PCDEx_SetRxFiFo
                0x08003618        0x8 ./Drivers/STM32F4xx_HAL_Driver/Src/stm32f4xx_hal_pcd_ex.o
                0x08003618                HAL_PCDEx_SetRxFiFo
 .text.HAL_PCDEx_LPM_Callback
                0x08003620        0x4 ./Drivers/STM32F4xx_HAL_Driver/Src/stm32f4xx_hal_pcd_ex.o
                0x08003620                HAL_PCDEx_LPM_Callback
 .text.HAL_RCC_OscConfig
                0x08003624      0x3c4 ./Drivers/STM32F4xx_HAL_Driver/Src/stm32f4xx_hal_rcc.o
                0x08003624                HAL_RCC_OscConfig
 .text.HAL_RCC_GetSysClockFreq
                0x080039e8       0x4c ./Drivers/STM32F4xx_HAL_Driver/Src/stm32f4xx_hal_rcc.o
                0x080039e8                HAL_RCC_GetSysClockFreq
 .text.HAL_RCC_ClockConfig
                0x08003a34      0x13c ./Drivers/STM32F4xx_HAL_Driver/Src/stm32f4xx_hal_rcc.o
                0x08003a34                HAL_RCC_ClockConfig
 .text.HAL_RCC_GetHCLKFreq
                0x08003b70        0xc ./Drivers/STM32F4xx_HAL_Driver/Src/stm32f4xx_hal_rcc.o
                0x08003b70                HAL_RCC_GetHCLKFreq
 .text.HAL_RCC_GetPCLK1Freq
                0x08003b7c       0x20 ./Drivers/STM32F4xx_HAL_Driver/Src/stm32f4xx_hal_rcc.o
                0x08003b7c                HAL_RCC_GetPCLK1Freq
 .text.SPI_WaitFlagStateUntilTimeout
                0x08003b9c       0xd4 ./Drivers/STM32F4xx_HAL_Driver/Src/stm32f4xx_hal_spi.o
 .text.SPI_EndRxTxTransaction
                0x08003c70       0x88 ./Drivers/STM32F4xx_HAL_Driver/Src/stm32f4xx_hal_spi.o
 .text.HAL_SPI_Init
                0x08003cf8       0xc4 ./Drivers/STM32F4xx_HAL_Driver/Src/stm32f4xx_hal_spi.o
                0x08003cf8                HAL_SPI_Init
 .text.HAL_SPI_Transmit
                0x08003dbc      0x214 ./Drivers/STM32F4xx_HAL_Driver/Src/stm32f4xx_hal_spi.o
                0x08003dbc                HAL_SPI_Transmit
 .text.HAL_SPI_TransmitReceive
                0x08003fd0      0x250 ./Drivers/STM32F4xx_HAL_Driver/Src/stm32f4xx_hal_spi.o
                0x08003fd0                HAL_SPI_TransmitReceive
 .text.HAL_TIM_Base_Init
                0x08004220       0xf4 ./Drivers/STM32F4xx_HAL_Driver/Src/stm32f4xx_hal_tim.o
                0x08004220                HAL_TIM_Base_Init
 .text.HAL_TIM_Base_Start_IT
                0x08004314       0x64 ./Drivers/STM32F4xx_HAL_Driver/Src/stm32f4xx_hal_tim.o
                0x08004314                HAL_TIM_Base_Start_IT
 .text.HAL_TIM_OC_DelayElapsedCallback
                0x08004378        0x4 ./Drivers/STM32F4xx_HAL_Driver/Src/stm32f4xx_hal_tim.o
                0x08004378                HAL_TIM_OC_DelayElapsedCallback
 .text.HAL_TIM_IC_CaptureCallback
                0x0800437c        0x4 ./Drivers/STM32F4xx_HAL_Driver/Src/stm32f4xx_hal_tim.o
                0x0800437c                HAL_TIM_IC_CaptureCallback
 .text.HAL_TIM_PWM_PulseFinishedCallback
                0x08004380        0x4 ./Drivers/STM32F4xx_HAL_Driver/Src/stm32f4xx_hal_tim.o
                0x08004380                HAL_TIM_PWM_PulseFinishedCallback
 .text.HAL_TIM_TriggerCallback
                0x08004384        0x4 ./Drivers/STM32F4xx_HAL_Driver/Src/stm32f4xx_hal_tim.o
                0x08004384                HAL_TIM_TriggerCallback
 .text.HAL_TIM_IRQHandler
                0x08004388      0x138 ./Drivers/STM32F4xx_HAL_Driver/Src/stm32f4xx_hal_tim.o
                0x08004388                HAL_TIM_IRQHandler
 .text.HAL_TIMEx_CommutCallback
                0x080044c0        0x4 ./Drivers/STM32F4xx_HAL_Driver/Src/stm32f4xx_hal_tim_ex.o
                0x080044c0                HAL_TIMEx_CommutCallback
 .text.HAL_TIMEx_BreakCallback
                0x080044c4        0x4 ./Drivers/STM32F4xx_HAL_Driver/Src/stm32f4xx_hal_tim_ex.o
                0x080044c4                HAL_TIMEx_BreakCallback
 .text.USB_CoreInit
                0x080044c8      0x108 ./Drivers/STM32F4xx_HAL_Driver/Src/stm32f4xx_ll_usb.o
                0x080044c8                USB_CoreInit
 .text.USB_SetTurnaroundTime
                0x080045d0       0xf4 ./Drivers/STM32F4xx_HAL_Driver/Src/stm32f4xx_ll_usb.o
                0x080045d0                USB_SetTurnaroundTime
 .text.USB_EnableGlobalInt
                0x080046c4       0x10 ./Drivers/STM32F4xx_HAL_Driver/Src/stm32f4xx_ll_usb.o
                0x080046c4                USB_EnableGlobalInt
 .text.USB_DisableGlobalInt
                0x080046d4       0x10 ./Drivers/STM32F4xx_HAL_Driver/Src/stm32f4xx_ll_usb.o
                0x080046d4                USB_DisableGlobalInt
 .text.USB_SetCurrentMode
                0x080046e4       0x70 ./Drivers/STM32F4xx_HAL_Driver/Src/stm32f4xx_ll_usb.o
                0x080046e4                USB_SetCurrentMode
 .text.USB_DevInit
                0x08004754      0x258 ./Drivers/STM32F4xx_HAL_Driver/Src/stm32f4xx_ll_usb.o
                0x08004754                USB_DevInit
 .text.USB_FlushTxFifo
                0x080049ac       0x50 ./Drivers/STM32F4xx_HAL_Driver/Src/stm32f4xx_ll_usb.o
                0x080049ac                USB_FlushTxFifo
 .text.USB_GetDevSpeed
                0x080049fc       0x18 ./Drivers/STM32F4xx_HAL_Driver/Src/stm32f4xx_ll_usb.o
                0x080049fc                USB_GetDevSpeed
 .text.USB_ActivateEndpoint
                0x08004a14       0x90 ./Drivers/STM32F4xx_HAL_Driver/Src/stm32f4xx_ll_usb.o
                0x08004a14                USB_ActivateEndpoint
 .text.USB_DeactivateEndpoint
                0x08004aa4       0xc4 ./Drivers/STM32F4xx_HAL_Driver/Src/stm32f4xx_ll_usb.o
                0x08004aa4                USB_DeactivateEndpoint
 .text.USB_EPStartXfer
                0x08004b68      0x248 ./Drivers/STM32F4xx_HAL_Driver/Src/stm32f4xx_ll_usb.o
                0x08004b68                USB_EPStartXfer
 .text.USB_EPStopXfer
                0x08004db0       0x94 ./Drivers/STM32F4xx_HAL_Driver/Src/stm32f4xx_ll_usb.o
                0x08004db0                USB_EPStopXfer
 .text.USB_WritePacket
                0x08004e44       0x2c ./Drivers/STM32F4xx_HAL_Driver/Src/stm32f4xx_ll_usb.o
                0x08004e44                USB_WritePacket
 .text.USB_ReadPacket
                0x08004e70       0x4c ./Drivers/STM32F4xx_HAL_Driver/Src/stm32f4xx_ll_usb.o
                0x08004e70                USB_ReadPacket
 .text.USB_EPSetStall
                0x08004ebc       0x5c ./Drivers/STM32F4xx_HAL_Driver/Src/stm32f4xx_ll_usb.o
                0x08004ebc                USB_EPSetStall
 .text.USB_EPClearStall
                0x08004f18       0x58 ./Drivers/STM32F4xx_HAL_Driver/Src/stm32f4xx_ll_usb.o
                0x08004f18                USB_EPClearStall
 .text.USB_SetDevAddress
                0x08004f70       0x20 ./Drivers/STM32F4xx_HAL_Driver/Src/stm32f4xx_ll_usb.o
                0x08004f70                USB_SetDevAddress
 .text.USB_DevConnect
                0x08004f90       0x20 ./Drivers/STM32F4xx_HAL_Driver/Src/stm32f4xx_ll_usb.o
                0x08004f90                USB_DevConnect
 .text.USB_DevDisconnect
                0x08004fb0       0x20 ./Drivers/STM32F4xx_HAL_Driver/Src/stm32f4xx_ll_usb.o
                0x08004fb0                USB_DevDisconnect
 .text.USB_ReadInterrupts
                0x08004fd0        0x8 ./Drivers/STM32F4xx_HAL_Driver/Src/stm32f4xx_ll_usb.o
                0x08004fd0                USB_ReadInterrupts
 .text.USB_ReadDevAllOutEpInterrupt
                0x08004fd8       0x10 ./Drivers/STM32F4xx_HAL_Driver/Src/stm32f4xx_ll_usb.o
                0x08004fd8                USB_ReadDevAllOutEpInterrupt
 .text.USB_ReadDevAllInEpInterrupt
                0x08004fe8       0x10 ./Drivers/STM32F4xx_HAL_Driver/Src/stm32f4xx_ll_usb.o
                0x08004fe8                USB_ReadDevAllInEpInterrupt
 .text.USB_ReadDevOutEPInterrupt
                0x08004ff8       0x14 ./Drivers/STM32F4xx_HAL_Driver/Src/stm32f4xx_ll_usb.o
                0x08004ff8                USB_ReadDevOutEPInterrupt
 .text.USB_ReadDevInEPInterrupt
                0x0800500c       0x20 ./Drivers/STM32F4xx_HAL_Driver/Src/stm32f4xx_ll_usb.o
                0x0800500c                USB_ReadDevInEPInterrupt
 .text.USB_GetMode
                0x0800502c        0x8 ./Drivers/STM32F4xx_HAL_Driver/Src/stm32f4xx_ll_usb.o
                0x0800502c                USB_GetMode
 .text.USB_ActivateSetup
                0x08005034       0x24 ./Drivers/STM32F4xx_HAL_Driver/Src/stm32f4xx_ll_usb.o
                0x08005034                USB_ActivateSetup
 .text.USB_EP0_OutStart
                0x08005058       0x50 ./Drivers/STM32F4xx_HAL_Driver/Src/stm32f4xx_ll_usb.o
                0x08005058                USB_EP0_OutStart
 .text.ssd1306_UpdateScreen
                0x080050a8       0x98 ./Lib/Src/ssd1306.o
                0x080050a8                ssd1306_UpdateScreen
 .text.ssd1306_Init
                0x08005140      0x320 ./Lib/Src/ssd1306.o
                0x08005140                ssd1306_Init
 .text.ssd1306_WriteChar
                0x08005460      0x184 ./Lib/Src/ssd1306.o
                0x08005460                ssd1306_WriteChar
 .text.ssd1306_WriteString
                0x080055e4       0x38 ./Lib/Src/ssd1306.o
                0x080055e4                ssd1306_WriteString
 .text.ssd1306_SetCursor
                0x0800561c        0xc ./Lib/Src/ssd1306.o
                0x0800561c                ssd1306_SetCursor
 .text.USBD_CDC_EP0_RxReady
                0x08005628       0x38 ./Middlewares/ST/STM32_USB_Device_Library/Class/CDC/Src/usbd_cdc.o
 .text.USBD_CDC_GetDeviceQualifierDescriptor
                0x08005660        0xc ./Middlewares/ST/STM32_USB_Device_Library/Class/CDC/Src/usbd_cdc.o
                0x08005660                USBD_CDC_GetDeviceQualifierDescriptor
 .text.USBD_CDC_GetFSCfgDesc
                0x0800566c       0x48 ./Middlewares/ST/STM32_USB_Device_Library/Class/CDC/Src/usbd_cdc.o
 .text.USBD_CDC_GetHSCfgDesc
                0x080056b4       0x48 ./Middlewares/ST/STM32_USB_Device_Library/Class/CDC/Src/usbd_cdc.o
 .text.USBD_CDC_DataOut
                0x080056fc       0x38 ./Middlewares/ST/STM32_USB_Device_Library/Class/CDC/Src/usbd_cdc.o
 .text.USBD_CDC_DataIn
                0x08005734       0x6c ./Middlewares/ST/STM32_USB_Device_Library/Class/CDC/Src/usbd_cdc.o
 .text.USBD_CDC_Setup
                0x080057a0       0xfc ./Middlewares/ST/STM32_USB_Device_Library/Class/CDC/Src/usbd_cdc.o
 .text.USBD_CDC_DeInit
                0x0800589c       0x5c ./Middlewares/ST/STM32_USB_Device_Library/Class/CDC/Src/usbd_cdc.o
 .text.USBD_CDC_Init
                0x080058f8       0xd8 ./Middlewares/ST/STM32_USB_Device_Library/Class/CDC/Src/usbd_cdc.o
 .text.USBD_CDC_GetOtherSpeedCfgDesc
                0x080059d0       0x48 ./Middlewares/ST/STM32_USB_Device_Library/Class/CDC/Src/usbd_cdc.o
 .text.USBD_CDC_RegisterInterface
                0x08005a18       0x18 ./Middlewares/ST/STM32_USB_Device_Library/Class/CDC/Src/usbd_cdc.o
                0x08005a18                USBD_CDC_RegisterInterface
 .text.USBD_CDC_SetTxBuffer
                0x08005a30       0x1c ./Middlewares/ST/STM32_USB_Device_Library/Class/CDC/Src/usbd_cdc.o
                0x08005a30                USBD_CDC_SetTxBuffer
 .text.USBD_CDC_SetRxBuffer
                0x08005a4c       0x18 ./Middlewares/ST/STM32_USB_Device_Library/Class/CDC/Src/usbd_cdc.o
                0x08005a4c                USBD_CDC_SetRxBuffer
 .text.USBD_CDC_ReceivePacket
                0x08005a64       0x34 ./Middlewares/ST/STM32_USB_Device_Library/Class/CDC/Src/usbd_cdc.o
                0x08005a64                USBD_CDC_ReceivePacket
 .text.USBD_Init
                0x08005a98       0x28 ./Middlewares/ST/STM32_USB_Device_Library/Core/Src/usbd_core.o
                0x08005a98                USBD_Init
 .text.USBD_RegisterClass
                0x08005ac0       0x38 ./Middlewares/ST/STM32_USB_Device_Library/Core/Src/usbd_core.o
                0x08005ac0                USBD_RegisterClass
 .text.USBD_Start
                0x08005af8        0x4 ./Middlewares/ST/STM32_USB_Device_Library/Core/Src/usbd_core.o
                0x08005af8                USBD_Start
 .text.USBD_SetClassConfig
                0x08005afc       0x10 ./Middlewares/ST/STM32_USB_Device_Library/Core/Src/usbd_core.o
                0x08005afc                USBD_SetClassConfig
 .text.USBD_ClrClassConfig
                0x08005b0c       0x14 ./Middlewares/ST/STM32_USB_Device_Library/Core/Src/usbd_core.o
                0x08005b0c                USBD_ClrClassConfig
 .text.USBD_LL_SetupStage
                0x08005b20       0x60 ./Middlewares/ST/STM32_USB_Device_Library/Core/Src/usbd_core.o
                0x08005b20                USBD_LL_SetupStage
 .text.USBD_LL_DataOutStage
                0x08005b80       0x74 ./Middlewares/ST/STM32_USB_Device_Library/Core/Src/usbd_core.o
                0x08005b80                USBD_LL_DataOutStage
 .text.USBD_LL_DataInStage
                0x08005bf4       0xb4 ./Middlewares/ST/STM32_USB_Device_Library/Core/Src/usbd_core.o
                0x08005bf4                USBD_LL_DataInStage
 .text.USBD_LL_Reset
                0x08005ca8       0x5c ./Middlewares/ST/STM32_USB_Device_Library/Core/Src/usbd_core.o
                0x08005ca8                USBD_LL_Reset
 .text.USBD_LL_SetSpeed
                0x08005d04        0x8 ./Middlewares/ST/STM32_USB_Device_Library/Core/Src/usbd_core.o
                0x08005d04                USBD_LL_SetSpeed
 .text.USBD_LL_Suspend
                0x08005d0c       0x1c ./Middlewares/ST/STM32_USB_Device_Library/Core/Src/usbd_core.o
                0x08005d0c                USBD_LL_Suspend
 .text.USBD_LL_Resume
                0x08005d28       0x18 ./Middlewares/ST/STM32_USB_Device_Library/Core/Src/usbd_core.o
                0x08005d28                USBD_LL_Resume
 .text.USBD_LL_SOF
                0x08005d40       0x20 ./Middlewares/ST/STM32_USB_Device_Library/Core/Src/usbd_core.o
                0x08005d40                USBD_LL_SOF
 .text.USBD_LL_IsoINIncomplete
                0x08005d60       0x2c ./Middlewares/ST/STM32_USB_Device_Library/Core/Src/usbd_core.o
                0x08005d60                USBD_LL_IsoINIncomplete
 .text.USBD_LL_IsoOUTIncomplete
                0x08005d8c       0x2c ./Middlewares/ST/STM32_USB_Device_Library/Core/Src/usbd_core.o
                0x08005d8c                USBD_LL_IsoOUTIncomplete
 .text.USBD_LL_DevConnected
                0x08005db8        0x4 ./Middlewares/ST/STM32_USB_Device_Library/Core/Src/usbd_core.o
                0x08005db8                USBD_LL_DevConnected
 .text.USBD_LL_DevDisconnected
                0x08005dbc       0x24 ./Middlewares/ST/STM32_USB_Device_Library/Core/Src/usbd_core.o
                0x08005dbc                USBD_LL_DevDisconnected
 .text.USBD_CoreFindIF
                0x08005de0        0x4 ./Middlewares/ST/STM32_USB_Device_Library/Core/Src/usbd_core.o
                0x08005de0                USBD_CoreFindIF
 .text.USBD_CoreFindEP
                0x08005de4        0x4 ./Middlewares/ST/STM32_USB_Device_Library/Core/Src/usbd_core.o
                0x08005de4                USBD_CoreFindEP
 .text.USBD_GetEpDesc
                0x08005de8       0x2c ./Middlewares/ST/STM32_USB_Device_Library/Core/Src/usbd_core.o
                0x08005de8                USBD_GetEpDesc
 .text.USBD_StdDevReq
                0x08005e14      0x354 ./Middlewares/ST/STM32_USB_Device_Library/Core/Src/usbd_ctlreq.o
                0x08005e14                USBD_StdDevReq
 .text.USBD_StdItfReq
                0x08006168       0x78 ./Middlewares/ST/STM32_USB_Device_Library/Core/Src/usbd_ctlreq.o
                0x08006168                USBD_StdItfReq
 .text.USBD_StdEPReq
                0x080061e0      0x158 ./Middlewares/ST/STM32_USB_Device_Library/Core/Src/usbd_ctlreq.o
                0x080061e0                USBD_StdEPReq
 .text.USBD_ParseSetupRequest
                0x08006338       0x18 ./Middlewares/ST/STM32_USB_Device_Library/Core/Src/usbd_ctlreq.o
                0x08006338                USBD_ParseSetupRequest
 .text.USBD_CtlError
                0x08006350       0x18 ./Middlewares/ST/STM32_USB_Device_Library/Core/Src/usbd_ctlreq.o
                0x08006350                USBD_CtlError
 .text.USBD_GetString
                0x08006368       0x50 ./Middlewares/ST/STM32_USB_Device_Library/Core/Src/usbd_ctlreq.o
                0x08006368                USBD_GetString
 .text.USBD_CtlSendData
                0x080063b8       0x1c ./Middlewares/ST/STM32_USB_Device_Library/Core/Src/usbd_ioreq.o
                0x080063b8                USBD_CtlSendData
 .text.USBD_CtlContinueSendData
                0x080063d4       0x10 ./Middlewares/ST/STM32_USB_Device_Library/Core/Src/usbd_ioreq.o
                0x080063d4                USBD_CtlContinueSendData
 .text.USBD_CtlPrepareRx
                0x080063e4       0x1c ./Middlewares/ST/STM32_USB_Device_Library/Core/Src/usbd_ioreq.o
                0x080063e4                USBD_CtlPrepareRx
 .text.USBD_CtlContinueRx
                0x08006400       0x10 ./Middlewares/ST/STM32_USB_Device_Library/Core/Src/usbd_ioreq.o
                0x08006400                USBD_CtlContinueRx
 .text.USBD_CtlSendStatus
                0x08006410       0x18 ./Middlewares/ST/STM32_USB_Device_Library/Core/Src/usbd_ioreq.o
                0x08006410                USBD_CtlSendStatus
 .text.USBD_CtlReceiveStatus
                0x08006428       0x18 ./Middlewares/ST/STM32_USB_Device_Library/Core/Src/usbd_ioreq.o
                0x08006428                USBD_CtlReceiveStatus
 .text.MX_USB_DEVICE_Init
                0x08006440       0x74 ./USB_DEVICE/App/usb_device.o
                0x08006440                MX_USB_DEVICE_Init
 .text.CDC_DeInit_FS
                0x080064b4        0x4 ./USB_DEVICE/App/usbd_cdc_if.o
 .text.CDC_Control_FS
                0x080064b8        0x4 ./USB_DEVICE/App/usbd_cdc_if.o
 .text.CDC_TransmitCplt_FS
                0x080064bc        0x4 ./USB_DEVICE/App/usbd_cdc_if.o
 .text.CDC_Receive_FS
                0x080064c0       0x1c ./USB_DEVICE/App/usbd_cdc_if.o
 .text.CDC_Init_FS
                0x080064dc       0x28 ./USB_DEVICE/App/usbd_cdc_if.o
 .text.USBD_FS_DeviceDescriptor
                0x08006504        0xc ./USB_DEVICE/App/usbd_desc.o
                0x08006504                USBD_FS_DeviceDescriptor
 .text.USBD_FS_LangIDStrDescriptor
                0x08006510        0xc ./USB_DEVICE/App/usbd_desc.o
                0x08006510                USBD_FS_LangIDStrDescriptor
 .text.USBD_FS_ManufacturerStrDescriptor
                0x0800651c       0x1c ./USB_DEVICE/App/usbd_desc.o
                0x0800651c                USBD_FS_ManufacturerStrDescriptor
 .text.USBD_FS_ProductStrDescriptor
                0x08006538       0x1c ./USB_DEVICE/App/usbd_desc.o
                0x08006538                USBD_FS_ProductStrDescriptor
 .text.USBD_FS_ConfigStrDescriptor
                0x08006554       0x1c ./USB_DEVICE/App/usbd_desc.o
                0x08006554                USBD_FS_ConfigStrDescriptor
 .text.USBD_FS_InterfaceStrDescriptor
                0x08006570       0x1c ./USB_DEVICE/App/usbd_desc.o
                0x08006570                USBD_FS_InterfaceStrDescriptor
 .text.USBD_FS_SerialStrDescriptor
                0x0800658c        0xc ./USB_DEVICE/App/usbd_desc.o
                0x0800658c                USBD_FS_SerialStrDescriptor
 .text.HAL_PCD_MspInit
                0x08006598       0x98 ./USB_DEVICE/Target/usbd_conf.o
                0x08006598                HAL_PCD_MspInit
 .text.HAL_PCD_SetupStageCallback
                0x08006630        0xc ./USB_DEVICE/Target/usbd_conf.o
                0x08006630                HAL_PCD_SetupStageCallback
 .text.HAL_PCD_DataOutStageCallback
                0x0800663c       0x14 ./USB_DEVICE/Target/usbd_conf.o
                0x0800663c                HAL_PCD_DataOutStageCallback
 .text.HAL_PCD_DataInStageCallback
                0x08006650       0x14 ./USB_DEVICE/Target/usbd_conf.o
                0x08006650                HAL_PCD_DataInStageCallback
 .text.HAL_PCD_SOFCallback
                0x08006664        0x8 ./USB_DEVICE/Target/usbd_conf.o
                0x08006664                HAL_PCD_SOFCallback
 .text.HAL_PCD_ResetCallback
                0x0800666c       0x24 ./USB_DEVICE/Target/usbd_conf.o
                0x0800666c                HAL_PCD_ResetCallback
 .text.HAL_PCD_SuspendCallback
                0x08006690       0x30 ./USB_DEVICE/Target/usbd_conf.o
                0x08006690                HAL_PCD_SuspendCallback
 .text.HAL_PCD_ResumeCallback
                0x080066c0        0x8 ./USB_DEVICE/Target/usbd_conf.o
                0x080066c0                HAL_PCD_ResumeCallback
 .text.HAL_PCD_ISOOUTIncompleteCallback
                0x080066c8        0x8 ./USB_DEVICE/Target/usbd_conf.o
                0x080066c8                HAL_PCD_ISOOUTIncompleteCallback
 .text.HAL_PCD_ISOINIncompleteCallback
                0x080066d0        0x8 ./USB_DEVICE/Target/usbd_conf.o
                0x080066d0                HAL_PCD_ISOINIncompleteCallback
 .text.HAL_PCD_ConnectCallback
                0x080066d8        0x8 ./USB_DEVICE/Target/usbd_conf.o
                0x080066d8                HAL_PCD_ConnectCallback
 .text.HAL_PCD_DisconnectCallback
                0x080066e0        0x8 ./USB_DEVICE/Target/usbd_conf.o
                0x080066e0                HAL_PCD_DisconnectCallback
 .text.USBD_LL_Init
                0x080066e8       0x64 ./USB_DEVICE/Target/usbd_conf.o
                0x080066e8                USBD_LL_Init
 .text.USBD_LL_Start
                0x0800674c       0x18 ./USB_DEVICE/Target/usbd_conf.o
                0x0800674c                USBD_LL_Start
 .text.USBD_LL_OpenEP
                0x08006764       0x1c ./USB_DEVICE/Target/usbd_conf.o
                0x08006764                USBD_LL_OpenEP
 .text.USBD_LL_CloseEP
                0x08006780       0x18 ./USB_DEVICE/Target/usbd_conf.o
                0x08006780                USBD_LL_CloseEP
 .text.USBD_LL_StallEP
                0x08006798       0x18 ./USB_DEVICE/Target/usbd_conf.o
                0x08006798                USBD_LL_StallEP
 .text.USBD_LL_ClearStallEP
                0x080067b0       0x18 ./USB_DEVICE/Target/usbd_conf.o
                0x080067b0                USBD_LL_ClearStallEP
 .text.USBD_LL_IsStallEP
                0x080067c8       0x28 ./USB_DEVICE/Target/usbd_conf.o
                0x080067c8                USBD_LL_IsStallEP
 .text.USBD_LL_SetUSBAddress
                0x080067f0       0x18 ./USB_DEVICE/Target/usbd_conf.o
                0x080067f0                USBD_LL_SetUSBAddress
 .text.USBD_LL_Transmit
                0x08006808       0x18 ./USB_DEVICE/Target/usbd_conf.o
                0x08006808                USBD_LL_Transmit
 .text.USBD_LL_PrepareReceive
                0x08006820       0x18 ./USB_DEVICE/Target/usbd_conf.o
                0x08006820                USBD_LL_PrepareReceive
 .text.USBD_LL_GetRxDataSize
                0x08006838        0x8 ./USB_DEVICE/Target/usbd_conf.o
                0x08006838                USBD_LL_GetRxDataSize
 .text.USBD_static_malloc
                0x08006840        0x8 ./USB_DEVICE/Target/usbd_conf.o
                0x08006840                USBD_static_malloc
 .text.USBD_static_free
                0x08006848        0x4 ./USB_DEVICE/Target/usbd_conf.o
                0x08006848                USBD_static_free
 .text.sprintf  0x0800684c       0x40 /opt/st/stm32cubeide_1.15.0/plugins/com.st.stm32cube.ide.mcu.externaltools.gnu-tools-for-stm32.12.3.rel1.linux64_1.0.100.202403111256/tools/bin/../lib/gcc/arm-none-eabi/12.3.1/../../../../arm-none-eabi/lib/thumb/v7e-m+fp/hard/libc_nano.a(libc_a-sprintf.o)
                0x0800684c                sprintf
                0x0800684c                siprintf
 .text.memset   0x0800688c       0x10 /opt/st/stm32cubeide_1.15.0/plugins/com.st.stm32cube.ide.mcu.externaltools.gnu-tools-for-stm32.12.3.rel1.linux64_1.0.100.202403111256/tools/bin/../lib/gcc/arm-none-eabi/12.3.1/../../../../arm-none-eabi/lib/thumb/v7e-m+fp/hard/libc_nano.a(libc_a-memset.o)
                0x0800688c                memset
 .text.__errno  0x0800689c        0xc /opt/st/stm32cubeide_1.15.0/plugins/com.st.stm32cube.ide.mcu.externaltools.gnu-tools-for-stm32.12.3.rel1.linux64_1.0.100.202403111256/tools/bin/../lib/gcc/arm-none-eabi/12.3.1/../../../../arm-none-eabi/lib/thumb/v7e-m+fp/hard/libc_nano.a(libc_a-errno.o)
                0x0800689c                __errno
 .text.__libc_init_array
                0x080068a8       0x48 /opt/st/stm32cubeide_1.15.0/plugins/com.st.stm32cube.ide.mcu.externaltools.gnu-tools-for-stm32.12.3.rel1.linux64_1.0.100.202403111256/tools/bin/../lib/gcc/arm-none-eabi/12.3.1/../../../../arm-none-eabi/lib/thumb/v7e-m+fp/hard/libc_nano.a(libc_a-init.o)
                0x080068a8                __libc_init_array
 .text.__retarget_lock_acquire_recursive
                0x080068f0        0x2 /opt/st/stm32cubeide_1.15.0/plugins/com.st.stm32cube.ide.mcu.externaltools.gnu-tools-for-stm32.12.3.rel1.linux64_1.0.100.202403111256/tools/bin/../lib/gcc/arm-none-eabi/12.3.1/../../../../arm-none-eabi/lib/thumb/v7e-m+fp/hard/libc_nano.a(libc_a-lock.o)
                0x080068f0                __retarget_lock_acquire_recursive
 .text.__retarget_lock_release_recursive
                0x080068f2        0x2 /opt/st/stm32cubeide_1.15.0/plugins/com.st.stm32cube.ide.mcu.externaltools.gnu-tools-for-stm32.12.3.rel1.linux64_1.0.100.202403111256/tools/bin/../lib/gcc/arm-none-eabi/12.3.1/../../../../arm-none-eabi/lib/thumb/v7e-m+fp/hard/libc_nano.a(libc_a-lock.o)
                0x080068f2                __retarget_lock_release_recursive
 .text.memcpy   0x080068f4       0x1c /opt/st/stm32cubeide_1.15.0/plugins/com.st.stm32cube.ide.mcu.externaltools.gnu-tools-for-stm32.12.3.rel1.linux64_1.0.100.202403111256/tools/bin/../lib/gcc/arm-none-eabi/12.3.1/../../../../arm-none-eabi/lib/thumb/v7e-m+fp/hard/libc_nano.a(libc_a-memcpy-stub.o)
                0x080068f4                memcpy
 .text._free_r  0x08006910       0x94 /opt/st/stm32cubeide_1.15.0/plugins/com.st.stm32cube.ide.mcu.externaltools.gnu-tools-for-stm32.12.3.rel1.linux64_1.0.100.202403111256/tools/bin/../lib/gcc/arm-none-eabi/12.3.1/../../../../arm-none-eabi/lib/thumb/v7e-m+fp/hard/libc_nano.a(libc_a-freer.o)
                0x08006910                _free_r
 .text.sbrk_aligned
                0x080069a4       0x44 /opt/st/stm32cubeide_1.15.0/plugins/com.st.stm32cube.ide.mcu.externaltools.gnu-tools-for-stm32.12.3.rel1.linux64_1.0.100.202403111256/tools/bin/../lib/gcc/arm-none-eabi/12.3.1/../../../../arm-none-eabi/lib/thumb/v7e-m+fp/hard/libc_nano.a(libc_a-mallocr.o)
 .text._malloc_r
                0x080069e8      0x100 /opt/st/stm32cubeide_1.15.0/plugins/com.st.stm32cube.ide.mcu.externaltools.gnu-tools-for-stm32.12.3.rel1.linux64_1.0.100.202403111256/tools/bin/../lib/gcc/arm-none-eabi/12.3.1/../../../../arm-none-eabi/lib/thumb/v7e-m+fp/hard/libc_nano.a(libc_a-mallocr.o)
                0x080069e8                _malloc_r
 .text.__malloc_lock
                0x08006ae8        0xc /opt/st/stm32cubeide_1.15.0/plugins/com.st.stm32cube.ide.mcu.externaltools.gnu-tools-for-stm32.12.3.rel1.linux64_1.0.100.202403111256/tools/bin/../lib/gcc/arm-none-eabi/12.3.1/../../../../arm-none-eabi/lib/thumb/v7e-m+fp/hard/libc_nano.a(libc_a-mlock.o)
                0x08006ae8                __malloc_lock
 .text.__malloc_unlock
                0x08006af4        0xc /opt/st/stm32cubeide_1.15.0/plugins/com.st.stm32cube.ide.mcu.externaltools.gnu-tools-for-stm32.12.3.rel1.linux64_1.0.100.202403111256/tools/bin/../lib/gcc/arm-none-eabi/12.3.1/../../../../arm-none-eabi/lib/thumb/v7e-m+fp/hard/libc_nano.a(libc_a-mlock.o)
                0x08006af4                __malloc_unlock
 .text.__ssputs_r
                0x08006b00       0xb6 /opt/st/stm32cubeide_1.15.0/plugins/com.st.stm32cube.ide.mcu.externaltools.gnu-tools-for-stm32.12.3.rel1.linux64_1.0.100.202403111256/tools/bin/../lib/gcc/arm-none-eabi/12.3.1/../../../../arm-none-eabi/lib/thumb/v7e-m+fp/hard/libc_nano.a(libc_a-nano-svfprintf.o)
                0x08006b00                __ssputs_r
 *fill*         0x08006bb6        0x2 
 .text._svfprintf_r
                0x08006bb8      0x1f8 /opt/st/stm32cubeide_1.15.0/plugins/com.st.stm32cube.ide.mcu.externaltools.gnu-tools-for-stm32.12.3.rel1.linux64_1.0.100.202403111256/tools/bin/../lib/gcc/arm-none-eabi/12.3.1/../../../../arm-none-eabi/lib/thumb/v7e-m+fp/hard/libc_nano.a(libc_a-nano-svfprintf.o)
                0x08006bb8                _svfprintf_r
                0x08006bb8                _svfiprintf_r
 .text._printf_common
                0x08006db0       0xda /opt/st/stm32cubeide_1.15.0/plugins/com.st.stm32cube.ide.mcu.externaltools.gnu-tools-for-stm32.12.3.rel1.linux64_1.0.100.202403111256/tools/bin/../lib/gcc/arm-none-eabi/12.3.1/../../../../arm-none-eabi/lib/thumb/v7e-m+fp/hard/libc_nano.a(libc_a-nano-vfprintf_i.o)
                0x08006db0                _printf_common
 *fill*         0x08006e8a        0x2 
 .text._printf_i
                0x08006e8c      0x240 /opt/st/stm32cubeide_1.15.0/plugins/com.st.stm32cube.ide.mcu.externaltools.gnu-tools-for-stm32.12.3.rel1.linux64_1.0.100.202403111256/tools/bin/../lib/gcc/arm-none-eabi/12.3.1/../../../../arm-none-eabi/lib/thumb/v7e-m+fp/hard/libc_nano.a(libc_a-nano-vfprintf_i.o)
                0x08006e8c                _printf_i
 .text.memmove  0x080070cc       0x34 /opt/st/stm32cubeide_1.15.0/plugins/com.st.stm32cube.ide.mcu.externaltools.gnu-tools-for-stm32.12.3.rel1.linux64_1.0.100.202403111256/tools/bin/../lib/gcc/arm-none-eabi/12.3.1/../../../../arm-none-eabi/lib/thumb/v7e-m+fp/hard/libc_nano.a(libc_a-memmove.o)
                0x080070cc                memmove
 .text._sbrk_r  0x08007100       0x20 /opt/st/stm32cubeide_1.15.0/plugins/com.st.stm32cube.ide.mcu.externaltools.gnu-tools-for-stm32.12.3.rel1.linux64_1.0.100.202403111256/tools/bin/../lib/gcc/arm-none-eabi/12.3.1/../../../../arm-none-eabi/lib/thumb/v7e-m+fp/hard/libc_nano.a(libc_a-sbrkr.o)
                0x08007100                _sbrk_r
 .text._realloc_r
                0x08007120       0x5c /opt/st/stm32cubeide_1.15.0/plugins/com.st.stm32cube.ide.mcu.externaltools.gnu-tools-for-stm32.12.3.rel1.linux64_1.0.100.202403111256/tools/bin/../lib/gcc/arm-none-eabi/12.3.1/../../../../arm-none-eabi/lib/thumb/v7e-m+fp/hard/libc_nano.a(libc_a-reallocr.o)
                0x08007120                _realloc_r
 .text._malloc_usable_size_r
                0x0800717c       0x10 /opt/st/stm32cubeide_1.15.0/plugins/com.st.stm32cube.ide.mcu.externaltools.gnu-tools-for-stm32.12.3.rel1.linux64_1.0.100.202403111256/tools/bin/../lib/gcc/arm-none-eabi/12.3.1/../../../../arm-none-eabi/lib/thumb/v7e-m+fp/hard/libc_nano.a(libc_a-msizer.o)
                0x0800717c                _malloc_usable_size_r
 *(.glue_7)
 .glue_7        0x0800718c        0x0 linker stubs
 *(.glue_7t)
 .glue_7t       0x0800718c        0x0 linker stubs
 *(.eh_frame)
 .eh_frame      0x0800718c        0x0 /opt/st/stm32cubeide_1.15.0/plugins/com.st.stm32cube.ide.mcu.externaltools.gnu-tools-for-stm32.12.3.rel1.linux64_1.0.100.202403111256/tools/bin/../lib/gcc/arm-none-eabi/12.3.1/thumb/v7e-m+fp/hard/crtbegin.o
 *(.init)
 .init          0x0800718c        0x4 /opt/st/stm32cubeide_1.15.0/plugins/com.st.stm32cube.ide.mcu.externaltools.gnu-tools-for-stm32.12.3.rel1.linux64_1.0.100.202403111256/tools/bin/../lib/gcc/arm-none-eabi/12.3.1/thumb/v7e-m+fp/hard/crti.o
                0x0800718c                _init
 .init          0x08007190        0x8 /opt/st/stm32cubeide_1.15.0/plugins/com.st.stm32cube.ide.mcu.externaltools.gnu-tools-for-stm32.12.3.rel1.linux64_1.0.100.202403111256/tools/bin/../lib/gcc/arm-none-eabi/12.3.1/thumb/v7e-m+fp/hard/crtn.o
 *(.fini)
 .fini          0x08007198        0x4 /opt/st/stm32cubeide_1.15.0/plugins/com.st.stm32cube.ide.mcu.externaltools.gnu-tools-for-stm32.12.3.rel1.linux64_1.0.100.202403111256/tools/bin/../lib/gcc/arm-none-eabi/12.3.1/thumb/v7e-m+fp/hard/crti.o
                0x08007198                _fini
 .fini          0x0800719c        0x8 /opt/st/stm32cubeide_1.15.0/plugins/com.st.stm32cube.ide.mcu.externaltools.gnu-tools-for-stm32.12.3.rel1.linux64_1.0.100.202403111256/tools/bin/../lib/gcc/arm-none-eabi/12.3.1/thumb/v7e-m+fp/hard/crtn.o
                0x080071a4                        . = ALIGN (0x4)
                0x080071a4                        _etext = .

.vfp11_veneer   0x080071a4        0x0
 .vfp11_veneer  0x080071a4        0x0 linker stubs

.v4_bx          0x080071a4        0x0
 .v4_bx         0x080071a4        0x0 linker stubs

.iplt           0x080071a4        0x0
 .iplt          0x080071a4        0x0 /opt/st/stm32cubeide_1.15.0/plugins/com.st.stm32cube.ide.mcu.externaltools.gnu-tools-for-stm32.12.3.rel1.linux64_1.0.100.202403111256/tools/bin/../lib/gcc/arm-none-eabi/12.3.1/thumb/v7e-m+fp/hard/crtbegin.o

.rodata         0x080071a4      0x8b8
                0x080071a4                        . = ALIGN (0x4)
 *(.rodata)
 *(.rodata*)
 .rodata.Control_Loop.str1.4
                0x080071a4       0x10 ./Application/Src/control.o
 .rodata.bpins  0x080071b4        0x2 ./Application/Src/encoder.o
 *fill*         0x080071b6        0x2 
 .rodata.apins  0x080071b8        0x2 ./Application/Src/encoder.o
 *fill*         0x080071ba        0x2 
 .rodata.output_pins
                0x080071bc        0xc ./Application/Src/gpio.o
 .rodata.output_ports
                0x080071c8       0x18 ./Application/Src/gpio.o
 .rodata.input_pins
                0x080071e0       0x24 ./Application/Src/gpio.o
 .rodata.input_ports
                0x08007204       0x48 ./Application/Src/gpio.o
 .rodata.NRF24_Init_TX.str1.4
                0x0800724c        0x6 ./Application/Src/nrf24.o
 *fill*         0x08007252        0x2 
 .rodata.APBPrescTable
                0x08007254        0x8 ./Core/Src/system_stm32f4xx.o
                0x08007254                APBPrescTable
 .rodata.AHBPrescTable
                0x0800725c       0x10 ./Core/Src/system_stm32f4xx.o
                0x0800725c                AHBPrescTable
 .rodata.flagBitshiftOffset.0
                0x0800726c        0x8 ./Drivers/STM32F4xx_HAL_Driver/Src/stm32f4xx_hal_dma.o
 .rodata.Font7x10
                0x08007274      0x76c ./Lib/Src/ssd1306_fonts.o
 .rodata.USBD_FS_ManufacturerStrDescriptor.str1.4
                0x080079e0       0x13 ./USB_DEVICE/App/usbd_desc.o
 *fill*         0x080079f3        0x1 
 .rodata.USBD_FS_ProductStrDescriptor.str1.4
                0x080079f4       0x16 ./USB_DEVICE/App/usbd_desc.o
 *fill*         0x08007a0a        0x2 
 .rodata.USBD_FS_ConfigStrDescriptor.str1.4
                0x08007a0c        0xb ./USB_DEVICE/App/usbd_desc.o
 *fill*         0x08007a17        0x1 
 .rodata.USBD_FS_InterfaceStrDescriptor.str1.4
                0x08007a18        0xe ./USB_DEVICE/App/usbd_desc.o
 .rodata._svfprintf_r.str1.1
                0x08007a26       0x11 /opt/st/stm32cubeide_1.15.0/plugins/com.st.stm32cube.ide.mcu.externaltools.gnu-tools-for-stm32.12.3.rel1.linux64_1.0.100.202403111256/tools/bin/../lib/gcc/arm-none-eabi/12.3.1/../../../../arm-none-eabi/lib/thumb/v7e-m+fp/hard/libc_nano.a(libc_a-nano-svfprintf.o)
 .rodata._printf_i.str1.1
                0x08007a37       0x22 /opt/st/stm32cubeide_1.15.0/plugins/com.st.stm32cube.ide.mcu.externaltools.gnu-tools-for-stm32.12.3.rel1.linux64_1.0.100.202403111256/tools/bin/../lib/gcc/arm-none-eabi/12.3.1/../../../../arm-none-eabi/lib/thumb/v7e-m+fp/hard/libc_nano.a(libc_a-nano-vfprintf_i.o)
                0x08007a5c                        . = ALIGN (0x4)
 *fill*         0x08007a59        0x3 

.ARM.extab      0x08007a5c        0x0
                0x08007a5c                        . = ALIGN (0x4)
 *(.ARM.extab* .gnu.linkonce.armextab.*)
                0x08007a5c                        . = ALIGN (0x4)

.ARM            0x08007a5c        0x8
                0x08007a5c                        . = ALIGN (0x4)
                0x08007a5c                        __exidx_start = .
 *(.ARM.exidx*)
 .ARM.exidx     0x08007a5c        0x8 /opt/st/stm32cubeide_1.15.0/plugins/com.st.stm32cube.ide.mcu.externaltools.gnu-tools-for-stm32.12.3.rel1.linux64_1.0.100.202403111256/tools/bin/../lib/gcc/arm-none-eabi/12.3.1/../../../../arm-none-eabi/lib/thumb/v7e-m+fp/hard/libc_nano.a(libc_a-strlen.o)
 .ARM.exidx     0x08007a64        0x0 /opt/st/stm32cubeide_1.15.0/plugins/com.st.stm32cube.ide.mcu.externaltools.gnu-tools-for-stm32.12.3.rel1.linux64_1.0.100.202403111256/tools/bin/../lib/gcc/arm-none-eabi/12.3.1/../../../../arm-none-eabi/lib/thumb/v7e-m+fp/hard/libc_nano.a(libc_a-memchr.o)
                                  0x8 (size before relaxing)
 .ARM.exidx     0x08007a64        0x0 /opt/st/stm32cubeide_1.15.0/plugins/com.st.stm32cube.ide.mcu.externaltools.gnu-tools-for-stm32.12.3.rel1.linux64_1.0.100.202403111256/tools/bin/../lib/gcc/arm-none-eabi/12.3.1/thumb/v7e-m+fp/hard/libgcc.a(_udivmoddi4.o)
                                  0x8 (size before relaxing)
                0x08007a64                        __exidx_end = .
                0x08007a64                        . = ALIGN (0x4)

.preinit_array  0x08007a64        0x0
                0x08007a64                        . = ALIGN (0x4)
                0x08007a64                        PROVIDE (__preinit_array_start = .)
 *(.preinit_array*)
                0x08007a64                        PROVIDE (__preinit_array_end = .)
                0x08007a64                        . = ALIGN (0x4)

.init_array     0x08007a64        0x4
                0x08007a64                        . = ALIGN (0x4)
                0x08007a64                        PROVIDE (__init_array_start = .)
 *(SORT_BY_NAME(.init_array.*))
 *(.init_array*)
 .init_array    0x08007a64        0x4 /opt/st/stm32cubeide_1.15.0/plugins/com.st.stm32cube.ide.mcu.externaltools.gnu-tools-for-stm32.12.3.rel1.linux64_1.0.100.202403111256/tools/bin/../lib/gcc/arm-none-eabi/12.3.1/thumb/v7e-m+fp/hard/crtbegin.o
                0x08007a68                        PROVIDE (__init_array_end = .)
                0x08007a68                        . = ALIGN (0x4)

.fini_array     0x08007a68        0x4
                0x08007a68                        . = ALIGN (0x4)
                [!provide]                        PROVIDE (__fini_array_start = .)
 *(SORT_BY_NAME(.fini_array.*))
 *(.fini_array*)
 .fini_array    0x08007a68        0x4 /opt/st/stm32cubeide_1.15.0/plugins/com.st.stm32cube.ide.mcu.externaltools.gnu-tools-for-stm32.12.3.rel1.linux64_1.0.100.202403111256/tools/bin/../lib/gcc/arm-none-eabi/12.3.1/thumb/v7e-m+fp/hard/crtbegin.o
                [!provide]                        PROVIDE (__fini_array_end = .)
                0x08007a6c                        . = ALIGN (0x4)
                0x08007a6c                        _sidata = LOADADDR (.data)

.rel.dyn        0x08007a6c        0x0
 .rel.iplt      0x08007a6c        0x0 /opt/st/stm32cubeide_1.15.0/plugins/com.st.stm32cube.ide.mcu.externaltools.gnu-tools-for-stm32.12.3.rel1.linux64_1.0.100.202403111256/tools/bin/../lib/gcc/arm-none-eabi/12.3.1/thumb/v7e-m+fp/hard/crtbegin.o

.data           0x20000000      0x150 load address 0x08007a6c
                0x20000000                        . = ALIGN (0x4)
                0x20000000                        _sdata = .
 *(.data)
 *(.data*)
 .data.SystemCoreClock
                0x20000000        0x4 ./Core/Src/system_stm32f4xx.o
                0x20000000                SystemCoreClock
 .data.uwTickFreq
                0x20000004        0x1 ./Drivers/STM32F4xx_HAL_Driver/Src/stm32f4xx_hal.o
                0x20000004                uwTickFreq
 *fill*         0x20000005        0x3 
 .data.uwTickPrio
                0x20000008        0x4 ./Drivers/STM32F4xx_HAL_Driver/Src/stm32f4xx_hal.o
                0x20000008                uwTickPrio
 .data.Font_7x10
                0x2000000c        0x8 ./Lib/Src/ssd1306_fonts.o
                0x2000000c                Font_7x10
 .data.USBD_CDC_CfgDesc
                0x20000014       0x43 ./Middlewares/ST/STM32_USB_Device_Library/Class/CDC/Src/usbd_cdc.o
 *fill*         0x20000057        0x1 
 .data.USBD_CDC
                0x20000058       0x38 ./Middlewares/ST/STM32_USB_Device_Library/Class/CDC/Src/usbd_cdc.o
                0x20000058                USBD_CDC
 .data.USBD_CDC_DeviceQualifierDesc
                0x20000090        0xa ./Middlewares/ST/STM32_USB_Device_Library/Class/CDC/Src/usbd_cdc.o
 *fill*         0x2000009a        0x2 
 .data.USBD_Interface_fops_FS
                0x2000009c       0x14 ./USB_DEVICE/App/usbd_cdc_if.o
                0x2000009c                USBD_Interface_fops_FS
 .data.USBD_StringSerial
                0x200000b0       0x1a ./USB_DEVICE/App/usbd_desc.o
                0x200000b0                USBD_StringSerial
 *fill*         0x200000ca        0x2 
 .data.USBD_LangIDDesc
                0x200000cc        0x4 ./USB_DEVICE/App/usbd_desc.o
                0x200000cc                USBD_LangIDDesc
 .data.USBD_FS_DeviceDesc
                0x200000d0       0x12 ./USB_DEVICE/App/usbd_desc.o
                0x200000d0                USBD_FS_DeviceDesc
 *fill*         0x200000e2        0x2 
 .data.FS_Desc  0x200000e4       0x1c ./USB_DEVICE/App/usbd_desc.o
                0x200000e4                FS_Desc
 .data._impure_ptr
                0x20000100        0x4 /opt/st/stm32cubeide_1.15.0/plugins/com.st.stm32cube.ide.mcu.externaltools.gnu-tools-for-stm32.12.3.rel1.linux64_1.0.100.202403111256/tools/bin/../lib/gcc/arm-none-eabi/12.3.1/../../../../arm-none-eabi/lib/thumb/v7e-m+fp/hard/libc_nano.a(libc_a-impure.o)
                0x20000100                _impure_ptr
 .data._impure_data
                0x20000104       0x4c /opt/st/stm32cubeide_1.15.0/plugins/com.st.stm32cube.ide.mcu.externaltools.gnu-tools-for-stm32.12.3.rel1.linux64_1.0.100.202403111256/tools/bin/../lib/gcc/arm-none-eabi/12.3.1/../../../../arm-none-eabi/lib/thumb/v7e-m+fp/hard/libc_nano.a(libc_a-impure.o)
                0x20000104                _impure_data
 *(.RamFunc)
 *(.RamFunc*)
                0x20000150                        . = ALIGN (0x4)
                0x20000150                        _edata = .

.igot.plt       0x20000150        0x0 load address 0x08007bbc
 .igot.plt      0x20000150        0x0 /opt/st/stm32cubeide_1.15.0/plugins/com.st.stm32cube.ide.mcu.externaltools.gnu-tools-for-stm32.12.3.rel1.linux64_1.0.100.202403111256/tools/bin/../lib/gcc/arm-none-eabi/12.3.1/thumb/v7e-m+fp/hard/crtbegin.o
                0x20000150                        . = ALIGN (0x4)

.bss            0x20000150     0x1984 load address 0x08007bbc
                0x20000150                        _sbss = .
                0x20000150                        __bss_start__ = _sbss
 *(.bss)
 .bss           0x20000150       0x1c /opt/st/stm32cubeide_1.15.0/plugins/com.st.stm32cube.ide.mcu.externaltools.gnu-tools-for-stm32.12.3.rel1.linux64_1.0.100.202403111256/tools/bin/../lib/gcc/arm-none-eabi/12.3.1/thumb/v7e-m+fp/hard/crtbegin.o
 *(.bss*)
 .bss.values    0x2000016c        0xa ./Application/Src/analog.o
 .bss.count     0x20000176        0x1 ./Application/Src/control.o
 *fill*         0x20000177        0x1 
 .bss.bstate    0x20000178        0x2 ./Application/Src/encoder.o
 *fill*         0x2000017a        0x2 
 .bss.astate    0x2000017c        0x2 ./Application/Src/encoder.o
 *fill*         0x2000017e        0x2 
 .bss.rotation  0x20000180        0x8 ./Application/Src/encoder.o
 .bss.pressed   0x20000188       0x12 ./Application/Src/input.o
 *fill*         0x2000019a        0x2 
 .bss.state     0x2000019c       0x12 ./Application/Src/input.o
 .bss.status    0x200001ae        0x1 ./Application/Src/nrf24.o
 *fill*         0x200001af        0x1 
 .bss.htim11    0x200001b0       0x48 ./Core/Src/main.o
                0x200001b0                htim11
 .bss.htim10    0x200001f8       0x48 ./Core/Src/main.o
                0x200001f8                htim10
 .bss.hspi1     0x20000240       0x58 ./Core/Src/main.o
                0x20000240                hspi1
 .bss.hi2c1     0x20000298       0x54 ./Core/Src/main.o
                0x20000298                hi2c1
 .bss.hdma_adc1
                0x200002ec       0x60 ./Core/Src/main.o
                0x200002ec                hdma_adc1
 *fill*         0x2000034c        0x4 
 .bss.hadc1     0x20000350       0x48 ./Core/Src/main.o
                0x20000350                hadc1
 .bss.__sbrk_heap_end
                0x20000398        0x4 ./Core/Src/sysmem.o
 .bss.uwTick    0x2000039c        0x4 ./Drivers/STM32F4xx_HAL_Driver/Src/stm32f4xx_hal.o
                0x2000039c                uwTick
 .bss.SSD1306   0x200003a0        0x6 ./Lib/Src/ssd1306.o
 *fill*         0x200003a6        0x2 
 .bss.SSD1306_Buffer
                0x200003a8      0x200 ./Lib/Src/ssd1306.o
 .bss.cfgidx.0  0x200005a8        0x1 ./Middlewares/ST/STM32_USB_Device_Library/Core/Src/usbd_ctlreq.o
 *fill*         0x200005a9        0x3 
 .bss.hUsbDeviceFS
                0x200005ac      0x2dc ./USB_DEVICE/App/usb_device.o
                0x200005ac                hUsbDeviceFS
 .bss.UserTxBufferFS
                0x20000888      0x400 ./USB_DEVICE/App/usbd_cdc_if.o
                0x20000888                UserTxBufferFS
 .bss.UserRxBufferFS
                0x20000c88      0x400 ./USB_DEVICE/App/usbd_cdc_if.o
                0x20000c88                UserRxBufferFS
 .bss.USBD_StrDesc
                0x20001088      0x200 ./USB_DEVICE/App/usbd_desc.o
                0x20001088                USBD_StrDesc
 .bss.mem.0     0x20001288      0x220 ./USB_DEVICE/Target/usbd_conf.o
 .bss.hpcd_USB_OTG_FS
                0x200014a8      0x4e4 ./USB_DEVICE/Target/usbd_conf.o
                0x200014a8                hpcd_USB_OTG_FS
 .bss.__sf      0x2000198c      0x138 /opt/st/stm32cubeide_1.15.0/plugins/com.st.stm32cube.ide.mcu.externaltools.gnu-tools-for-stm32.12.3.rel1.linux64_1.0.100.202403111256/tools/bin/../lib/gcc/arm-none-eabi/12.3.1/../../../../arm-none-eabi/lib/thumb/v7e-m+fp/hard/libc_nano.a(libc_a-findfp.o)
                0x2000198c                __sf
 .bss.errno     0x20001ac4        0x4 /opt/st/stm32cubeide_1.15.0/plugins/com.st.stm32cube.ide.mcu.externaltools.gnu-tools-for-stm32.12.3.rel1.linux64_1.0.100.202403111256/tools/bin/../lib/gcc/arm-none-eabi/12.3.1/../../../../arm-none-eabi/lib/thumb/v7e-m+fp/hard/libc_nano.a(libc_a-reent.o)
                0x20001ac4                errno
 .bss.__lock___malloc_recursive_mutex
                0x20001ac8        0x1 /opt/st/stm32cubeide_1.15.0/plugins/com.st.stm32cube.ide.mcu.externaltools.gnu-tools-for-stm32.12.3.rel1.linux64_1.0.100.202403111256/tools/bin/../lib/gcc/arm-none-eabi/12.3.1/../../../../arm-none-eabi/lib/thumb/v7e-m+fp/hard/libc_nano.a(libc_a-lock.o)
                0x20001ac8                __lock___malloc_recursive_mutex
 *fill*         0x20001ac9        0x3 
 .bss.__malloc_sbrk_start
                0x20001acc        0x4 /opt/st/stm32cubeide_1.15.0/plugins/com.st.stm32cube.ide.mcu.externaltools.gnu-tools-for-stm32.12.3.rel1.linux64_1.0.100.202403111256/tools/bin/../lib/gcc/arm-none-eabi/12.3.1/../../../../arm-none-eabi/lib/thumb/v7e-m+fp/hard/libc_nano.a(libc_a-mallocr.o)
                0x20001acc                __malloc_sbrk_start
 .bss.__malloc_free_list
                0x20001ad0        0x4 /opt/st/stm32cubeide_1.15.0/plugins/com.st.stm32cube.ide.mcu.externaltools.gnu-tools-for-stm32.12.3.rel1.linux64_1.0.100.202403111256/tools/bin/../lib/gcc/arm-none-eabi/12.3.1/../../../../arm-none-eabi/lib/thumb/v7e-m+fp/hard/libc_nano.a(libc_a-mallocr.o)
                0x20001ad0                __malloc_free_list
 *(COMMON)
                0x20001ad4                        . = ALIGN (0x4)
                0x20001ad4                        _ebss = .
                0x20001ad4                        __bss_end__ = _ebss

._user_heap_stack
                0x20001ad4      0x604 load address 0x08007bbc
                0x20001ad8                        . = ALIGN (0x8)
 *fill*         0x20001ad4        0x4 
                [!provide]                        PROVIDE (end = .)
                0x20001ad8                        PROVIDE (_end = .)
                0x20001cd8                        . = (. + _Min_Heap_Size)
 *fill*         0x20001ad8      0x200 
                0x200020d8                        . = (. + _Min_Stack_Size)
 *fill*         0x20001cd8      0x400 
                0x200020d8                        . = ALIGN (0x8)

/DISCARD/
 libc.a(*)
 libm.a(*)
 libgcc.a(*)

.ARM.attributes
                0x00000000       0x30
 *(.ARM.attributes)
 .ARM.attributes
                0x00000000       0x22 /opt/st/stm32cubeide_1.15.0/plugins/com.st.stm32cube.ide.mcu.externaltools.gnu-tools-for-stm32.12.3.rel1.linux64_1.0.100.202403111256/tools/bin/../lib/gcc/arm-none-eabi/12.3.1/thumb/v7e-m+fp/hard/crti.o
 .ARM.attributes
                0x00000022       0x34 /opt/st/stm32cubeide_1.15.0/plugins/com.st.stm32cube.ide.mcu.externaltools.gnu-tools-for-stm32.12.3.rel1.linux64_1.0.100.202403111256/tools/bin/../lib/gcc/arm-none-eabi/12.3.1/thumb/v7e-m+fp/hard/crtbegin.o
 .ARM.attributes
                0x00000056       0x30 ./Application/Src/analog.o
 .ARM.attributes
                0x00000086       0x30 ./Application/Src/control.o
 .ARM.attributes
                0x000000b6       0x30 ./Application/Src/encoder.o
 .ARM.attributes
                0x000000e6       0x30 ./Application/Src/gpio.o
 .ARM.attributes
                0x00000116       0x30 ./Application/Src/input.o
 .ARM.attributes
                0x00000146       0x30 ./Application/Src/nrf24.o
 .ARM.attributes
                0x00000176       0x30 ./Application/Src/timing.o
 .ARM.attributes
                0x000001a6       0x30 ./Core/Src/main.o
 .ARM.attributes
                0x000001d6       0x30 ./Core/Src/stm32f4xx_hal_msp.o
 .ARM.attributes
                0x00000206       0x30 ./Core/Src/stm32f4xx_it.o
 .ARM.attributes
                0x00000236       0x30 ./Core/Src/sysmem.o
 .ARM.attributes
                0x00000266       0x30 ./Core/Src/system_stm32f4xx.o
 .ARM.attributes
                0x00000296       0x21 ./Core/Startup/startup_stm32f401rctx.o
 .ARM.attributes
                0x000002b7       0x30 ./Drivers/STM32F4xx_HAL_Driver/Src/stm32f4xx_hal.o
 .ARM.attributes
                0x000002e7       0x30 ./Drivers/STM32F4xx_HAL_Driver/Src/stm32f4xx_hal_adc.o
 .ARM.attributes
                0x00000317       0x30 ./Drivers/STM32F4xx_HAL_Driver/Src/stm32f4xx_hal_cortex.o
 .ARM.attributes
                0x00000347       0x30 ./Drivers/STM32F4xx_HAL_Driver/Src/stm32f4xx_hal_dma.o
 .ARM.attributes
                0x00000377       0x30 ./Drivers/STM32F4xx_HAL_Driver/Src/stm32f4xx_hal_gpio.o
 .ARM.attributes
                0x000003a7       0x30 ./Drivers/STM32F4xx_HAL_Driver/Src/stm32f4xx_hal_i2c.o
 .ARM.attributes
                0x000003d7       0x30 ./Drivers/STM32F4xx_HAL_Driver/Src/stm32f4xx_hal_pcd.o
 .ARM.attributes
                0x00000407       0x30 ./Drivers/STM32F4xx_HAL_Driver/Src/stm32f4xx_hal_pcd_ex.o
 .ARM.attributes
                0x00000437       0x30 ./Drivers/STM32F4xx_HAL_Driver/Src/stm32f4xx_hal_rcc.o
 .ARM.attributes
                0x00000467       0x30 ./Drivers/STM32F4xx_HAL_Driver/Src/stm32f4xx_hal_spi.o
 .ARM.attributes
                0x00000497       0x30 ./Drivers/STM32F4xx_HAL_Driver/Src/stm32f4xx_hal_tim.o
 .ARM.attributes
                0x000004c7       0x30 ./Drivers/STM32F4xx_HAL_Driver/Src/stm32f4xx_hal_tim_ex.o
 .ARM.attributes
                0x000004f7       0x30 ./Drivers/STM32F4xx_HAL_Driver/Src/stm32f4xx_ll_usb.o
 .ARM.attributes
                0x00000527       0x30 ./Lib/Src/ssd1306.o
 .ARM.attributes
                0x00000557       0x30 ./Lib/Src/ssd1306_fonts.o
 .ARM.attributes
                0x00000587       0x30 ./Middlewares/ST/STM32_USB_Device_Library/Class/CDC/Src/usbd_cdc.o
 .ARM.attributes
                0x000005b7       0x30 ./Middlewares/ST/STM32_USB_Device_Library/Core/Src/usbd_core.o
 .ARM.attributes
                0x000005e7       0x30 ./Middlewares/ST/STM32_USB_Device_Library/Core/Src/usbd_ctlreq.o
 .ARM.attributes
                0x00000617       0x30 ./Middlewares/ST/STM32_USB_Device_Library/Core/Src/usbd_ioreq.o
 .ARM.attributes
                0x00000647       0x30 ./USB_DEVICE/App/usb_device.o
 .ARM.attributes
                0x00000677       0x30 ./USB_DEVICE/App/usbd_cdc_if.o
 .ARM.attributes
                0x000006a7       0x30 ./USB_DEVICE/App/usbd_desc.o
 .ARM.attributes
                0x000006d7       0x30 ./USB_DEVICE/Target/usbd_conf.o
 .ARM.attributes
                0x00000707       0x34 /opt/st/stm32cubeide_1.15.0/plugins/com.st.stm32cube.ide.mcu.externaltools.gnu-tools-for-stm32.12.3.rel1.linux64_1.0.100.202403111256/tools/bin/../lib/gcc/arm-none-eabi/12.3.1/../../../../arm-none-eabi/lib/thumb/v7e-m+fp/hard/libc_nano.a(libc_a-findfp.o)
 .ARM.attributes
                0x0000073b       0x34 /opt/st/stm32cubeide_1.15.0/plugins/com.st.stm32cube.ide.mcu.externaltools.gnu-tools-for-stm32.12.3.rel1.linux64_1.0.100.202403111256/tools/bin/../lib/gcc/arm-none-eabi/12.3.1/../../../../arm-none-eabi/lib/thumb/v7e-m+fp/hard/libc_nano.a(libc_a-sprintf.o)
 .ARM.attributes
                0x0000076f       0x34 /opt/st/stm32cubeide_1.15.0/plugins/com.st.stm32cube.ide.mcu.externaltools.gnu-tools-for-stm32.12.3.rel1.linux64_1.0.100.202403111256/tools/bin/../lib/gcc/arm-none-eabi/12.3.1/../../../../arm-none-eabi/lib/thumb/v7e-m+fp/hard/libc_nano.a(libc_a-memset.o)
 .ARM.attributes
                0x000007a3       0x34 /opt/st/stm32cubeide_1.15.0/plugins/com.st.stm32cube.ide.mcu.externaltools.gnu-tools-for-stm32.12.3.rel1.linux64_1.0.100.202403111256/tools/bin/../lib/gcc/arm-none-eabi/12.3.1/../../../../arm-none-eabi/lib/thumb/v7e-m+fp/hard/libc_nano.a(libc_a-reent.o)
 .ARM.attributes
                0x000007d7       0x34 /opt/st/stm32cubeide_1.15.0/plugins/com.st.stm32cube.ide.mcu.externaltools.gnu-tools-for-stm32.12.3.rel1.linux64_1.0.100.202403111256/tools/bin/../lib/gcc/arm-none-eabi/12.3.1/../../../../arm-none-eabi/lib/thumb/v7e-m+fp/hard/libc_nano.a(libc_a-impure.o)
 .ARM.attributes
                0x0000080b       0x34 /opt/st/stm32cubeide_1.15.0/plugins/com.st.stm32cube.ide.mcu.externaltools.gnu-tools-for-stm32.12.3.rel1.linux64_1.0.100.202403111256/tools/bin/../lib/gcc/arm-none-eabi/12.3.1/../../../../arm-none-eabi/lib/thumb/v7e-m+fp/hard/libc_nano.a(libc_a-errno.o)
 .ARM.attributes
                0x0000083f       0x34 /opt/st/stm32cubeide_1.15.0/plugins/com.st.stm32cube.ide.mcu.externaltools.gnu-tools-for-stm32.12.3.rel1.linux64_1.0.100.202403111256/tools/bin/../lib/gcc/arm-none-eabi/12.3.1/../../../../arm-none-eabi/lib/thumb/v7e-m+fp/hard/libc_nano.a(libc_a-init.o)
 .ARM.attributes
                0x00000873       0x34 /opt/st/stm32cubeide_1.15.0/plugins/com.st.stm32cube.ide.mcu.externaltools.gnu-tools-for-stm32.12.3.rel1.linux64_1.0.100.202403111256/tools/bin/../lib/gcc/arm-none-eabi/12.3.1/../../../../arm-none-eabi/lib/thumb/v7e-m+fp/hard/libc_nano.a(libc_a-lock.o)
 .ARM.attributes
                0x000008a7       0x34 /opt/st/stm32cubeide_1.15.0/plugins/com.st.stm32cube.ide.mcu.externaltools.gnu-tools-for-stm32.12.3.rel1.linux64_1.0.100.202403111256/tools/bin/../lib/gcc/arm-none-eabi/12.3.1/../../../../arm-none-eabi/lib/thumb/v7e-m+fp/hard/libc_nano.a(libc_a-memcpy-stub.o)
 .ARM.attributes
                0x000008db       0x17 /opt/st/stm32cubeide_1.15.0/plugins/com.st.stm32cube.ide.mcu.externaltools.gnu-tools-for-stm32.12.3.rel1.linux64_1.0.100.202403111256/tools/bin/../lib/gcc/arm-none-eabi/12.3.1/../../../../arm-none-eabi/lib/thumb/v7e-m+fp/hard/libc_nano.a(libc_a-strlen.o)
 .ARM.attributes
                0x000008f2       0x34 /opt/st/stm32cubeide_1.15.0/plugins/com.st.stm32cube.ide.mcu.externaltools.gnu-tools-for-stm32.12.3.rel1.linux64_1.0.100.202403111256/tools/bin/../lib/gcc/arm-none-eabi/12.3.1/../../../../arm-none-eabi/lib/thumb/v7e-m+fp/hard/libc_nano.a(libc_a-freer.o)
 .ARM.attributes
                0x00000926       0x34 /opt/st/stm32cubeide_1.15.0/plugins/com.st.stm32cube.ide.mcu.externaltools.gnu-tools-for-stm32.12.3.rel1.linux64_1.0.100.202403111256/tools/bin/../lib/gcc/arm-none-eabi/12.3.1/../../../../arm-none-eabi/lib/thumb/v7e-m+fp/hard/libc_nano.a(libc_a-mallocr.o)
 .ARM.attributes
                0x0000095a       0x34 /opt/st/stm32cubeide_1.15.0/plugins/com.st.stm32cube.ide.mcu.externaltools.gnu-tools-for-stm32.12.3.rel1.linux64_1.0.100.202403111256/tools/bin/../lib/gcc/arm-none-eabi/12.3.1/../../../../arm-none-eabi/lib/thumb/v7e-m+fp/hard/libc_nano.a(libc_a-mlock.o)
 .ARM.attributes
                0x0000098e       0x34 /opt/st/stm32cubeide_1.15.0/plugins/com.st.stm32cube.ide.mcu.externaltools.gnu-tools-for-stm32.12.3.rel1.linux64_1.0.100.202403111256/tools/bin/../lib/gcc/arm-none-eabi/12.3.1/../../../../arm-none-eabi/lib/thumb/v7e-m+fp/hard/libc_nano.a(libc_a-nano-svfprintf.o)
 .ARM.attributes
                0x000009c2       0x34 /opt/st/stm32cubeide_1.15.0/plugins/com.st.stm32cube.ide.mcu.externaltools.gnu-tools-for-stm32.12.3.rel1.linux64_1.0.100.202403111256/tools/bin/../lib/gcc/arm-none-eabi/12.3.1/../../../../arm-none-eabi/lib/thumb/v7e-m+fp/hard/libc_nano.a(libc_a-nano-vfprintf_i.o)
 .ARM.attributes
                0x000009f6       0x34 /opt/st/stm32cubeide_1.15.0/plugins/com.st.stm32cube.ide.mcu.externaltools.gnu-tools-for-stm32.12.3.rel1.linux64_1.0.100.202403111256/tools/bin/../lib/gcc/arm-none-eabi/12.3.1/../../../../arm-none-eabi/lib/thumb/v7e-m+fp/hard/libc_nano.a(libc_a-memmove.o)
 .ARM.attributes
                0x00000a2a       0x34 /opt/st/stm32cubeide_1.15.0/plugins/com.st.stm32cube.ide.mcu.externaltools.gnu-tools-for-stm32.12.3.rel1.linux64_1.0.100.202403111256/tools/bin/../lib/gcc/arm-none-eabi/12.3.1/../../../../arm-none-eabi/lib/thumb/v7e-m+fp/hard/libc_nano.a(libc_a-sbrkr.o)
 .ARM.attributes
                0x00000a5e       0x1c /opt/st/stm32cubeide_1.15.0/plugins/com.st.stm32cube.ide.mcu.externaltools.gnu-tools-for-stm32.12.3.rel1.linux64_1.0.100.202403111256/tools/bin/../lib/gcc/arm-none-eabi/12.3.1/../../../../arm-none-eabi/lib/thumb/v7e-m+fp/hard/libc_nano.a(libc_a-memchr.o)
 .ARM.attributes
                0x00000a7a       0x34 /opt/st/stm32cubeide_1.15.0/plugins/com.st.stm32cube.ide.mcu.externaltools.gnu-tools-for-stm32.12.3.rel1.linux64_1.0.100.202403111256/tools/bin/../lib/gcc/arm-none-eabi/12.3.1/../../../../arm-none-eabi/lib/thumb/v7e-m+fp/hard/libc_nano.a(libc_a-reallocr.o)
 .ARM.attributes
                0x00000aae       0x34 /opt/st/stm32cubeide_1.15.0/plugins/com.st.stm32cube.ide.mcu.externaltools.gnu-tools-for-stm32.12.3.rel1.linux64_1.0.100.202403111256/tools/bin/../lib/gcc/arm-none-eabi/12.3.1/../../../../arm-none-eabi/lib/thumb/v7e-m+fp/hard/libc_nano.a(libc_a-msizer.o)
 .ARM.attributes
                0x00000ae2       0x22 /opt/st/stm32cubeide_1.15.0/plugins/com.st.stm32cube.ide.mcu.externaltools.gnu-tools-for-stm32.12.3.rel1.linux64_1.0.100.202403111256/tools/bin/../lib/gcc/arm-none-eabi/12.3.1/thumb/v7e-m+fp/hard/libgcc.a(_aeabi_uldivmod.o)
 .ARM.attributes
                0x00000b04       0x34 /opt/st/stm32cubeide_1.15.0/plugins/com.st.stm32cube.ide.mcu.externaltools.gnu-tools-for-stm32.12.3.rel1.linux64_1.0.100.202403111256/tools/bin/../lib/gcc/arm-none-eabi/12.3.1/thumb/v7e-m+fp/hard/libgcc.a(_udivmoddi4.o)
 .ARM.attributes
                0x00000b38       0x22 /opt/st/stm32cubeide_1.15.0/plugins/com.st.stm32cube.ide.mcu.externaltools.gnu-tools-for-stm32.12.3.rel1.linux64_1.0.100.202403111256/tools/bin/../lib/gcc/arm-none-eabi/12.3.1/thumb/v7e-m+fp/hard/libgcc.a(_dvmd_tls.o)
 .ARM.attributes
                0x00000b5a       0x22 /opt/st/stm32cubeide_1.15.0/plugins/com.st.stm32cube.ide.mcu.externaltools.gnu-tools-for-stm32.12.3.rel1.linux64_1.0.100.202403111256/tools/bin/../lib/gcc/arm-none-eabi/12.3.1/thumb/v7e-m+fp/hard/crtn.o
OUTPUT(BoatController.elf elf32-littlearm)
LOAD linker stubs
LOAD /opt/st/stm32cubeide_1.15.0/plugins/com.st.stm32cube.ide.mcu.externaltools.gnu-tools-for-stm32.12.3.rel1.linux64_1.0.100.202403111256/tools/bin/../lib/gcc/arm-none-eabi/12.3.1/../../../../arm-none-eabi/lib/thumb/v7e-m+fp/hard/libc.a
LOAD /opt/st/stm32cubeide_1.15.0/plugins/com.st.stm32cube.ide.mcu.externaltools.gnu-tools-for-stm32.12.3.rel1.linux64_1.0.100.202403111256/tools/bin/../lib/gcc/arm-none-eabi/12.3.1/../../../../arm-none-eabi/lib/thumb/v7e-m+fp/hard/libm.a
LOAD /opt/st/stm32cubeide_1.15.0/plugins/com.st.stm32cube.ide.mcu.externaltools.gnu-tools-for-stm32.12.3.rel1.linux64_1.0.100.202403111256/tools/bin/../lib/gcc/arm-none-eabi/12.3.1/thumb/v7e-m+fp/hard/libgcc.a

.debug_info     0x00000000    0x28389
 .debug_info    0x00000000      0x6fc ./Application/Src/analog.o
 .debug_info    0x000006fc      0x62a ./Application/Src/control.o
 .debug_info    0x00000d26      0x326 ./Application/Src/encoder.o
 .debug_info    0x0000104c      0x36d ./Application/Src/gpio.o
 .debug_info    0x000013b9      0x223 ./Application/Src/input.o
 .debug_info    0x000015dc     0x1d00 ./Application/Src/nrf24.o
 .debug_info    0x000032dc      0x6de ./Application/Src/timing.o
 .debug_info    0x000039ba     0x1d77 ./Core/Src/main.o
 .debug_info    0x00005731     0x1710 ./Core/Src/stm32f4xx_hal_msp.o
 .debug_info    0x00006e41      0xc3f ./Core/Src/stm32f4xx_it.o
 .debug_info    0x00007a80      0x186 ./Core/Src/sysmem.o
 .debug_info    0x00007c06      0x557 ./Core/Src/system_stm32f4xx.o
 .debug_info    0x0000815d       0x30 ./Core/Startup/startup_stm32f401rctx.o
 .debug_info    0x0000818d      0x993 ./Drivers/STM32F4xx_HAL_Driver/Src/stm32f4xx_hal.o
 .debug_info    0x00008b20      0xe5f ./Drivers/STM32F4xx_HAL_Driver/Src/stm32f4xx_hal_adc.o
 .debug_info    0x0000997f      0xf5c ./Drivers/STM32F4xx_HAL_Driver/Src/stm32f4xx_hal_cortex.o
 .debug_info    0x0000a8db      0xb21 ./Drivers/STM32F4xx_HAL_Driver/Src/stm32f4xx_hal_dma.o
 .debug_info    0x0000b3fc      0x742 ./Drivers/STM32F4xx_HAL_Driver/Src/stm32f4xx_hal_gpio.o
 .debug_info    0x0000bb3e     0x3df1 ./Drivers/STM32F4xx_HAL_Driver/Src/stm32f4xx_hal_i2c.o
 .debug_info    0x0000f92f     0x1e83 ./Drivers/STM32F4xx_HAL_Driver/Src/stm32f4xx_hal_pcd.o
 .debug_info    0x000117b2      0x70b ./Drivers/STM32F4xx_HAL_Driver/Src/stm32f4xx_hal_pcd_ex.o
 .debug_info    0x00011ebd      0xb0e ./Drivers/STM32F4xx_HAL_Driver/Src/stm32f4xx_hal_rcc.o
 .debug_info    0x000129cb     0x224d ./Drivers/STM32F4xx_HAL_Driver/Src/stm32f4xx_hal_spi.o
 .debug_info    0x00014c18     0x4e29 ./Drivers/STM32F4xx_HAL_Driver/Src/stm32f4xx_hal_tim.o
 .debug_info    0x00019a41     0x1bd8 ./Drivers/STM32F4xx_HAL_Driver/Src/stm32f4xx_hal_tim_ex.o
 .debug_info    0x0001b619     0x226d ./Drivers/STM32F4xx_HAL_Driver/Src/stm32f4xx_ll_usb.o
 .debug_info    0x0001d886     0x2d3e ./Lib/Src/ssd1306.o
 .debug_info    0x000205c4      0x126 ./Lib/Src/ssd1306_fonts.o
 .debug_info    0x000206ea     0x16a1 ./Middlewares/ST/STM32_USB_Device_Library/Class/CDC/Src/usbd_cdc.o
 .debug_info    0x00021d8b     0x11d1 ./Middlewares/ST/STM32_USB_Device_Library/Core/Src/usbd_core.o
 .debug_info    0x00022f5c     0x1294 ./Middlewares/ST/STM32_USB_Device_Library/Core/Src/usbd_ctlreq.o
 .debug_info    0x000241f0      0x886 ./Middlewares/ST/STM32_USB_Device_Library/Core/Src/usbd_ioreq.o
 .debug_info    0x00024a76      0x7cc ./USB_DEVICE/App/usb_device.o
 .debug_info    0x00025242      0x99a ./USB_DEVICE/App/usbd_cdc_if.o
 .debug_info    0x00025bdc      0x5bf ./USB_DEVICE/App/usbd_desc.o
 .debug_info    0x0002619b     0x21ee ./USB_DEVICE/Target/usbd_conf.o

.debug_abbrev   0x00000000     0x5f5b
 .debug_abbrev  0x00000000      0x1b6 ./Application/Src/analog.o
 .debug_abbrev  0x000001b6      0x248 ./Application/Src/control.o
 .debug_abbrev  0x000003fe      0x17e ./Application/Src/encoder.o
 .debug_abbrev  0x0000057c      0x18f ./Application/Src/gpio.o
 .debug_abbrev  0x0000070b      0x132 ./Application/Src/input.o
 .debug_abbrev  0x0000083d      0x2b7 ./Application/Src/nrf24.o
 .debug_abbrev  0x00000af4      0x1d1 ./Application/Src/timing.o
 .debug_abbrev  0x00000cc5      0x34b ./Core/Src/main.o
 .debug_abbrev  0x00001010      0x2b3 ./Core/Src/stm32f4xx_hal_msp.o
 .debug_abbrev  0x000012c3      0x22b ./Core/Src/stm32f4xx_it.o
 .debug_abbrev  0x000014ee       0xdc ./Core/Src/sysmem.o
 .debug_abbrev  0x000015ca      0x120 ./Core/Src/system_stm32f4xx.o
 .debug_abbrev  0x000016ea       0x24 ./Core/Startup/startup_stm32f401rctx.o
 .debug_abbrev  0x0000170e      0x2bc ./Drivers/STM32F4xx_HAL_Driver/Src/stm32f4xx_hal.o
 .debug_abbrev  0x000019ca      0x2ae ./Drivers/STM32F4xx_HAL_Driver/Src/stm32f4xx_hal_adc.o
 .debug_abbrev  0x00001c78      0x393 ./Drivers/STM32F4xx_HAL_Driver/Src/stm32f4xx_hal_cortex.o
 .debug_abbrev  0x0000200b      0x2f4 ./Drivers/STM32F4xx_HAL_Driver/Src/stm32f4xx_hal_dma.o
 .debug_abbrev  0x000022ff      0x214 ./Drivers/STM32F4xx_HAL_Driver/Src/stm32f4xx_hal_gpio.o
 .debug_abbrev  0x00002513      0x45b ./Drivers/STM32F4xx_HAL_Driver/Src/stm32f4xx_hal_i2c.o
 .debug_abbrev  0x0000296e      0x3c5 ./Drivers/STM32F4xx_HAL_Driver/Src/stm32f4xx_hal_pcd.o
 .debug_abbrev  0x00002d33      0x1fa ./Drivers/STM32F4xx_HAL_Driver/Src/stm32f4xx_hal_pcd_ex.o
 .debug_abbrev  0x00002f2d      0x34a ./Drivers/STM32F4xx_HAL_Driver/Src/stm32f4xx_hal_rcc.o
 .debug_abbrev  0x00003277      0x3e4 ./Drivers/STM32F4xx_HAL_Driver/Src/stm32f4xx_hal_spi.o
 .debug_abbrev  0x0000365b      0x3a5 ./Drivers/STM32F4xx_HAL_Driver/Src/stm32f4xx_hal_tim.o
 .debug_abbrev  0x00003a00      0x3a1 ./Drivers/STM32F4xx_HAL_Driver/Src/stm32f4xx_hal_tim_ex.o
 .debug_abbrev  0x00003da1      0x43c ./Drivers/STM32F4xx_HAL_Driver/Src/stm32f4xx_ll_usb.o
 .debug_abbrev  0x000041dd      0x560 ./Lib/Src/ssd1306.o
 .debug_abbrev  0x0000473d       0xad ./Lib/Src/ssd1306_fonts.o
 .debug_abbrev  0x000047ea      0x39f ./Middlewares/ST/STM32_USB_Device_Library/Class/CDC/Src/usbd_cdc.o
 .debug_abbrev  0x00004b89      0x3a8 ./Middlewares/ST/STM32_USB_Device_Library/Core/Src/usbd_core.o
 .debug_abbrev  0x00004f31      0x3e4 ./Middlewares/ST/STM32_USB_Device_Library/Core/Src/usbd_ctlreq.o
 .debug_abbrev  0x00005315      0x1be ./Middlewares/ST/STM32_USB_Device_Library/Core/Src/usbd_ioreq.o
 .debug_abbrev  0x000054d3      0x1be ./USB_DEVICE/App/usb_device.o
 .debug_abbrev  0x00005691      0x2da ./USB_DEVICE/App/usbd_cdc_if.o
 .debug_abbrev  0x0000596b      0x240 ./USB_DEVICE/App/usbd_desc.o
 .debug_abbrev  0x00005bab      0x3b0 ./USB_DEVICE/Target/usbd_conf.o

.debug_loclists
                0x00000000    0x13767
 .debug_loclists
                0x00000000       0x3a ./Application/Src/analog.o
 .debug_loclists
                0x0000003a       0xec ./Application/Src/control.o
 .debug_loclists
                0x00000126       0xc2 ./Application/Src/encoder.o
 .debug_loclists
                0x000001e8       0x51 ./Application/Src/gpio.o
 .debug_loclists
                0x00000239       0x6e ./Application/Src/input.o
 .debug_loclists
                0x000002a7      0x7d3 ./Application/Src/nrf24.o
 .debug_loclists
                0x00000a7a       0x38 ./Application/Src/timing.o
 .debug_loclists
                0x00000ab2       0xeb ./Core/Src/stm32f4xx_hal_msp.o
 .debug_loclists
                0x00000b9d       0x4e ./Core/Src/sysmem.o
 .debug_loclists
                0x00000beb       0xcf ./Core/Src/system_stm32f4xx.o
 .debug_loclists
                0x00000cba       0xe2 ./Drivers/STM32F4xx_HAL_Driver/Src/stm32f4xx_hal.o
 .debug_loclists
                0x00000d9c      0x694 ./Drivers/STM32F4xx_HAL_Driver/Src/stm32f4xx_hal_adc.o
 .debug_loclists
                0x00001430      0x4d3 ./Drivers/STM32F4xx_HAL_Driver/Src/stm32f4xx_hal_cortex.o
 .debug_loclists
                0x00001903      0x63f ./Drivers/STM32F4xx_HAL_Driver/Src/stm32f4xx_hal_dma.o
 .debug_loclists
                0x00001f42      0x389 ./Drivers/STM32F4xx_HAL_Driver/Src/stm32f4xx_hal_gpio.o
 .debug_loclists
                0x000022cb     0x2f22 ./Drivers/STM32F4xx_HAL_Driver/Src/stm32f4xx_hal_i2c.o
 .debug_loclists
                0x000051ed     0x1a35 ./Drivers/STM32F4xx_HAL_Driver/Src/stm32f4xx_hal_pcd.o
 .debug_loclists
                0x00006c22      0x124 ./Drivers/STM32F4xx_HAL_Driver/Src/stm32f4xx_hal_pcd_ex.o
 .debug_loclists
                0x00006d46      0x342 ./Drivers/STM32F4xx_HAL_Driver/Src/stm32f4xx_hal_rcc.o
 .debug_loclists
                0x00007088     0x1637 ./Drivers/STM32F4xx_HAL_Driver/Src/stm32f4xx_hal_spi.o
 .debug_loclists
                0x000086bf     0x4743 ./Drivers/STM32F4xx_HAL_Driver/Src/stm32f4xx_hal_tim.o
 .debug_loclists
                0x0000ce02      0xfa5 ./Drivers/STM32F4xx_HAL_Driver/Src/stm32f4xx_hal_tim_ex.o
 .debug_loclists
                0x0000dda7     0x1c6b ./Drivers/STM32F4xx_HAL_Driver/Src/stm32f4xx_ll_usb.o
 .debug_loclists
                0x0000fa12     0x1a02 ./Lib/Src/ssd1306.o
 .debug_loclists
                0x00011414      0x4f9 ./Middlewares/ST/STM32_USB_Device_Library/Class/CDC/Src/usbd_cdc.o
 .debug_loclists
                0x0001190d      0x7e8 ./Middlewares/ST/STM32_USB_Device_Library/Core/Src/usbd_core.o
 .debug_loclists
                0x000120f5      0x9e3 ./Middlewares/ST/STM32_USB_Device_Library/Core/Src/usbd_ctlreq.o
 .debug_loclists
                0x00012ad8      0x1b4 ./Middlewares/ST/STM32_USB_Device_Library/Core/Src/usbd_ioreq.o
 .debug_loclists
                0x00012c8c       0xcb ./USB_DEVICE/App/usbd_cdc_if.o
 .debug_loclists
                0x00012d57      0x1a3 ./USB_DEVICE/App/usbd_desc.o
 .debug_loclists
                0x00012efa      0x86d ./USB_DEVICE/Target/usbd_conf.o

.debug_aranges  0x00000000     0x1720
 .debug_aranges
                0x00000000       0x30 ./Application/Src/analog.o
 .debug_aranges