Archive member included to satisfy reference by file (symbol)

/opt/st/stm32cubeide_1.15.0/plugins/com.st.stm32cube.ide.mcu.externaltools.gnu-tools-for-stm32.12.3.rel1.linux64_1.0.100.202403111256/tools/bin/../lib/gcc/arm-none-eabi/12.3.1/../../../../arm-none-eabi/lib/thumb/v7e-m+fp/hard/libc_nano.a(libc_a-exit.o)
                              /opt/st/stm32cubeide_1.15.0/plugins/com.st.stm32cube.ide.mcu.externaltools.gnu-tools-for-stm32.12.3.rel1.linux64_1.0.100.202403111256/tools/bin/../lib/gcc/arm-none-eabi/12.3.1/../../../../arm-none-eabi/lib/thumb/v7e-m+fp/hard/crt0.o (exit)
/opt/st/stm32cubeide_1.15.0/plugins/com.st.stm32cube.ide.mcu.externaltools.gnu-tools-for-stm32.12.3.rel1.linux64_1.0.100.202403111256/tools/bin/../lib/gcc/arm-none-eabi/12.3.1/../../../../arm-none-eabi/lib/thumb/v7e-m+fp/hard/libc_nano.a(libc_a-findfp.o)
                              /opt/st/stm32cubeide_1.15.0/plugins/com.st.stm32cube.ide.mcu.externaltools.gnu-tools-for-stm32.12.3.rel1.linux64_1.0.100.202403111256/tools/bin/../lib/gcc/arm-none-eabi/12.3.1/../../../../arm-none-eabi/lib/thumb/v7e-m+fp/hard/libc_nano.a(libc_a-exit.o) (__stdio_exit_handler)
/opt/st/stm32cubeide_1.15.0/plugins/com.st.stm32cube.ide.mcu.externaltools.gnu-tools-for-stm32.12.3.rel1.linux64_1.0.100.202403111256/tools/bin/../lib/gcc/arm-none-eabi/12.3.1/../../../../arm-none-eabi/lib/thumb/v7e-m+fp/hard/libc_nano.a(libc_a-fwalk.o)
                              /opt/st/stm32cubeide_1.15.0/plugins/com.st.stm32cube.ide.mcu.externaltools.gnu-tools-for-stm32.12.3.rel1.linux64_1.0.100.202403111256/tools/bin/../lib/gcc/arm-none-eabi/12.3.1/../../../../arm-none-eabi/lib/thumb/v7e-m+fp/hard/libc_nano.a(libc_a-findfp.o) (_fwalk_sglue)
/opt/st/stm32cubeide_1.15.0/plugins/com.st.stm32cube.ide.mcu.externaltools.gnu-tools-for-stm32.12.3.rel1.linux64_1.0.100.202403111256/tools/bin/../lib/gcc/arm-none-eabi/12.3.1/../../../../arm-none-eabi/lib/thumb/v7e-m+fp/hard/libc_nano.a(libc_a-stdio.o)
                              /opt/st/stm32cubeide_1.15.0/plugins/com.st.stm32cube.ide.mcu.externaltools.gnu-tools-for-stm32.12.3.rel1.linux64_1.0.100.202403111256/tools/bin/../lib/gcc/arm-none-eabi/12.3.1/../../../../arm-none-eabi/lib/thumb/v7e-m+fp/hard/libc_nano.a(libc_a-findfp.o) (__sread)
/opt/st/stm32cubeide_1.15.0/plugins/com.st.stm32cube.ide.mcu.externaltools.gnu-tools-for-stm32.12.3.rel1.linux64_1.0.100.202403111256/tools/bin/../lib/gcc/arm-none-eabi/12.3.1/../../../../arm-none-eabi/lib/thumb/v7e-m+fp/hard/libc_nano.a(libc_a-memset.o)
                              /opt/st/stm32cubeide_1.15.0/plugins/com.st.stm32cube.ide.mcu.externaltools.gnu-tools-for-stm32.12.3.rel1.linux64_1.0.100.202403111256/tools/bin/../lib/gcc/arm-none-eabi/12.3.1/../../../../arm-none-eabi/lib/thumb/v7e-m+fp/hard/crt0.o (memset)
/opt/st/stm32cubeide_1.15.0/plugins/com.st.stm32cube.ide.mcu.externaltools.gnu-tools-for-stm32.12.3.rel1.linux64_1.0.100.202403111256/tools/bin/../lib/gcc/arm-none-eabi/12.3.1/../../../../arm-none-eabi/lib/thumb/v7e-m+fp/hard/libc_nano.a(libc_a-closer.o)
                              /opt/st/stm32cubeide_1.15.0/plugins/com.st.stm32cube.ide.mcu.externaltools.gnu-tools-for-stm32.12.3.rel1.linux64_1.0.100.202403111256/tools/bin/../lib/gcc/arm-none-eabi/12.3.1/../../../../arm-none-eabi/lib/thumb/v7e-m+fp/hard/libc_nano.a(libc_a-stdio.o) (_close_r)
/opt/st/stm32cubeide_1.15.0/plugins/com.st.stm32cube.ide.mcu.externaltools.gnu-tools-for-stm32.12.3.rel1.linux64_1.0.100.202403111256/tools/bin/../lib/gcc/arm-none-eabi/12.3.1/../../../../arm-none-eabi/lib/thumb/v7e-m+fp/hard/libc_nano.a(libc_a-reent.o)
                              /opt/st/stm32cubeide_1.15.0/plugins/com.st.stm32cube.ide.mcu.externaltools.gnu-tools-for-stm32.12.3.rel1.linux64_1.0.100.202403111256/tools/bin/../lib/gcc/arm-none-eabi/12.3.1/../../../../arm-none-eabi/lib/thumb/v7e-m+fp/hard/libc_nano.a(libc_a-closer.o) (errno)
/opt/st/stm32cubeide_1.15.0/plugins/com.st.stm32cube.ide.mcu.externaltools.gnu-tools-for-stm32.12.3.rel1.linux64_1.0.100.202403111256/tools/bin/../lib/gcc/arm-none-eabi/12.3.1/../../../../arm-none-eabi/lib/thumb/v7e-m+fp/hard/libc_nano.a(libc_a-impure.o)
                              /opt/st/stm32cubeide_1.15.0/plugins/com.st.stm32cube.ide.mcu.externaltools.gnu-tools-for-stm32.12.3.rel1.linux64_1.0.100.202403111256/tools/bin/../lib/gcc/arm-none-eabi/12.3.1/../../../../arm-none-eabi/lib/thumb/v7e-m+fp/hard/libc_nano.a(libc_a-reent.o) (_impure_ptr)
/opt/st/stm32cubeide_1.15.0/plugins/com.st.stm32cube.ide.mcu.externaltools.gnu-tools-for-stm32.12.3.rel1.linux64_1.0.100.202403111256/tools/bin/../lib/gcc/arm-none-eabi/12.3.1/../../../../arm-none-eabi/lib/thumb/v7e-m+fp/hard/libc_nano.a(libc_a-lseekr.o)
                              /opt/st/stm32cubeide_1.15.0/plugins/com.st.stm32cube.ide.mcu.externaltools.gnu-tools-for-stm32.12.3.rel1.linux64_1.0.100.202403111256/tools/bin/../lib/gcc/arm-none-eabi/12.3.1/../../../../arm-none-eabi/lib/thumb/v7e-m+fp/hard/libc_nano.a(libc_a-stdio.o) (_lseek_r)
[...]
Memory Configuration

Name             Origin             Length             Attributes
RAM              0x20000000         0x00010000         xrw
FLASH            0x08000000         0x00040000         xr
*default*        0x00000000         0xffffffff

Linker script and memory map

LOAD /opt/st/stm32cubeide_1.15.0/plugins/com.st.stm32cube.ide.mcu.externaltools.gnu-tools-for-stm32.12.3.rel1.linux64_1.0.100.202403111256/tools/bin/../lib/gcc/arm-none-eabi/12.3.1/thumb/v7e-m+fp/hard/crti.o
LOAD /opt/st/stm32cubeide_1.15.0/plugins/com.st.stm32cube.ide.mcu.externaltools.gnu-tools-for-stm32.12.3.rel1.linux64_1.0.100.202403111256/tools/bin/../lib/gcc/arm-none-eabi/12.3.1/thumb/v7e-m+fp/hard/crtbegin.o
LOAD /opt/st/stm32cubeide_1.15.0/plugins/com.st.stm32cube.ide.mcu.externaltools.gnu-tools-for-stm32.12.3.rel1.linux64_1.0.100.202403111256/tools/bin/../lib/gcc/arm-none-eabi/12.3.1/../../../../arm-none-eabi/lib/thumb/v7e-m+fp/hard/crt0.o
LOAD ./Application/Src/control.o
LOAD ./Core/Src/main.o
LOAD ./Core/Src/stm32f4xx_hal_msp.o
LOAD ./Core/Src/stm32f4xx_it.o
LOAD ./Core/Src/syscalls.o
LOAD ./Core/Src/sysmem.o
LOAD ./Core/Src/system_stm32f4xx.o
LOAD ./Core/Startup/startup_stm32f401rctx.o
LOAD ./Drivers/STM32F4xx_HAL_Driver/Src/stm32f4xx_hal.o
LOAD ./Drivers/STM32F4xx_HAL_Driver/Src/stm32f4xx_hal_cortex.o
LOAD ./Drivers/STM32F4xx_HAL_Driver/Src/stm32f4xx_hal_dma.o
LOAD ./Drivers/STM32F4xx_HAL_Driver/Src/stm32f4xx_hal_dma_ex.o
LOAD ./Drivers/STM32F4xx_HAL_Driver/Src/stm32f4xx_hal_exti.o
LOAD ./Drivers/STM32F4xx_HAL_Driver/Src/stm32f4xx_hal_flash.o
LOAD ./Drivers/STM32F4xx_HAL_Driver/Src/stm32f4xx_hal_flash_ex.o
LOAD ./Drivers/STM32F4xx_HAL_Driver/Src/stm32f4xx_hal_flash_ramfunc.o
LOAD ./Drivers/STM32F4xx_HAL_Driver/Src/stm32f4xx_hal_gpio.o
LOAD ./Drivers/STM32F4xx_HAL_Driver/Src/stm32f4xx_hal_i2c.o
LOAD ./Drivers/STM32F4xx_HAL_Driver/Src/stm32f4xx_hal_i2c_ex.o
LOAD ./Drivers/STM32F4xx_HAL_Driver/Src/stm32f4xx_hal_pcd.o
LOAD ./Drivers/STM32F4xx_HAL_Driver/Src/stm32f4xx_hal_pcd_ex.o
LOAD ./Drivers/STM32F4xx_HAL_Driver/Src/stm32f4xx_hal_pwr.o
LOAD ./Drivers/STM32F4xx_HAL_Driver/Src/stm32f4xx_hal_pwr_ex.o
LOAD ./Drivers/STM32F4xx_HAL_Driver/Src/stm32f4xx_hal_rcc.o
LOAD ./Drivers/STM32F4xx_HAL_Driver/Src/stm32f4xx_hal_rcc_ex.o
LOAD ./Drivers/STM32F4xx_HAL_Driver/Src/stm32f4xx_hal_tim.o
LOAD ./Drivers/STM32F4xx_HAL_Driver/Src/stm32f4xx_hal_tim_ex.o
LOAD ./Drivers/STM32F4xx_HAL_Driver/Src/stm32f4xx_ll_usb.o
LOAD ./Middlewares/ST/STM32_USB_Device_Library/Class/CDC/Src/usbd_cdc.o
LOAD ./Middlewares/ST/STM32_USB_Device_Library/Core/Src/usbd_core.o
LOAD ./Middlewares/ST/STM32_USB_Device_Library/Core/Src/usbd_ctlreq.o
LOAD ./Middlewares/ST/STM32_USB_Device_Library/Core/Src/usbd_ioreq.o
LOAD ./USB_DEVICE/App/usb_device.o
LOAD ./USB_DEVICE/App/usbd_cdc_if.o
LOAD ./USB_DEVICE/App/usbd_desc.o
LOAD ./USB_DEVICE/Target/usbd_conf.o
START GROUP
LOAD /opt/st/stm32cubeide_1.15.0/plugins/com.st.stm32cube.ide.mcu.externaltools.gnu-tools-for-stm32.12.3.rel1.linux64_1.0.100.202403111256/tools/bin/../lib/gcc/arm-none-eabi/12.3.1/../../../../arm-none-eabi/lib/thumb/v7e-m+fp/hard/libstdc++_nano.a
LOAD /opt/st/stm32cubeide_1.15.0/plugins/com.st.stm32cube.ide.mcu.externaltools.gnu-tools-for-stm32.12.3.rel1.linux64_1.0.100.202403111256/tools/bin/../lib/gcc/arm-none-eabi/12.3.1/../../../../arm-none-eabi/lib/thumb/v7e-m+fp/hard/libsupc++_nano.a
END GROUP
LOAD /opt/st/stm32cubeide_1.15.0/plugins/com.st.stm32cube.ide.mcu.externaltools.gnu-tools-for-stm32.12.3.rel1.linux64_1.0.100.202403111256/tools/bin/../lib/gcc/arm-none-eabi/12.3.1/../../../../arm-none-eabi/lib/thumb/v7e-m+fp/hard/libstdc++_nano.a
LOAD /opt/st/stm32cubeide_1.15.0/plugins/com.st.stm32cube.ide.mcu.externaltools.gnu-tools-for-stm32.12.3.rel1.linux64_1.0.100.202403111256/tools/bin/../lib/gcc/arm-none-eabi/12.3.1/../../../../arm-none-eabi/lib/thumb/v7e-m+fp/hard/libm.a
LOAD /opt/st/stm32cubeide_1.15.0/plugins/com.st.stm32cube.ide.mcu.externaltools.gnu-tools-for-stm32.12.3.rel1.linux64_1.0.100.202403111256/tools/bin/../lib/gcc/arm-none-eabi/12.3.1/../../../../arm-none-eabi/lib/thumb/v7e-m+fp/hard/libc_nano.a
START GROUP
LOAD /opt/st/stm32cubeide_1.15.0/plugins/com.st.stm32cube.ide.mcu.externaltools.gnu-tools-for-stm32.12.3.rel1.linux64_1.0.100.202403111256/tools/bin/../lib/gcc/arm-none-eabi/12.3.1/thumb/v7e-m+fp/hard/libgcc.a
LOAD /opt/st/stm32cubeide_1.15.0/plugins/com.st.stm32cube.ide.mcu.externaltools.gnu-tools-for-stm32.12.3.rel1.linux64_1.0.100.202403111256/tools/bin/../lib/gcc/arm-none-eabi/12.3.1/../../../../arm-none-eabi/lib/thumb/v7e-m+fp/hard/libc_nano.a
END GROUP
START GROUP
LOAD /opt/st/stm32cubeide_1.15.0/plugins/com.st.stm32cube.ide.mcu.externaltools.gnu-tools-for-stm32.12.3.rel1.linux64_1.0.100.202403111256/tools/bin/../lib/gcc/arm-none-eabi/12.3.1/thumb/v7e-m+fp/hard/libgcc.a
LOAD /opt/st/stm32cubeide_1.15.0/plugins/com.st.stm32cube.ide.mcu.externaltools.gnu-tools-for-stm32.12.3.rel1.linux64_1.0.100.202403111256/tools/bin/../lib/gcc/arm-none-eabi/12.3.1/../../../../arm-none-eabi/lib/thumb/v7e-m+fp/hard/libc_nano.a
LOAD /opt/st/stm32cubeide_1.15.0/plugins/com.st.stm32cube.ide.mcu.externaltools.gnu-tools-for-stm32.12.3.rel1.linux64_1.0.100.202403111256/tools/bin/../lib/gcc/arm-none-eabi/12.3.1/../../../../arm-none-eabi/lib/thumb/v7e-m+fp/hard/libnosys.a
END GROUP
START GROUP
LOAD /opt/st/stm32cubeide_1.15.0/plugins/com.st.stm32cube.ide.mcu.externaltools.gnu-tools-for-stm32.12.3.rel1.linux64_1.0.100.202403111256/tools/bin/../lib/gcc/arm-none-eabi/12.3.1/thumb/v7e-m+fp/hard/libgcc.a
LOAD /opt/st/stm32cubeide_1.15.0/plugins/com.st.stm32cube.ide.mcu.externaltools.gnu-tools-for-stm32.12.3.rel1.linux64_1.0.100.202403111256/tools/bin/../lib/gcc/arm-none-eabi/12.3.1/../../../../arm-none-eabi/lib/thumb/v7e-m+fp/hard/libc_nano.a
LOAD /opt/st/stm32cubeide_1.15.0/plugins/com.st.stm32cube.ide.mcu.externaltools.gnu-tools-for-stm32.12.3.rel1.linux64_1.0.100.202403111256/tools/bin/../lib/gcc/arm-none-eabi/12.3.1/../../../../arm-none-eabi/lib/thumb/v7e-m+fp/hard/libnosys.a
END GROUP
LOAD /opt/st/stm32cubeide_1.15.0/plugins/com.st.stm32cube.ide.mcu.externaltools.gnu-tools-for-stm32.12.3.rel1.linux64_1.0.100.202403111256/tools/bin/../lib/gcc/arm-none-eabi/12.3.1/thumb/v7e-m+fp/hard/crtend.o
LOAD /opt/st/stm32cubeide_1.15.0/plugins/com.st.stm32cube.ide.mcu.externaltools.gnu-tools-for-stm32.12.3.rel1.linux64_1.0.100.202403111256/tools/bin/../lib/gcc/arm-none-eabi/12.3.1/thumb/v7e-m+fp/hard/crtn.o
                0x20010000                        _estack = (ORIGIN (RAM) + LENGTH (RAM))
                0x00000200                        _Min_Heap_Size = 0x200
                0x00000400                        _Min_Stack_Size = 0x400

.isr_vector     0x08000000      0x194
                0x08000000                        . = ALIGN (0x4)
 *(.isr_vector)
 .isr_vector    0x08000000      0x194 ./Core/Startup/startup_stm32f401rctx.o
                0x08000000                g_pfnVectors
                0x08000194                        . = ALIGN (0x4)

.text           0x08000194     0x41dc
                0x08000194                        . = ALIGN (0x4)
 *(.text)
 .text          0x08000194       0x40 /opt/st/stm32cubeide_1.15.0/plugins/com.st.stm32cube.ide.mcu.externaltools.gnu-tools-for-stm32.12.3.rel1.linux64_1.0.100.202403111256/tools/bin/../lib/gcc/arm-none-eabi/12.3.1/thumb/v7e-m+fp/hard/crtbegin.o
 .text          0x080001d4       0x10 /opt/st/stm32cubeide_1.15.0/plugins/com.st.stm32cube.ide.mcu.externaltools.gnu-tools-for-stm32.12.3.rel1.linux64_1.0.100.202403111256/tools/bin/../lib/gcc/arm-none-eabi/12.3.1/../../../../arm-none-eabi/lib/thumb/v7e-m+fp/hard/libc_nano.a(libc_a-strlen.o)
                0x080001d4                strlen
 .text          0x080001e4       0x30 /opt/st/stm32cubeide_1.15.0/plugins/com.st.stm32cube.ide.mcu.externaltools.gnu-tools-for-stm32.12.3.rel1.linux64_1.0.100.202403111256/tools/bin/../lib/gcc/arm-none-eabi/12.3.1/thumb/v7e-m+fp/hard/libgcc.a(_aeabi_uldivmod.o)
                0x080001e4                __aeabi_uldivmod
 .text          0x08000214      0x2bc /opt/st/stm32cubeide_1.15.0/plugins/com.st.stm32cube.ide.mcu.externaltools.gnu-tools-for-stm32.12.3.rel1.linux64_1.0.100.202403111256/tools/bin/../lib/gcc/arm-none-eabi/12.3.1/thumb/v7e-m+fp/hard/libgcc.a(_udivmoddi4.o)
                0x08000214                __udivmoddi4
 .text          0x080004d0        0x4 /opt/st/stm32cubeide_1.15.0/plugins/com.st.stm32cube.ide.mcu.externaltools.gnu-tools-for-stm32.12.3.rel1.linux64_1.0.100.202403111256/tools/bin/../lib/gcc/arm-none-eabi/12.3.1/thumb/v7e-m+fp/hard/libgcc.a(_dvmd_tls.o)
                0x080004d0                __aeabi_ldiv0
                0x080004d0                __aeabi_idiv0
 *(.text*)
 .text.Control_Init
                0x080004d4        0x4 ./Application/Src/control.o
                0x080004d4                Control_Init
 .text.Control_Loop
                0x080004d8        0x4 ./Application/Src/control.o
                0x080004d8                Control_Loop
 .text.SystemClock_Config
                0x080004dc       0xa4 ./Core/Src/main.o
                0x080004dc                SystemClock_Config
 .text.startup.main
                0x08000580       0x90 ./Core/Src/main.o
                0x08000580                main
 .text.Error_Handler
                0x08000610        0x4 ./Core/Src/main.o
                0x08000610                Error_Handler
 .text.HAL_MspInit
                0x08000614       0x38 ./Core/Src/stm32f4xx_hal_msp.o
                0x08000614                HAL_MspInit
 .text.HAL_I2C_MspInit
                0x0800064c       0x70 ./Core/Src/stm32f4xx_hal_msp.o
                0x0800064c                HAL_I2C_MspInit
 .text.NMI_Handler
                0x080006bc        0x4 ./Core/Src/stm32f4xx_it.o
                0x080006bc                NMI_Handler
 .text.HardFault_Handler
                0x080006c0        0x4 ./Core/Src/stm32f4xx_it.o
                0x080006c0                HardFault_Handler
 .text.MemManage_Handler
                0x080006c4        0x4 ./Core/Src/stm32f4xx_it.o
                0x080006c4                MemManage_Handler
 .text.BusFault_Handler
                0x080006c8        0x4 ./Core/Src/stm32f4xx_it.o
                0x080006c8                BusFault_Handler
 .text.UsageFault_Handler
                0x080006cc        0x4 ./Core/Src/stm32f4xx_it.o
                0x080006cc                UsageFault_Handler
 .text.SVC_Handler
                0x080006d0        0x4 ./Core/Src/stm32f4xx_it.o
                0x080006d0                SVC_Handler
 .text.DebugMon_Handler
                0x080006d4        0x4 ./Core/Src/stm32f4xx_it.o
                0x080006d4                DebugMon_Handler
 .text.PendSV_Handler
                0x080006d8        0x4 ./Core/Src/stm32f4xx_it.o
                0x080006d8                PendSV_Handler
 .text.SysTick_Handler
                0x080006dc        0x4 ./Core/Src/stm32f4xx_it.o
                0x080006dc                SysTick_Handler
 .text.OTG_FS_IRQHandler
                0x080006e0        0xc ./Core/Src/stm32f4xx_it.o
                0x080006e0                OTG_FS_IRQHandler
 .text.SystemInit
                0x080006ec       0x14 ./Core/Src/system_stm32f4xx.o
                0x080006ec                SystemInit
 .text.Reset_Handler
                0x08000700       0x50 ./Core/Startup/startup_stm32f401rctx.o
                0x08000700                Reset_Handler
 .text.Default_Handler
                0x08000750        0x2 ./Core/Startup/startup_stm32f401rctx.o
                0x08000750                RTC_Alarm_IRQHandler
                0x08000750                EXTI2_IRQHandler
                0x08000750                SPI4_IRQHandler
                0x08000750                TIM1_CC_IRQHandler
                0x08000750                DMA2_Stream5_IRQHandler
                0x08000750                DMA1_Stream5_IRQHandler
                0x08000750                PVD_IRQHandler
                0x08000750                SDIO_IRQHandler
                0x08000750                TAMP_STAMP_IRQHandler
                0x08000750                EXTI3_IRQHandler
                0x08000750                TIM1_UP_TIM10_IRQHandler
                0x08000750                I2C3_ER_IRQHandler
                0x08000750                EXTI0_IRQHandler
                0x08000750                I2C2_EV_IRQHandler
                0x08000750                DMA1_Stream2_IRQHandler
                0x08000750                FPU_IRQHandler
                0x08000750                DMA2_Stream2_IRQHandler
                0x08000750                SPI1_IRQHandler
                0x08000750                TIM1_BRK_TIM9_IRQHandler
                0x08000750                DMA2_Stream3_IRQHandler
                0x08000750                USART6_IRQHandler
                0x08000750                DMA2_Stream0_IRQHandler
                0x08000750                TIM4_IRQHandler
                0x08000750                I2C1_EV_IRQHandler
                0x08000750                DMA1_Stream6_IRQHandler
                0x08000750                DMA1_Stream1_IRQHandler
                0x08000750                TIM3_IRQHandler
                0x08000750                RCC_IRQHandler
                0x08000750                Default_Handler
                0x08000750                EXTI15_10_IRQHandler
                0x08000750                ADC_IRQHandler
                0x08000750                DMA1_Stream7_IRQHandler
                0x08000750                TIM5_IRQHandler
                0x08000750                DMA2_Stream7_IRQHandler
                0x08000750                I2C3_EV_IRQHandler
                0x08000750                EXTI9_5_IRQHandler
                0x08000750                RTC_WKUP_IRQHandler
                0x08000750                SPI2_IRQHandler
                0x08000750                DMA1_Stream0_IRQHandler
                0x08000750                EXTI4_IRQHandler
                0x08000750                WWDG_IRQHandler
                0x08000750                TIM2_IRQHandler
                0x08000750                OTG_FS_WKUP_IRQHandler
                0x08000750                TIM1_TRG_COM_TIM11_IRQHandler
                0x08000750                EXTI1_IRQHandler
                0x08000750                USART2_IRQHandler
                0x08000750                I2C2_ER_IRQHandler
                0x08000750                DMA2_Stream1_IRQHandler
                0x08000750                FLASH_IRQHandler
                0x08000750                DMA2_Stream4_IRQHandler
                0x08000750                USART1_IRQHandler
                0x08000750                SPI3_IRQHandler
                0x08000750                DMA1_Stream4_IRQHandler
                0x08000750                I2C1_ER_IRQHandler
                0x08000750                DMA2_Stream6_IRQHandler
                0x08000750                DMA1_Stream3_IRQHandler
 *fill*         0x08000752        0x2 
 .text.HAL_InitTick
                0x08000754       0x48 ./Drivers/STM32F4xx_HAL_Driver/Src/stm32f4xx_hal.o
                0x08000754                HAL_InitTick
 .text.HAL_Init
                0x0800079c       0x34 ./Drivers/STM32F4xx_HAL_Driver/Src/stm32f4xx_hal.o
                0x0800079c                HAL_Init
 .text.HAL_IncTick
                0x080007d0       0x18 ./Drivers/STM32F4xx_HAL_Driver/Src/stm32f4xx_hal.o
                0x080007d0                HAL_IncTick
 .text.HAL_GetTick
                0x080007e8        0xc ./Drivers/STM32F4xx_HAL_Driver/Src/stm32f4xx_hal.o
                0x080007e8                HAL_GetTick
 .text.HAL_Delay
                0x080007f4       0x24 ./Drivers/STM32F4xx_HAL_Driver/Src/stm32f4xx_hal.o
                0x080007f4                HAL_Delay
 .text.HAL_NVIC_SetPriorityGrouping
                0x08000818       0x24 ./Drivers/STM32F4xx_HAL_Driver/Src/stm32f4xx_hal_cortex.o
                0x08000818                HAL_NVIC_SetPriorityGrouping
 .text.HAL_NVIC_SetPriority
                0x0800083c       0x78 ./Drivers/STM32F4xx_HAL_Driver/Src/stm32f4xx_hal_cortex.o
                0x0800083c                HAL_NVIC_SetPriority
 .text.HAL_NVIC_EnableIRQ
                0x080008b4       0x1c ./Drivers/STM32F4xx_HAL_Driver/Src/stm32f4xx_hal_cortex.o
                0x080008b4                HAL_NVIC_EnableIRQ
 .text.HAL_SYSTICK_Config
                0x080008d0       0x34 ./Drivers/STM32F4xx_HAL_Driver/Src/stm32f4xx_hal_cortex.o
                0x080008d0                HAL_SYSTICK_Config
 .text.HAL_GPIO_Init
                0x08000904      0x1ec ./Drivers/STM32F4xx_HAL_Driver/Src/stm32f4xx_hal_gpio.o
                0x08000904                HAL_GPIO_Init
 .text.HAL_I2C_Init
                0x08000af0      0x190 ./Drivers/STM32F4xx_HAL_Driver/Src/stm32f4xx_hal_i2c.o
                0x08000af0                HAL_I2C_Init
 .text.HAL_PCD_Init
                0x08000c80      0x414 ./Drivers/STM32F4xx_HAL_Driver/Src/stm32f4xx_hal_pcd.o
                0x08000c80                HAL_PCD_Init
 .text.HAL_PCD_Start
                0x08001094       0x40 ./Drivers/STM32F4xx_HAL_Driver/Src/stm32f4xx_hal_pcd.o
                0x08001094                HAL_PCD_Start
 .text.HAL_PCD_IRQHandler
                0x080010d4      0xb00 ./Drivers/STM32F4xx_HAL_Driver/Src/stm32f4xx_hal_pcd.o
                0x080010d4                HAL_PCD_IRQHandler
 .text.HAL_PCD_SetAddress
                0x08001bd4       0x28 ./Drivers/STM32F4xx_HAL_Driver/Src/stm32f4xx_hal_pcd.o
                0x08001bd4                HAL_PCD_SetAddress
 .text.HAL_PCD_EP_Open
                0x08001bfc       0x7c ./Drivers/STM32F4xx_HAL_Driver/Src/stm32f4xx_hal_pcd.o
                0x08001bfc                HAL_PCD_EP_Open
 .text.HAL_PCD_EP_Close
                0x08001c78       0x68 ./Drivers/STM32F4xx_HAL_Driver/Src/stm32f4xx_hal_pcd.o
                0x08001c78                HAL_PCD_EP_Close
 .text.HAL_PCD_EP_Receive
                0x08001ce0       0x44 ./Drivers/STM32F4xx_HAL_Driver/Src/stm32f4xx_hal_pcd.o
                0x08001ce0                HAL_PCD_EP_Receive
 .text.HAL_PCD_EP_GetRxCount
                0x08001d24       0x14 ./Drivers/STM32F4xx_HAL_Driver/Src/stm32f4xx_hal_pcd.o
                0x08001d24                HAL_PCD_EP_GetRxCount
 .text.HAL_PCD_EP_Transmit
                0x08001d38       0x48 ./Drivers/STM32F4xx_HAL_Driver/Src/stm32f4xx_hal_pcd.o
                0x08001d38                HAL_PCD_EP_Transmit
 .text.HAL_PCD_EP_SetStall
                0x08001d80       0x84 ./Drivers/STM32F4xx_HAL_Driver/Src/stm32f4xx_hal_pcd.o
                0x08001d80                HAL_PCD_EP_SetStall
 .text.HAL_PCD_EP_ClrStall
                0x08001e04       0x70 ./Drivers/STM32F4xx_HAL_Driver/Src/stm32f4xx_hal_pcd.o
                0x08001e04                HAL_PCD_EP_ClrStall
 .text.HAL_PCDEx_SetTxFiFo
                0x08001e74      0x104 ./Drivers/STM32F4xx_HAL_Driver/Src/stm32f4xx_hal_pcd_ex.o
                0x08001e74                HAL_PCDEx_SetTxFiFo
 .text.HAL_PCDEx_SetRxFiFo
                0x08001f78        0x8 ./Drivers/STM32F4xx_HAL_Driver/Src/stm32f4xx_hal_pcd_ex.o
                0x08001f78                HAL_PCDEx_SetRxFiFo
 .text.HAL_PCDEx_LPM_Callback
                0x08001f80        0x4 ./Drivers/STM32F4xx_HAL_Driver/Src/stm32f4xx_hal_pcd_ex.o
                0x08001f80                HAL_PCDEx_LPM_Callback
 .text.HAL_RCC_OscConfig
                0x08001f84      0x3c4 ./Drivers/STM32F4xx_HAL_Driver/Src/stm32f4xx_hal_rcc.o
                0x08001f84                HAL_RCC_OscConfig
 .text.HAL_RCC_GetSysClockFreq
                0x08002348       0x4c ./Drivers/STM32F4xx_HAL_Driver/Src/stm32f4xx_hal_rcc.o
                0x08002348                HAL_RCC_GetSysClockFreq
 .text.HAL_RCC_ClockConfig
                0x08002394      0x13c ./Drivers/STM32F4xx_HAL_Driver/Src/stm32f4xx_hal_rcc.o
                0x08002394                HAL_RCC_ClockConfig
 .text.HAL_RCC_GetHCLKFreq
                0x080024d0        0xc ./Drivers/STM32F4xx_HAL_Driver/Src/stm32f4xx_hal_rcc.o
                0x080024d0                HAL_RCC_GetHCLKFreq
 .text.HAL_RCC_GetPCLK1Freq
                0x080024dc       0x20 ./Drivers/STM32F4xx_HAL_Driver/Src/stm32f4xx_hal_rcc.o
                0x080024dc                HAL_RCC_GetPCLK1Freq
 .text.USB_CoreInit
                0x080024fc      0x108 ./Drivers/STM32F4xx_HAL_Driver/Src/stm32f4xx_ll_usb.o
                0x080024fc                USB_CoreInit
 .text.USB_SetTurnaroundTime
                0x08002604       0xf4 ./Drivers/STM32F4xx_HAL_Driver/Src/stm32f4xx_ll_usb.o
                0x08002604                USB_SetTurnaroundTime
 .text.USB_EnableGlobalInt
                0x080026f8       0x10 ./Drivers/STM32F4xx_HAL_Driver/Src/stm32f4xx_ll_usb.o
                0x080026f8                USB_EnableGlobalInt
 .text.USB_DisableGlobalInt
                0x08002708       0x10 ./Drivers/STM32F4xx_HAL_Driver/Src/stm32f4xx_ll_usb.o
                0x08002708                USB_DisableGlobalInt
 .text.USB_SetCurrentMode
                0x08002718       0x70 ./Drivers/STM32F4xx_HAL_Driver/Src/stm32f4xx_ll_usb.o
                0x08002718                USB_SetCurrentMode
 .text.USB_DevInit
                0x08002788      0x258 ./Drivers/STM32F4xx_HAL_Driver/Src/stm32f4xx_ll_usb.o
                0x08002788                USB_DevInit
 .text.USB_FlushTxFifo
                0x080029e0       0x50 ./Drivers/STM32F4xx_HAL_Driver/Src/stm32f4xx_ll_usb.o
                0x080029e0                USB_FlushTxFifo
 .text.USB_GetDevSpeed
                0x08002a30       0x18 ./Drivers/STM32F4xx_HAL_Driver/Src/stm32f4xx_ll_usb.o
                0x08002a30                USB_GetDevSpeed
 .text.USB_ActivateEndpoint
                0x08002a48       0x90 ./Drivers/STM32F4xx_HAL_Driver/Src/stm32f4xx_ll_usb.o
                0x08002a48                USB_ActivateEndpoint
 .text.USB_DeactivateEndpoint
                0x08002ad8       0xc4 ./Drivers/STM32F4xx_HAL_Driver/Src/stm32f4xx_ll_usb.o
                0x08002ad8                USB_DeactivateEndpoint
 .text.USB_EPStartXfer
                0x08002b9c      0x248 ./Drivers/STM32F4xx_HAL_Driver/Src/stm32f4xx_ll_usb.o
                0x08002b9c                USB_EPStartXfer
 .text.USB_EPStopXfer
                0x08002de4       0x94 ./Drivers/STM32F4xx_HAL_Driver/Src/stm32f4xx_ll_usb.o
                0x08002de4                USB_EPStopXfer
 .text.USB_WritePacket
                0x08002e78       0x2c ./Drivers/STM32F4xx_HAL_Driver/Src/stm32f4xx_ll_usb.o
                0x08002e78                USB_WritePacket
 .text.USB_ReadPacket
                0x08002ea4       0x4c ./Drivers/STM32F4xx_HAL_Driver/Src/stm32f4xx_ll_usb.o
                0x08002ea4                USB_ReadPacket
 .text.USB_EPSetStall
                0x08002ef0       0x5c ./Drivers/STM32F4xx_HAL_Driver/Src/stm32f4xx_ll_usb.o
                0x08002ef0                USB_EPSetStall
 .text.USB_EPClearStall
                0x08002f4c       0x58 ./Drivers/STM32F4xx_HAL_Driver/Src/stm32f4xx_ll_usb.o
                0x08002f4c                USB_EPClearStall
 .text.USB_SetDevAddress
                0x08002fa4       0x20 ./Drivers/STM32F4xx_HAL_Driver/Src/stm32f4xx_ll_usb.o
                0x08002fa4                USB_SetDevAddress
 .text.USB_DevConnect
                0x08002fc4       0x20 ./Drivers/STM32F4xx_HAL_Driver/Src/stm32f4xx_ll_usb.o
                0x08002fc4                USB_DevConnect
 .text.USB_DevDisconnect
                0x08002fe4       0x20 ./Drivers/STM32F4xx_HAL_Driver/Src/stm32f4xx_ll_usb.o
                0x08002fe4                USB_DevDisconnect
 .text.USB_ReadInterrupts
                0x08003004        0x8 ./Drivers/STM32F4xx_HAL_Driver/Src/stm32f4xx_ll_usb.o
                0x08003004                USB_ReadInterrupts
 .text.USB_ReadDevAllOutEpInterrupt
                0x0800300c       0x10 ./Drivers/STM32F4xx_HAL_Driver/Src/stm32f4xx_ll_usb.o
                0x0800300c                USB_ReadDevAllOutEpInterrupt
 .text.USB_ReadDevAllInEpInterrupt
                0x0800301c       0x10 ./Drivers/STM32F4xx_HAL_Driver/Src/stm32f4xx_ll_usb.o
                0x0800301c                USB_ReadDevAllInEpInterrupt
 .text.USB_ReadDevOutEPInterrupt
                0x0800302c       0x14 ./Drivers/STM32F4xx_HAL_Driver/Src/stm32f4xx_ll_usb.o
                0x0800302c                USB_ReadDevOutEPInterrupt
 .text.USB_ReadDevInEPInterrupt
                0x08003040       0x20 ./Drivers/STM32F4xx_HAL_Driver/Src/stm32f4xx_ll_usb.o
                0x08003040                USB_ReadDevInEPInterrupt
 .text.USB_GetMode
                0x08003060        0x8 ./Drivers/STM32F4xx_HAL_Driver/Src/stm32f4xx_ll_usb.o
                0x08003060                USB_GetMode
 .text.USB_ActivateSetup
                0x08003068       0x24 ./Drivers/STM32F4xx_HAL_Driver/Src/stm32f4xx_ll_usb.o
                0x08003068                USB_ActivateSetup
 .text.USB_EP0_OutStart
                0x0800308c       0x50 ./Drivers/STM32F4xx_HAL_Driver/Src/stm32f4xx_ll_usb.o
                0x0800308c                USB_EP0_OutStart
 .text.USBD_CDC_EP0_RxReady
                0x080030dc       0x38 ./Middlewares/ST/STM32_USB_Device_Library/Class/CDC/Src/usbd_cdc.o
 .text.USBD_CDC_GetDeviceQualifierDescriptor
                0x08003114        0xc ./Middlewares/ST/STM32_USB_Device_Library/Class/CDC/Src/usbd_cdc.o
                0x08003114                USBD_CDC_GetDeviceQualifierDescriptor
 .text.USBD_CDC_GetFSCfgDesc
                0x08003120       0x48 ./Middlewares/ST/STM32_USB_Device_Library/Class/CDC/Src/usbd_cdc.o
 .text.USBD_CDC_GetHSCfgDesc
                0x08003168       0x48 ./Middlewares/ST/STM32_USB_Device_Library/Class/CDC/Src/usbd_cdc.o
 .text.USBD_CDC_DataOut
                0x080031b0       0x38 ./Middlewares/ST/STM32_USB_Device_Library/Class/CDC/Src/usbd_cdc.o
 .text.USBD_CDC_DataIn
                0x080031e8       0x6c ./Middlewares/ST/STM32_USB_Device_Library/Class/CDC/Src/usbd_cdc.o
 .text.USBD_CDC_Setup
                0x08003254       0xfc ./Middlewares/ST/STM32_USB_Device_Library/Class/CDC/Src/usbd_cdc.o
 .text.USBD_CDC_DeInit
                0x08003350       0x5c ./Middlewares/ST/STM32_USB_Device_Library/Class/CDC/Src/usbd_cdc.o
 .text.USBD_CDC_Init
                0x080033ac       0xd8 ./Middlewares/ST/STM32_USB_Device_Library/Class/CDC/Src/usbd_cdc.o
 .text.USBD_CDC_GetOtherSpeedCfgDesc
                0x08003484       0x48 ./Middlewares/ST/STM32_USB_Device_Library/Class/CDC/Src/usbd_cdc.o
 .text.USBD_CDC_RegisterInterface
                0x080034cc       0x18 ./Middlewares/ST/STM32_USB_Device_Library/Class/CDC/Src/usbd_cdc.o
                0x080034cc                USBD_CDC_RegisterInterface
 .text.USBD_CDC_SetTxBuffer
                0x080034e4       0x1c ./Middlewares/ST/STM32_USB_Device_Library/Class/CDC/Src/usbd_cdc.o
                0x080034e4                USBD_CDC_SetTxBuffer
 .text.USBD_CDC_SetRxBuffer
                0x08003500       0x18 ./Middlewares/ST/STM32_USB_Device_Library/Class/CDC/Src/usbd_cdc.o
                0x08003500                USBD_CDC_SetRxBuffer
 .text.USBD_CDC_ReceivePacket
                0x08003518       0x34 ./Middlewares/ST/STM32_USB_Device_Library/Class/CDC/Src/usbd_cdc.o
                0x08003518                USBD_CDC_ReceivePacket
 .text.USBD_Init
                0x0800354c       0x28 ./Middlewares/ST/STM32_USB_Device_Library/Core/Src/usbd_core.o
                0x0800354c                USBD_Init
 .text.USBD_RegisterClass
                0x08003574       0x38 ./Middlewares/ST/STM32_USB_Device_Library/Core/Src/usbd_core.o
                0x08003574                USBD_RegisterClass
 .text.USBD_Start
                0x080035ac        0x4 ./Middlewares/ST/STM32_USB_Device_Library/Core/Src/usbd_core.o
                0x080035ac                USBD_Start
 .text.USBD_SetClassConfig
                0x080035b0       0x10 ./Middlewares/ST/STM32_USB_Device_Library/Core/Src/usbd_core.o
                0x080035b0                USBD_SetClassConfig
 .text.USBD_ClrClassConfig
                0x080035c0       0x14 ./Middlewares/ST/STM32_USB_Device_Library/Core/Src/usbd_core.o
                0x080035c0                USBD_ClrClassConfig
 .text.USBD_LL_SetupStage
                0x080035d4       0x60 ./Middlewares/ST/STM32_USB_Device_Library/Core/Src/usbd_core.o
                0x080035d4                USBD_LL_SetupStage
 .text.USBD_LL_DataOutStage
                0x08003634       0x74 ./Middlewares/ST/STM32_USB_Device_Library/Core/Src/usbd_core.o
                0x08003634                USBD_LL_DataOutStage
 .text.USBD_LL_DataInStage
                0x080036a8       0xb4 ./Middlewares/ST/STM32_USB_Device_Library/Core/Src/usbd_core.o
                0x080036a8                USBD_LL_DataInStage
 .text.USBD_LL_Reset
                0x0800375c       0x5c ./Middlewares/ST/STM32_USB_Device_Library/Core/Src/usbd_core.o
                0x0800375c                USBD_LL_Reset
 .text.USBD_LL_SetSpeed
                0x080037b8        0x8 ./Middlewares/ST/STM32_USB_Device_Library/Core/Src/usbd_core.o
                0x080037b8                USBD_LL_SetSpeed
 .text.USBD_LL_Suspend
                0x080037c0       0x1c ./Middlewares/ST/STM32_USB_Device_Library/Core/Src/usbd_core.o
                0x080037c0                USBD_LL_Suspend
 .text.USBD_LL_Resume
                0x080037dc       0x18 ./Middlewares/ST/STM32_USB_Device_Library/Core/Src/usbd_core.o
                0x080037dc                USBD_LL_Resume
 .text.USBD_LL_SOF
                0x080037f4       0x20 ./Middlewares/ST/STM32_USB_Device_Library/Core/Src/usbd_core.o
                0x080037f4                USBD_LL_SOF
 .text.USBD_LL_IsoINIncomplete
                0x08003814       0x2c ./Middlewares/ST/STM32_USB_Device_Library/Core/Src/usbd_core.o
                0x08003814                USBD_LL_IsoINIncomplete
 .text.USBD_LL_IsoOUTIncomplete
                0x08003840       0x2c ./Middlewares/ST/STM32_USB_Device_Library/Core/Src/usbd_core.o
                0x08003840                USBD_LL_IsoOUTIncomplete
 .text.USBD_LL_DevConnected
                0x0800386c        0x4 ./Middlewares/ST/STM32_USB_Device_Library/Core/Src/usbd_core.o
                0x0800386c                USBD_LL_DevConnected
 .text.USBD_LL_DevDisconnected
                0x08003870       0x24 ./Middlewares/ST/STM32_USB_Device_Library/Core/Src/usbd_core.o
                0x08003870                USBD_LL_DevDisconnected
 .text.USBD_CoreFindIF
                0x08003894        0x4 ./Middlewares/ST/STM32_USB_Device_Library/Core/Src/usbd_core.o
                0x08003894                USBD_CoreFindIF
 .text.USBD_CoreFindEP
                0x08003898        0x4 ./Middlewares/ST/STM32_USB_Device_Library/Core/Src/usbd_core.o
                0x08003898                USBD_CoreFindEP
 .text.USBD_GetEpDesc
                0x0800389c       0x2c ./Middlewares/ST/STM32_USB_Device_Library/Core/Src/usbd_core.o
                0x0800389c                USBD_GetEpDesc
 .text.USBD_StdDevReq
                0x080038c8      0x354 ./Middlewares/ST/STM32_USB_Device_Library/Core/Src/usbd_ctlreq.o
                0x080038c8                USBD_StdDevReq
 .text.USBD_StdItfReq
                0x08003c1c       0x78 ./Middlewares/ST/STM32_USB_Device_Library/Core/Src/usbd_ctlreq.o
                0x08003c1c                USBD_StdItfReq
 .text.USBD_StdEPReq
                0x08003c94      0x158 ./Middlewares/ST/STM32_USB_Device_Library/Core/Src/usbd_ctlreq.o
                0x08003c94                USBD_StdEPReq
 .text.USBD_ParseSetupRequest
                0x08003dec       0x18 ./Middlewares/ST/STM32_USB_Device_Library/Core/Src/usbd_ctlreq.o
                0x08003dec                USBD_ParseSetupRequest
 .text.USBD_CtlError
                0x08003e04       0x18 ./Middlewares/ST/STM32_USB_Device_Library/Core/Src/usbd_ctlreq.o
                0x08003e04                USBD_CtlError
 .text.USBD_GetString
                0x08003e1c       0x50 ./Middlewares/ST/STM32_USB_Device_Library/Core/Src/usbd_ctlreq.o
                0x08003e1c                USBD_GetString
 .text.USBD_CtlSendData
                0x08003e6c       0x1c ./Middlewares/ST/STM32_USB_Device_Library/Core/Src/usbd_ioreq.o
                0x08003e6c                USBD_CtlSendData
 .text.USBD_CtlContinueSendData
                0x08003e88       0x10 ./Middlewares/ST/STM32_USB_Device_Library/Core/Src/usbd_ioreq.o
                0x08003e88                USBD_CtlContinueSendData
 .text.USBD_CtlPrepareRx
                0x08003e98       0x1c ./Middlewares/ST/STM32_USB_Device_Library/Core/Src/usbd_ioreq.o
                0x08003e98                USBD_CtlPrepareRx
 .text.USBD_CtlContinueRx
                0x08003eb4       0x10 ./Middlewares/ST/STM32_USB_Device_Library/Core/Src/usbd_ioreq.o
                0x08003eb4                USBD_CtlContinueRx
 .text.USBD_CtlSendStatus
                0x08003ec4       0x18 ./Middlewares/ST/STM32_USB_Device_Library/Core/Src/usbd_ioreq.o
                0x08003ec4                USBD_CtlSendStatus
 .text.USBD_CtlReceiveStatus
                0x08003edc       0x18 ./Middlewares/ST/STM32_USB_Device_Library/Core/Src/usbd_ioreq.o
                0x08003edc                USBD_CtlReceiveStatus
 .text.MX_USB_DEVICE_Init
                0x08003ef4       0x74 ./USB_DEVICE/App/usb_device.o
                0x08003ef4                MX_USB_DEVICE_Init
 .text.CDC_DeInit_FS
                0x08003f68        0x4 ./USB_DEVICE/App/usbd_cdc_if.o
 .text.CDC_Control_FS
                0x08003f6c        0x4 ./USB_DEVICE/App/usbd_cdc_if.o
 .text.CDC_TransmitCplt_FS
                0x08003f70        0x4 ./USB_DEVICE/App/usbd_cdc_if.o
 .text.CDC_Receive_FS
                0x08003f74       0x1c ./USB_DEVICE/App/usbd_cdc_if.o
 .text.CDC_Init_FS
                0x08003f90       0x28 ./USB_DEVICE/App/usbd_cdc_if.o
 .text.USBD_FS_DeviceDescriptor
                0x08003fb8        0xc ./USB_DEVICE/App/usbd_desc.o
                0x08003fb8                USBD_FS_DeviceDescriptor
 .text.USBD_FS_LangIDStrDescriptor
                0x08003fc4        0xc ./USB_DEVICE/App/usbd_desc.o
                0x08003fc4                USBD_FS_LangIDStrDescriptor
 .text.USBD_FS_ManufacturerStrDescriptor
                0x08003fd0       0x1c ./USB_DEVICE/App/usbd_desc.o
                0x08003fd0                USBD_FS_ManufacturerStrDescriptor
 .text.USBD_FS_ProductStrDescriptor
                0x08003fec       0x1c ./USB_DEVICE/App/usbd_desc.o
                0x08003fec                USBD_FS_ProductStrDescriptor
 .text.USBD_FS_ConfigStrDescriptor
                0x08004008       0x1c ./USB_DEVICE/App/usbd_desc.o
                0x08004008                USBD_FS_ConfigStrDescriptor
 .text.USBD_FS_InterfaceStrDescriptor
                0x08004024       0x1c ./USB_DEVICE/App/usbd_desc.o
                0x08004024                USBD_FS_InterfaceStrDescriptor
 .text.USBD_FS_SerialStrDescriptor
                0x08004040        0xc ./USB_DEVICE/App/usbd_desc.o
                0x08004040                USBD_FS_SerialStrDescriptor
 .text.HAL_PCD_MspInit
                0x0800404c       0x98 ./USB_DEVICE/Target/usbd_conf.o
                0x0800404c                HAL_PCD_MspInit
 .text.HAL_PCD_SetupStageCallback
                0x080040e4        0xc ./USB_DEVICE/Target/usbd_conf.o
                0x080040e4                HAL_PCD_SetupStageCallback
 .text.HAL_PCD_DataOutStageCallback
                0x080040f0       0x14 ./USB_DEVICE/Target/usbd_conf.o
                0x080040f0                HAL_PCD_DataOutStageCallback
 .text.HAL_PCD_DataInStageCallback
                0x08004104       0x14 ./USB_DEVICE/Target/usbd_conf.o
                0x08004104                HAL_PCD_DataInStageCallback
 .text.HAL_PCD_SOFCallback
                0x08004118        0x8 ./USB_DEVICE/Target/usbd_conf.o
                0x08004118                HAL_PCD_SOFCallback
 .text.HAL_PCD_ResetCallback
                0x08004120       0x24 ./USB_DEVICE/Target/usbd_conf.o
                0x08004120                HAL_PCD_ResetCallback
 .text.HAL_PCD_SuspendCallback
                0x08004144       0x30 ./USB_DEVICE/Target/usbd_conf.o
                0x08004144                HAL_PCD_SuspendCallback
 .text.HAL_PCD_ResumeCallback
                0x08004174        0x8 ./USB_DEVICE/Target/usbd_conf.o
                0x08004174                HAL_PCD_ResumeCallback
 .text.HAL_PCD_ISOOUTIncompleteCallback
                0x0800417c        0x8 ./USB_DEVICE/Target/usbd_conf.o
                0x0800417c                HAL_PCD_ISOOUTIncompleteCallback
 .text.HAL_PCD_ISOINIncompleteCallback
                0x08004184        0x8 ./USB_DEVICE/Target/usbd_conf.o
                0x08004184                HAL_PCD_ISOINIncompleteCallback
 .text.HAL_PCD_ConnectCallback
                0x0800418c        0x8 ./USB_DEVICE/Target/usbd_conf.o
                0x0800418c                HAL_PCD_ConnectCallback
 .text.HAL_PCD_DisconnectCallback
                0x08004194        0x8 ./USB_DEVICE/Target/usbd_conf.o
                0x08004194                HAL_PCD_DisconnectCallback
 .text.USBD_LL_Init
                0x0800419c       0x64 ./USB_DEVICE/Target/usbd_conf.o
                0x0800419c                USBD_LL_Init
 .text.USBD_LL_Start
                0x08004200       0x18 ./USB_DEVICE/Target/usbd_conf.o
                0x08004200                USBD_LL_Start
 .text.USBD_LL_OpenEP
                0x08004218       0x1c ./USB_DEVICE/Target/usbd_conf.o
                0x08004218                USBD_LL_OpenEP
 .text.USBD_LL_CloseEP
                0x08004234       0x18 ./USB_DEVICE/Target/usbd_conf.o
                0x08004234                USBD_LL_CloseEP
 .text.USBD_LL_StallEP
                0x0800424c       0x18 ./USB_DEVICE/Target/usbd_conf.o
                0x0800424c                USBD_LL_StallEP
 .text.USBD_LL_ClearStallEP
                0x08004264       0x18 ./USB_DEVICE/Target/usbd_conf.o
                0x08004264                USBD_LL_ClearStallEP
 .text.USBD_LL_IsStallEP
                0x0800427c       0x28 ./USB_DEVICE/Target/usbd_conf.o
                0x0800427c                USBD_LL_IsStallEP
 .text.USBD_LL_SetUSBAddress
                0x080042a4       0x18 ./USB_DEVICE/Target/usbd_conf.o
                0x080042a4                USBD_LL_SetUSBAddress
 .text.USBD_LL_Transmit
                0x080042bc       0x18 ./USB_DEVICE/Target/usbd_conf.o
                0x080042bc                USBD_LL_Transmit
 .text.USBD_LL_PrepareReceive
                0x080042d4       0x18 ./USB_DEVICE/Target/usbd_conf.o
                0x080042d4                USBD_LL_PrepareReceive
 .text.USBD_LL_GetRxDataSize
                0x080042ec        0x8 ./USB_DEVICE/Target/usbd_conf.o
                0x080042ec                USBD_LL_GetRxDataSize
 .text.USBD_static_malloc
                0x080042f4        0x8 ./USB_DEVICE/Target/usbd_conf.o
                0x080042f4                USBD_static_malloc
 .text.USBD_static_free
                0x080042fc        0x4 ./USB_DEVICE/Target/usbd_conf.o
                0x080042fc                USBD_static_free
 .text.memset   0x08004300       0x10 /opt/st/stm32cubeide_1.15.0/plugins/com.st.stm32cube.ide.mcu.externaltools.gnu-tools-for-stm32.12.3.rel1.linux64_1.0.100.202403111256/tools/bin/../lib/gcc/arm-none-eabi/12.3.1/../../../../arm-none-eabi/lib/thumb/v7e-m+fp/hard/libc_nano.a(libc_a-memset.o)
                0x08004300                memset
 .text.__libc_init_array
                0x08004310       0x48 /opt/st/stm32cubeide_1.15.0/plugins/com.st.stm32cube.ide.mcu.externaltools.gnu-tools-for-stm32.12.3.rel1.linux64_1.0.100.202403111256/tools/bin/../lib/gcc/arm-none-eabi/12.3.1/../../../../arm-none-eabi/lib/thumb/v7e-m+fp/hard/libc_nano.a(libc_a-init.o)
                0x08004310                __libc_init_array
 *(.glue_7)
 .glue_7        0x08004358        0x0 linker stubs
 *(.glue_7t)
 .glue_7t       0x08004358        0x0 linker stubs
 *(.eh_frame)
 .eh_frame      0x08004358        0x0 /opt/st/stm32cubeide_1.15.0/plugins/com.st.stm32cube.ide.mcu.externaltools.gnu-tools-for-stm32.12.3.rel1.linux64_1.0.100.202403111256/tools/bin/../lib/gcc/arm-none-eabi/12.3.1/thumb/v7e-m+fp/hard/crtbegin.o
 *(.init)
 .init          0x08004358        0x4 /opt/st/stm32cubeide_1.15.0/plugins/com.st.stm32cube.ide.mcu.externaltools.gnu-tools-for-stm32.12.3.rel1.linux64_1.0.100.202403111256/tools/bin/../lib/gcc/arm-none-eabi/12.3.1/thumb/v7e-m+fp/hard/crti.o
                0x08004358                _init
 .init          0x0800435c        0x8 /opt/st/stm32cubeide_1.15.0/plugins/com.st.stm32cube.ide.mcu.externaltools.gnu-tools-for-stm32.12.3.rel1.linux64_1.0.100.202403111256/tools/bin/../lib/gcc/arm-none-eabi/12.3.1/thumb/v7e-m+fp/hard/crtn.o
 *(.fini)
 .fini          0x08004364        0x4 /opt/st/stm32cubeide_1.15.0/plugins/com.st.stm32cube.ide.mcu.externaltools.gnu-tools-for-stm32.12.3.rel1.linux64_1.0.100.202403111256/tools/bin/../lib/gcc/arm-none-eabi/12.3.1/thumb/v7e-m+fp/hard/crti.o
                0x08004364                _fini
 .fini          0x08004368        0x8 /opt/st/stm32cubeide_1.15.0/plugins/com.st.stm32cube.ide.mcu.externaltools.gnu-tools-for-stm32.12.3.rel1.linux64_1.0.100.202403111256/tools/bin/../lib/gcc/arm-none-eabi/12.3.1/thumb/v7e-m+fp/hard/crtn.o
                0x08004370                        . = ALIGN (0x4)
                0x08004370                        _etext = .

.vfp11_veneer   0x08004370        0x0
 .vfp11_veneer  0x08004370        0x0 linker stubs

.v4_bx          0x08004370        0x0
 .v4_bx         0x08004370        0x0 linker stubs

.iplt           0x08004370        0x0
 .iplt          0x08004370        0x0 /opt/st/stm32cubeide_1.15.0/plugins/com.st.stm32cube.ide.mcu.externaltools.gnu-tools-for-stm32.12.3.rel1.linux64_1.0.100.202403111256/tools/bin/../lib/gcc/arm-none-eabi/12.3.1/thumb/v7e-m+fp/hard/crtbegin.o

.rodata         0x08004370       0x60
                0x08004370                        . = ALIGN (0x4)
 *(.rodata)
 *(.rodata*)
 .rodata.APBPrescTable
                0x08004370        0x8 ./Core/Src/system_stm32f4xx.o
                0x08004370                APBPrescTable
 .rodata.AHBPrescTable
                0x08004378       0x10 ./Core/Src/system_stm32f4xx.o
                0x08004378                AHBPrescTable
 .rodata.USBD_FS_ManufacturerStrDescriptor.str1.4
                0x08004388       0x13 ./USB_DEVICE/App/usbd_desc.o
 *fill*         0x0800439b        0x1 
 .rodata.USBD_FS_ProductStrDescriptor.str1.4
                0x0800439c       0x16 ./USB_DEVICE/App/usbd_desc.o
 *fill*         0x080043b2        0x2 
 .rodata.USBD_FS_ConfigStrDescriptor.str1.4
                0x080043b4        0xb ./USB_DEVICE/App/usbd_desc.o
 *fill*         0x080043bf        0x1 
 .rodata.USBD_FS_InterfaceStrDescriptor.str1.4
                0x080043c0        0xe ./USB_DEVICE/App/usbd_desc.o
                0x080043d0                        . = ALIGN (0x4)
 *fill*         0x080043ce        0x2 

.ARM.extab      0x080043d0        0x0
                0x080043d0                        . = ALIGN (0x4)
 *(.ARM.extab* .gnu.linkonce.armextab.*)
                0x080043d0                        . = ALIGN (0x4)

.ARM            0x080043d0        0x8
                0x080043d0                        . = ALIGN (0x4)
                0x080043d0                        __exidx_start = .
 *(.ARM.exidx*)
 .ARM.exidx     0x080043d0        0x8 /opt/st/stm32cubeide_1.15.0/plugins/com.st.stm32cube.ide.mcu.externaltools.gnu-tools-for-stm32.12.3.rel1.linux64_1.0.100.202403111256/tools/bin/../lib/gcc/arm-none-eabi/12.3.1/../../../../arm-none-eabi/lib/thumb/v7e-m+fp/hard/libc_nano.a(libc_a-strlen.o)
 .ARM.exidx     0x080043d8        0x0 /opt/st/stm32cubeide_1.15.0/plugins/com.st.stm32cube.ide.mcu.externaltools.gnu-tools-for-stm32.12.3.rel1.linux64_1.0.100.202403111256/tools/bin/../lib/gcc/arm-none-eabi/12.3.1/thumb/v7e-m+fp/hard/libgcc.a(_udivmoddi4.o)
                                  0x8 (size before relaxing)
                0x080043d8                        __exidx_end = .
                0x080043d8                        . = ALIGN (0x4)

.preinit_array  0x080043d8        0x0
                0x080043d8                        . = ALIGN (0x4)
                0x080043d8                        PROVIDE (__preinit_array_start = .)
 *(.preinit_array*)
                0x080043d8                        PROVIDE (__preinit_array_end = .)
                0x080043d8                        . = ALIGN (0x4)

.init_array     0x080043d8        0x4
                0x080043d8                        . = ALIGN (0x4)
                0x080043d8                        PROVIDE (__init_array_start = .)
 *(SORT_BY_NAME(.init_array.*))
 *(.init_array*)
 .init_array    0x080043d8        0x4 /opt/st/stm32cubeide_1.15.0/plugins/com.st.stm32cube.ide.mcu.externaltools.gnu-tools-for-stm32.12.3.rel1.linux64_1.0.100.202403111256/tools/bin/../lib/gcc/arm-none-eabi/12.3.1/thumb/v7e-m+fp/hard/crtbegin.o
                0x080043dc                        PROVIDE (__init_array_end = .)
                0x080043dc                        . = ALIGN (0x4)

.fini_array     0x080043dc        0x4
                0x080043dc                        . = ALIGN (0x4)
                [!provide]                        PROVIDE (__fini_array_start = .)
 *(SORT_BY_NAME(.fini_array.*))
 *(.fini_array*)
 .fini_array    0x080043dc        0x4 /opt/st/stm32cubeide_1.15.0/plugins/com.st.stm32cube.ide.mcu.externaltools.gnu-tools-for-stm32.12.3.rel1.linux64_1.0.100.202403111256/tools/bin/../lib/gcc/arm-none-eabi/12.3.1/thumb/v7e-m+fp/hard/crtbegin.o
                [!provide]                        PROVIDE (__fini_array_end = .)
                0x080043e0                        . = ALIGN (0x4)
                0x080043e0                        _sidata = LOADADDR (.data)

.rel.dyn        0x080043e0        0x0
 .rel.iplt      0x080043e0        0x0 /opt/st/stm32cubeide_1.15.0/plugins/com.st.stm32cube.ide.mcu.externaltools.gnu-tools-for-stm32.12.3.rel1.linux64_1.0.100.202403111256/tools/bin/../lib/gcc/arm-none-eabi/12.3.1/thumb/v7e-m+fp/hard/crtbegin.o

.data           0x20000000       0xf8 load address 0x080043e0
                0x20000000                        . = ALIGN (0x4)
                0x20000000                        _sdata = .
 *(.data)
 *(.data*)
 .data.SystemCoreClock
                0x20000000        0x4 ./Core/Src/system_stm32f4xx.o
                0x20000000                SystemCoreClock
 .data.uwTickFreq
                0x20000004        0x1 ./Drivers/STM32F4xx_HAL_Driver/Src/stm32f4xx_hal.o
                0x20000004                uwTickFreq
 *fill*         0x20000005        0x3 
 .data.uwTickPrio
                0x20000008        0x4 ./Drivers/STM32F4xx_HAL_Driver/Src/stm32f4xx_hal.o
                0x20000008                uwTickPrio
 .data.USBD_CDC_CfgDesc
                0x2000000c       0x43 ./Middlewares/ST/STM32_USB_Device_Library/Class/CDC/Src/usbd_cdc.o
 *fill*         0x2000004f        0x1 
 .data.USBD_CDC
                0x20000050       0x38 ./Middlewares/ST/STM32_USB_Device_Library/Class/CDC/Src/usbd_cdc.o
                0x20000050                USBD_CDC
 .data.USBD_CDC_DeviceQualifierDesc
                0x20000088        0xa ./Middlewares/ST/STM32_USB_Device_Library/Class/CDC/Src/usbd_cdc.o
 *fill*         0x20000092        0x2 
 .data.USBD_Interface_fops_FS
                0x20000094       0x14 ./USB_DEVICE/App/usbd_cdc_if.o
                0x20000094                USBD_Interface_fops_FS
 .data.USBD_StringSerial
                0x200000a8       0x1a ./USB_DEVICE/App/usbd_desc.o
                0x200000a8                USBD_StringSerial
 *fill*         0x200000c2        0x2 
 .data.USBD_LangIDDesc
                0x200000c4        0x4 ./USB_DEVICE/App/usbd_desc.o
                0x200000c4                USBD_LangIDDesc
 .data.USBD_FS_DeviceDesc
                0x200000c8       0x12 ./USB_DEVICE/App/usbd_desc.o
                0x200000c8                USBD_FS_DeviceDesc
 *fill*         0x200000da        0x2 
 .data.FS_Desc  0x200000dc       0x1c ./USB_DEVICE/App/usbd_desc.o
                0x200000dc                FS_Desc
 *(.RamFunc)
 *(.RamFunc*)
                0x200000f8                        . = ALIGN (0x4)
                0x200000f8                        _edata = .

.igot.plt       0x200000f8        0x0 load address 0x080044d8
 .igot.plt      0x200000f8        0x0 /opt/st/stm32cubeide_1.15.0/plugins/com.st.stm32cube.ide.mcu.externaltools.gnu-tools-for-stm32.12.3.rel1.linux64_1.0.100.202403111256/tools/bin/../lib/gcc/arm-none-eabi/12.3.1/thumb/v7e-m+fp/hard/crtbegin.o
                0x200000f8                        . = ALIGN (0x4)

.bss            0x200000f8     0x145c load address 0x080044d8
                0x200000f8                        _sbss = .
                0x200000f8                        __bss_start__ = _sbss
 *(.bss)
 .bss           0x200000f8       0x1c /opt/st/stm32cubeide_1.15.0/plugins/com.st.stm32cube.ide.mcu.externaltools.gnu-tools-for-stm32.12.3.rel1.linux64_1.0.100.202403111256/tools/bin/../lib/gcc/arm-none-eabi/12.3.1/thumb/v7e-m+fp/hard/crtbegin.o
 *(.bss*)
 *fill*         0x20000114        0x4 
 .bss.hi2c1     0x20000118       0x54 ./Core/Src/main.o
                0x20000118                hi2c1
 .bss.uwTick    0x2000016c        0x4 ./Drivers/STM32F4xx_HAL_Driver/Src/stm32f4xx_hal.o
                0x2000016c                uwTick
 .bss.cfgidx.0  0x20000170        0x1 ./Middlewares/ST/STM32_USB_Device_Library/Core/Src/usbd_ctlreq.o
 *fill*         0x20000171        0x3 
 .bss.hUsbDeviceFS
                0x20000174      0x2dc ./USB_DEVICE/App/usb_device.o
                0x20000174                hUsbDeviceFS
 .bss.UserTxBufferFS
                0x20000450      0x400 ./USB_DEVICE/App/usbd_cdc_if.o
                0x20000450                UserTxBufferFS
 .bss.UserRxBufferFS
                0x20000850      0x400 ./USB_DEVICE/App/usbd_cdc_if.o
                0x20000850                UserRxBufferFS
 .bss.USBD_StrDesc
                0x20000c50      0x200 ./USB_DEVICE/App/usbd_desc.o
                0x20000c50                USBD_StrDesc
 .bss.mem.0     0x20000e50      0x220 ./USB_DEVICE/Target/usbd_conf.o
 .bss.hpcd_USB_OTG_FS
                0x20001070      0x4e4 ./USB_DEVICE/Target/usbd_conf.o
                0x20001070                hpcd_USB_OTG_FS
 *(COMMON)
                0x20001554                        . = ALIGN (0x4)
                0x20001554                        _ebss = .
                0x20001554                        __bss_end__ = _ebss

._user_heap_stack
                0x20001554      0x604 load address 0x080044d8
                0x20001558                        . = ALIGN (0x8)
 *fill*         0x20001554        0x4 
                [!provide]                        PROVIDE (end = .)
                0x20001558                        PROVIDE (_end = .)
                0x20001758                        . = (. + _Min_Heap_Size)
 *fill*         0x20001558      0x200 
                0x20001b58                        . = (. + _Min_Stack_Size)
 *fill*         0x20001758      0x400 
                0x20001b58                        . = ALIGN (0x8)

/DISCARD/
 libc.a(*)
 libm.a(*)
 libgcc.a(*)

.ARM.attributes
                0x00000000       0x30
 *(.ARM.attributes)
 .ARM.attributes
                0x00000000       0x22 /opt/st/stm32cubeide_1.15.0/plugins/com.st.stm32cube.ide.mcu.externaltools.gnu-tools-for-stm32.12.3.rel1.linux64_1.0.100.202403111256/tools/bin/../lib/gcc/arm-none-eabi/12.3.1/thumb/v7e-m+fp/hard/crti.o
 .ARM.attributes
                0x00000022       0x34 /opt/st/stm32cubeide_1.15.0/plugins/com.st.stm32cube.ide.mcu.externaltools.gnu-tools-for-stm32.12.3.rel1.linux64_1.0.100.202403111256/tools/bin/../lib/gcc/arm-none-eabi/12.3.1/thumb/v7e-m+fp/hard/crtbegin.o
 .ARM.attributes
                0x00000056       0x30 ./Application/Src/control.o
 .ARM.attributes
                0x00000086       0x30 ./Core/Src/main.o
 .ARM.attributes
                0x000000b6       0x30 ./Core/Src/stm32f4xx_hal_msp.o
 .ARM.attributes
                0x000000e6       0x30 ./Core/Src/stm32f4xx_it.o
 .ARM.attributes
                0x00000116       0x30 ./Core/Src/system_stm32f4xx.o
 .ARM.attributes
                0x00000146       0x21 ./Core/Startup/startup_stm32f401rctx.o
 .ARM.attributes
                0x00000167       0x30 ./Drivers/STM32F4xx_HAL_Driver/Src/stm32f4xx_hal.o
 .ARM.attributes
                0x00000197       0x30 ./Drivers/STM32F4xx_HAL_Driver/Src/stm32f4xx_hal_cortex.o
 .ARM.attributes
                0x000001c7       0x30 ./Drivers/STM32F4xx_HAL_Driver/Src/stm32f4xx_hal_gpio.o
 .ARM.attributes
                0x000001f7       0x30 ./Drivers/STM32F4xx_HAL_Driver/Src/stm32f4xx_hal_i2c.o
 .ARM.attributes
                0x00000227       0x30 ./Drivers/STM32F4xx_HAL_Driver/Src/stm32f4xx_hal_pcd.o
 .ARM.attributes
                0x00000257       0x30 ./Drivers/STM32F4xx_HAL_Driver/Src/stm32f4xx_hal_pcd_ex.o
 .ARM.attributes
                0x00000287       0x30 ./Drivers/STM32F4xx_HAL_Driver/Src/stm32f4xx_hal_rcc.o
 .ARM.attributes
                0x000002b7       0x30 ./Drivers/STM32F4xx_HAL_Driver/Src/stm32f4xx_ll_usb.o
 .ARM.attributes
                0x000002e7       0x30 ./Middlewares/ST/STM32_USB_Device_Library/Class/CDC/Src/usbd_cdc.o
 .ARM.attributes
                0x00000317       0x30 ./Middlewares/ST/STM32_USB_Device_Library/Core/Src/usbd_core.o
 .ARM.attributes
                0x00000347       0x30 ./Middlewares/ST/STM32_USB_Device_Library/Core/Src/usbd_ctlreq.o
 .ARM.attributes
                0x00000377       0x30 ./Middlewares/ST/STM32_USB_Device_Library/Core/Src/usbd_ioreq.o
 .ARM.attributes
                0x000003a7       0x30 ./USB_DEVICE/App/usb_device.o
 .ARM.attributes
                0x000003d7       0x30 ./USB_DEVICE/App/usbd_cdc_if.o
 .ARM.attributes
                0x00000407       0x30 ./USB_DEVICE/App/usbd_desc.o
 .ARM.attributes
                0x00000437       0x30 ./USB_DEVICE/Target/usbd_conf.o
 .ARM.attributes
                0x00000467       0x34 /opt/st/stm32cubeide_1.15.0/plugins/com.st.stm32cube.ide.mcu.externaltools.gnu-tools-for-stm32.12.3.rel1.linux64_1.0.100.202403111256/tools/bin/../lib/gcc/arm-none-eabi/12.3.1/../../../../arm-none-eabi/lib/thumb/v7e-m+fp/hard/libc_nano.a(libc_a-memset.o)
 .ARM.attributes
                0x0000049b       0x34 /opt/st/stm32cubeide_1.15.0/plugins/com.st.stm32cube.ide.mcu.externaltools.gnu-tools-for-stm32.12.3.rel1.linux64_1.0.100.202403111256/tools/bin/../lib/gcc/arm-none-eabi/12.3.1/../../../../arm-none-eabi/lib/thumb/v7e-m+fp/hard/libc_nano.a(libc_a-init.o)
 .ARM.attributes
                0x000004cf       0x17 /opt/st/stm32cubeide_1.15.0/plugins/com.st.stm32cube.ide.mcu.externaltools.gnu-tools-for-stm32.12.3.rel1.linux64_1.0.100.202403111256/tools/bin/../lib/gcc/arm-none-eabi/12.3.1/../../../../arm-none-eabi/lib/thumb/v7e-m+fp/hard/libc_nano.a(libc_a-strlen.o)
 .ARM.attributes
                0x000004e6       0x22 /opt/st/stm32cubeide_1.15.0/plugins/com.st.stm32cube.ide.mcu.externaltools.gnu-tools-for-stm32.12.3.rel1.linux64_1.0.100.202403111256/tools/bin/../lib/gcc/arm-none-eabi/12.3.1/thumb/v7e-m+fp/hard/libgcc.a(_aeabi_uldivmod.o)
 .ARM.attributes
                0x00000508       0x34 /opt/st/stm32cubeide_1.15.0/plugins/com.st.stm32cube.ide.mcu.externaltools.gnu-tools-for-stm32.12.3.rel1.linux64_1.0.100.202403111256/tools/bin/../lib/gcc/arm-none-eabi/12.3.1/thumb/v7e-m+fp/hard/libgcc.a(_udivmoddi4.o)
 .ARM.attributes
                0x0000053c       0x22 /opt/st/stm32cubeide_1.15.0/plugins/com.st.stm32cube.ide.mcu.externaltools.gnu-tools-for-stm32.12.3.rel1.linux64_1.0.100.202403111256/tools/bin/../lib/gcc/arm-none-eabi/12.3.1/thumb/v7e-m+fp/hard/libgcc.a(_dvmd_tls.o)
 .ARM.attributes
                0x0000055e       0x22 /opt/st/stm32cubeide_1.15.0/plugins/com.st.stm32cube.ide.mcu.externaltools.gnu-tools-for-stm32.12.3.rel1.linux64_1.0.100.202403111256/tools/bin/../lib/gcc/arm-none-eabi/12.3.1/thumb/v7e-m+fp/hard/crtn.o
OUTPUT(BoatController.elf elf32-littlearm)
LOAD linker stubs
LOAD /opt/st/stm32cubeide_1.15.0/plugins/com.st.stm32cube.ide.mcu.externaltools.gnu-tools-for-stm32.12.3.rel1.linux64_1.0.100.202403111256/tools/bin/../lib/gcc/arm-none-eabi/12.3.1/../../../../arm-none-eabi/lib/thumb/v7e-m+fp/hard/libc.a
LOAD /opt/st/stm32cubeide_1.15.0/plugins/com.st.stm32cube.ide.mcu.externaltools.gnu-tools-for-stm32.12.3.rel1.linux64_1.0.100.202403111256/tools/bin/../lib/gcc/arm-none-eabi/12.3.1/../../../../arm-none-eabi/lib/thumb/v7e-m+fp/hard/libm.a
LOAD /opt/st/stm32cubeide_1.15.0/plugins/com.st.stm32cube.ide.mcu.externaltools.gnu-tools-for-stm32.12.3.rel1.linux64_1.0.100.202403111256/tools/bin/../lib/gcc/arm-none-eabi/12.3.1/thumb/v7e-m+fp/hard/libgcc.a

.debug_info     0x00000000    0x14f73
 .debug_info    0x00000000       0x4b ./Application/Src/control.o
 .debug_info    0x0000004b      0xbda ./Core/Src/main.o
 .debug_info    0x00000c25      0x9c6 ./Core/Src/stm32f4xx_hal_msp.o
 .debug_info    0x000015eb      0x637 ./Core/Src/stm32f4xx_it.o
 .debug_info    0x00001c22      0x557 ./Core/Src/system_stm32f4xx.o
 .debug_info    0x00002179       0x30 ./Core/Startup/startup_stm32f401rctx.o
 .debug_info    0x000021a9      0x993 ./Drivers/STM32F4xx_HAL_Driver/Src/stm32f4xx_hal.o
 .debug_info    0x00002b3c      0xf5c ./Drivers/STM32F4xx_HAL_Driver/Src/stm32f4xx_hal_cortex.o
 .debug_info    0x00003a98      0x742 ./Drivers/STM32F4xx_HAL_Driver/Src/stm32f4xx_hal_gpio.o
 .debug_info    0x000041da     0x3df1 ./Drivers/STM32F4xx_HAL_Driver/Src/stm32f4xx_hal_i2c.o
 .debug_info    0x00007fcb     0x1e83 ./Drivers/STM32F4xx_HAL_Driver/Src/stm32f4xx_hal_pcd.o
 .debug_info    0x00009e4e      0x70b ./Drivers/STM32F4xx_HAL_Driver/Src/stm32f4xx_hal_pcd_ex.o
 .debug_info    0x0000a559      0xb0e ./Drivers/STM32F4xx_HAL_Driver/Src/stm32f4xx_hal_rcc.o
 .debug_info    0x0000b067     0x226d ./Drivers/STM32F4xx_HAL_Driver/Src/stm32f4xx_ll_usb.o
 .debug_info    0x0000d2d4     0x16a1 ./Middlewares/ST/STM32_USB_Device_Library/Class/CDC/Src/usbd_cdc.o
 .debug_info    0x0000e975     0x11d1 ./Middlewares/ST/STM32_USB_Device_Library/Core/Src/usbd_core.o
 .debug_info    0x0000fb46     0x1294 ./Middlewares/ST/STM32_USB_Device_Library/Core/Src/usbd_ctlreq.o
 .debug_info    0x00010dda      0x886 ./Middlewares/ST/STM32_USB_Device_Library/Core/Src/usbd_ioreq.o
 .debug_info    0x00011660      0x7cc ./USB_DEVICE/App/usb_device.o
 .debug_info    0x00011e2c      0x99a ./USB_DEVICE/App/usbd_cdc_if.o
 .debug_info    0x000127c6      0x5bf ./USB_DEVICE/App/usbd_desc.o
 .debug_info    0x00012d85     0x21ee ./USB_DEVICE/Target/usbd_conf.o

.debug_abbrev   0x00000000     0x398a
 .debug_abbrev  0x00000000       0x49 ./Application/Src/control.o
 .debug_abbrev  0x00000049      0x2c9 ./Core/Src/main.o
 .debug_abbrev  0x00000312      0x1d9 ./Core/Src/stm32f4xx_hal_msp.o
 .debug_abbrev  0x000004eb      0x1e7 ./Core/Src/stm32f4xx_it.o
 .debug_abbrev  0x000006d2      0x120 ./Core/Src/system_stm32f4xx.o
 .debug_abbrev  0x000007f2       0x24 ./Core/Startup/startup_stm32f401rctx.o
 .debug_abbrev  0x00000816      0x2bc ./Drivers/STM32F4xx_HAL_Driver/Src/stm32f4xx_hal.o
 .debug_abbrev  0x00000ad2      0x393 ./Drivers/STM32F4xx_HAL_Driver/Src/stm32f4xx_hal_cortex.o
 .debug_abbrev  0x00000e65      0x214 ./Drivers/STM32F4xx_HAL_Driver/Src/stm32f4xx_hal_gpio.o
 .debug_abbrev  0x00001079      0x45b ./Drivers/STM32F4xx_HAL_Driver/Src/stm32f4xx_hal_i2c.o
 .debug_abbrev  0x000014d4      0x3c5 ./Drivers/STM32F4xx_HAL_Driver/Src/stm32f4xx_hal_pcd.o
 .debug_abbrev  0x00001899      0x1fa ./Drivers/STM32F4xx_HAL_Driver/Src/stm32f4xx_hal_pcd_ex.o
 .debug_abbrev  0x00001a93      0x34a ./Drivers/STM32F4xx_HAL_Driver/Src/stm32f4xx_hal_rcc.o
 .debug_abbrev  0x00001ddd      0x43c ./Drivers/STM32F4xx_HAL_Driver/Src/stm32f4xx_ll_usb.o
 .debug_abbrev  0x00002219      0x39f ./Middlewares/ST/STM32_USB_Device_Library/Class/CDC/Src/usbd_cdc.o
 .debug_abbrev  0x000025b8      0x3a8 ./Middlewares/ST/STM32_USB_Device_Library/Core/Src/usbd_core.o
 .debug_abbrev  0x00002960      0x3e4 ./Middlewares/ST/STM32_USB_Device_Library/Core/Src/usbd_ctlreq.o
 .debug_abbrev  0x00002d44      0x1be ./Middlewares/ST/STM32_USB_Device_Library/Core/Src/usbd_ioreq.o
 .debug_abbrev  0x00002f02      0x1be ./USB_DEVICE/App/usb_device.o
 .debug_abbrev  0x000030c0      0x2da ./USB_DEVICE/App/usbd_cdc_if.o
 .debug_abbrev  0x0000339a      0x240 ./USB_DEVICE/App/usbd_desc.o
 .debug_abbrev  0x000035da      0x3b0 ./USB_DEVICE/Target/usbd_conf.o

.debug_aranges  0x00000000      0xc70
 .debug_aranges
                0x00000000       0x28 ./Application/Src/control.o
 .debug_aranges
                0x00000028       0x30 ./Core/Src/main.o
 .debug_aranges
                0x00000058       0x30 ./Core/Src/stm32f4xx_hal_msp.o
 .debug_aranges
                0x00000088       0x68 ./Core/Src/stm32f4xx_it.o
 .debug_aranges
                0x000000f0       0x28 ./Core/Src/system_stm32f4xx.o
 .debug_aranges
                0x00000118       0x28 ./Core/Startup/startup_stm32f401rctx.o
 .debug_aranges
                0x00000140       0xf0 ./Drivers/STM32F4xx_HAL_Driver/Src/stm32f4xx_hal.o
 .debug_aranges
                0x00000230       0xb0 ./Drivers/STM32F4xx_HAL_Driver/Src/stm32f4xx_hal_cortex.o
 .debug_aranges
                0x000002e0       0x58 ./Drivers/STM32F4xx_HAL_Driver/Src/stm32f4xx_hal_gpio.o
 .debug_aranges
                0x00000338      0x1e8 ./Drivers/STM32F4xx_HAL_Driver/Src/stm32f4xx_hal_i2c.o
 .debug_aranges
                0x00000520      0x130 ./Drivers/STM32F4xx_HAL_Driver/Src/stm32f4xx_hal_pcd.o
 .debug_aranges
                0x00000650       0x38 ./Drivers/STM32F4xx_HAL_Driver/Src/stm32f4xx_hal_pcd_ex.o
 .debug_aranges
                0x00000688       0x88 ./Drivers/STM32F4xx_HAL_Driver/Src/stm32f4xx_hal_rcc.o
 .debug_aranges
                0x00000710      0x198 ./Drivers/STM32F4xx_HAL_Driver/Src/stm32f4xx_ll_usb.o
 .debug_aranges
                0x000008a8       0x90 ./Middlewares/ST/STM32_USB_Device_Library/Class/CDC/Src/usbd_cdc.o
 .debug_aranges
                0x00000938       0xd8 ./Middlewares/ST/STM32_USB_Device_Library/Core/Src/usbd_core.o
 .debug_aranges
                0x00000a10       0x48 ./Middlewares/ST/STM32_USB_Device_Library/Core/Src/usbd_ctlreq.o
 .debug_aranges
                0x00000a58       0x50 ./Middlewares/ST/STM32_USB_Device_Library/Core/Src/usbd_ioreq.o
 .debug_aranges
                0x00000aa8       0x20 ./USB_DEVICE/App/usb_device.o
 .debug_aranges
                0x00000ac8       0x48 ./USB_DEVICE/App/usbd_cdc_if.o
 .debug_aranges
                0x00000b10       0x50 ./USB_DEVICE/App/usbd_desc.o
 .debug_aranges
                0x00000b60      0x110 ./USB_DEVICE/Target/usbd_conf.o

.debug_rnglists
                0x00000000     0x131e
 .debug_rnglists
                0x00000000       0x19 ./Application/Src/control.o
 .debug_rnglists
                0x00000019       0xa8 ./Core/Src/main.o
 .debug_rnglists
                0x000000c1       0x3a ./Core/Src/stm32f4xx_hal_msp.o
 .debug_rnglists
                0x000000fb       0x49 ./Core/Src/stm32f4xx_it.o
 .debug_rnglists
                0x00000144       0x19 ./Core/Src/system_stm32f4xx.o
 .debug_rnglists
                0x0000015d       0x19 ./Core/Startup/startup_stm32f401rctx.o
 .debug_rnglists
                0x00000176       0xaf ./Drivers/STM32F4xx_HAL_Driver/Src/stm32f4xx_hal.o
 .debug_rnglists
                0x00000225       0xf4 ./Drivers/STM32F4xx_HAL_Driver/Src/stm32f4xx_hal_cortex.o
 .debug_rnglists
                0x00000319       0x4b ./Drivers/STM32F4xx_HAL_Driver/Src/stm32f4xx_hal_gpio.o
 .debug_rnglists
                0x00000364      0x759 ./Drivers/STM32F4xx_HAL_Driver/Src/stm32f4xx_hal_i2c.o
 .debug_rnglists
                0x00000abd      0x214 ./Drivers/STM32F4xx_HAL_Driver/Src/stm32f4xx_hal_pcd.o
 .debug_rnglists
                0x00000cd1       0x26 ./Drivers/STM32F4xx_HAL_Driver/Src/stm32f4xx_hal_pcd_ex.o
 .debug_rnglists
                0x00000cf7       0xbe ./Drivers/STM32F4xx_HAL_Driver/Src/stm32f4xx_hal_rcc.o
 .debug_rnglists
                0x00000db5      0x20c ./Drivers/STM32F4xx_HAL_Driver/Src/stm32f4xx_ll_usb.o
 .debug_rnglists
                0x00000fc1       0x69 ./Middlewares/ST/STM32_USB_Device_Library/Class/CDC/Src/usbd_cdc.o
 .debug_rnglists
                0x0000102a       0xad ./Middlewares/ST/STM32_USB_Device_Library/Core/Src/usbd_core.o
 .debug_rnglists
                0x000010d7       0x8b ./Middlewares/ST/STM32_USB_Device_Library/Core/Src/usbd_ctlreq.o
 .debug_rnglists
                0x00001162       0x37 ./Middlewares/ST/STM32_USB_Device_Library/Core/Src/usbd_ioreq.o
 .debug_rnglists
                0x00001199       0x13 ./USB_DEVICE/App/usb_device.o
 .debug_rnglists
                0x000011ac       0x31 ./USB_DEVICE/App/usbd_cdc_if.o
 .debug_rnglists
                0x000011dd       0x5b ./USB_DEVICE/App/usbd_desc.o
 .debug_rnglists
                0x00001238       0xe6 ./USB_DEVICE/Target/usbd_conf.o

.debug_macro    0x00000000    0x18149
 .debug_macro   0x00000000       0x1b ./Application/Src/control.o
 .debug_macro   0x0000001b      0xad8 ./Application/Src/control.o
 .debug_macro   0x00000af3      0x365 ./Core/Src/main.o
 .debug_macro   0x00000e58      0x29b ./Core/Src/main.o
 .debug_macro   0x000010f3       0x2e ./Core/Src/main.o
 .debug_macro   0x00001121       0x28 ./Core/Src/main.o
 .debug_macro   0x00001149       0x22 ./Core/Src/main.o
 .debug_macro   0x0000116b       0x8e ./Core/Src/main.o
 .debug_macro   0x000011f9       0x51 ./Core/Src/main.o
 .debug_macro   0x0000124a      0x103 ./Core/Src/main.o
 .debug_macro   0x0000134d       0x6a ./Core/Src/main.o
 .debug_macro   0x000013b7      0x1df ./Core/Src/main.o
 .debug_macro   0x00001596       0x1c ./Core/Src/main.o
 .debug_macro   0x000015b2       0x22 ./Core/Src/main.o
 .debug_macro   0x000015d4       0xfb ./Core/Src/main.o
 .debug_macro   0x000016cf     0x1011 ./Core/Src/main.o
 .debug_macro   0x000026e0      0x11f ./Core/Src/main.o
 .debug_macro   0x000027ff     0xb86c ./Core/Src/main.o
 .debug_macro   0x0000e06b       0x6d ./Core/Src/main.o
 .debug_macro   0x0000e0d8     0x368c ./Core/Src/main.o
 .debug_macro   0x00011764      0x189 ./Core/Src/main.o
 .debug_macro   0x000118ed       0x5c ./Core/Src/main.o
 .debug_macro   0x00011949      0x416 ./Core/Src/main.o
 .debug_macro   0x00011d5f      0x9e9 ./Core/Src/main.o
 .debug_macro   0x00012748      0x115 ./Core/Src/main.o
 .debug_macro   0x0001285d       0xf8 ./Core/Src/main.o
 .debug_macro   0x00012955       0xa5 ./Core/Src/main.o
 .debug_macro   0x000129fa      0x15f ./Core/Src/main.o
 .debug_macro   0x00012b59      0x287 ./Core/Src/main.o
 .debug_macro   0x00012de0       0x5f ./Core/Src/main.o
 .debug_macro   0x00012e3f      0x236 ./Core/Src/main.o
 .debug_macro   0x00013075      0x132 ./Core/Src/main.o
 .debug_macro   0x000131a7      0x23a ./Core/Src/main.o
 .debug_macro   0x000133e1       0x2e ./Core/Src/main.o
 .debug_macro   0x0001340f      0x1b5 ./Core/Src/main.o
 .debug_macro   0x000135c4       0x22 ./Core/Src/main.o
 .debug_macro   0x000135e6       0xd6 ./Core/Src/main.o
 .debug_macro   0x000136bc      0x127 ./Core/Src/main.o
 .debug_macro   0x000137e3       0x85 ./Core/Src/main.o
 .debug_macro   0x00013868       0x89 ./Core/Src/main.o
 .debug_macro   0x000138f1      0x293 ./Core/Src/main.o
 .debug_macro   0x00013b84       0xba ./Core/Src/main.o
 .debug_macro   0x00013c3e      0x126 ./Core/Src/main.o
 .debug_macro   0x00013d64       0x61 ./Core/Src/main.o
 .debug_macro   0x00013dc5       0x2a ./Core/Src/main.o
 .debug_macro   0x00013def       0x43 ./Core/Src/main.o
 .debug_macro   0x00013e32       0x34 ./Core/Src/main.o
 .debug_macro   0x00013e66       0x16 ./Core/Src/main.o
 .debug_macro   0x00013e7c       0x35 ./Core/Src/main.o
 .debug_macro   0x00013eb1      0x369 ./Core/Src/main.o
 .debug_macro   0x0001421a       0x10 ./Core/Src/main.o
 .debug_macro   0x0001422a       0x16 ./Core/Src/main.o
 .debug_macro   0x00014240       0x43 ./Core/Src/main.o
 .debug_macro   0x00014283       0x34 ./Core/Src/main.o
 .debug_macro   0x000142b7       0x10 ./Core/Src/main.o
 .debug_macro   0x000142c7       0x58 ./Core/Src/main.o
 .debug_macro   0x0001431f       0x8e ./Core/Src/main.o
 .debug_macro   0x000143ad       0x1c ./Core/Src/main.o
 .debug_macro   0x000143c9      0x177 ./Core/Src/main.o
 .debug_macro   0x00014540       0x16 ./Core/Src/main.o
 .debug_macro   0x00014556       0x16 ./Core/Src/main.o
 .debug_macro   0x0001456c      0x146 ./Core/Src/main.o
 .debug_macro   0x000146b2       0x16 ./Core/Src/main.o
 .debug_macro   0x000146c8       0x16 ./Core/Src/main.o
 .debug_macro   0x000146de       0x29 ./Core/Src/main.o
 .debug_macro   0x00014707       0x16 ./Core/Src/main.o
 .debug_macro   0x0001471d       0x20 ./Core/Src/main.o
 .debug_macro   0x0001473d       0x65 ./Core/Src/main.o
 .debug_macro   0x000147a2      0x20f ./Core/Src/main.o
 .debug_macro   0x000149b1      0x1f7 ./Core/Src/stm32f4xx_hal_msp.o
 .debug_macro   0x00014ba8      0x201 ./Core/Src/stm32f4xx_it.o
 .debug_macro   0x00014da9      0x1ed ./Core/Src/system_stm32f4xx.o
 .debug_macro   0x00014f96      0x24d ./Drivers/STM32F4xx_HAL_Driver/Src/stm32f4xx_hal.o
 .debug_macro   0x000151e3      0x1ed ./Drivers/STM32F4xx_HAL_Driver/Src/stm32f4xx_hal_cortex.o
 .debug_macro   0x000153d0      0x1f3 ./Drivers/STM32F4xx_HAL_Driver/Src/stm32f4xx_hal_gpio.o
 .debug_macro   0x000155c3      0x23b ./Drivers/STM32F4xx_HAL_Driver/Src/stm32f4xx_hal_i2c.o
 .debug_macro   0x000157fe      0x1f9 ./Drivers/STM32F4xx_HAL_Driver/Src/stm32f4xx_hal_pcd.o
 .debug_macro   0x000159f7      0x1ed ./Drivers/STM32F4xx_HAL_Driver/Src/stm32f4xx_hal_pcd_ex.o
 .debug_macro   0x00015be4      0x211 ./Drivers/STM32F4xx_HAL_Driver/Src/stm32f4xx_hal_rcc.o
 .debug_macro   0x00015df5      0x1ed ./Drivers/STM32F4xx_HAL_Driver/Src/stm32f4xx_ll_usb.o
 .debug_macro   0x00015fe2      0x386 ./Middlewares/ST/STM32_USB_Device_Library/Class/CDC/Src/usbd_cdc.o
 .debug_macro   0x00016368       0x9e ./Middlewares/ST/STM32_USB_Device_Library/Class/CDC/Src/usbd_cdc.o
 .debug_macro   0x00016406      0x10b ./Middlewares/ST/STM32_USB_Device_Library/Class/CDC/Src/usbd_cdc.o
 .debug_macro   0x00016511       0x56 ./Middlewares/ST/STM32_USB_Device_Library/Class/CDC/Src/usbd_cdc.o
 .debug_macro   0x00016567       0x95 ./Middlewares/ST/STM32_USB_Device_Library/Class/CDC/Src/usbd_cdc.o
 .debug_macro   0x000165fc      0x36d ./Middlewares/ST/STM32_USB_Device_Library/Core/Src/usbd_core.o
 .debug_macro   0x00016969      0x215 ./Middlewares/ST/STM32_USB_Device_Library/Core/Src/usbd_core.o
 .debug_macro   0x00016b7e      0x377 ./Middlewares/ST/STM32_USB_Device_Library/Core/Src/usbd_ctlreq.o
 .debug_macro   0x00016ef5      0x373 ./Middlewares/ST/STM32_USB_Device_Library/Core/Src/usbd_ioreq.o
 .debug_macro   0x00017268      0x3ac ./USB_DEVICE/App/usb_device.o
 .debug_macro   0x00017614       0x22 ./USB_DEVICE/App/usb_device.o
 .debug_macro   0x00017636       0x16 ./USB_DEVICE/App/usb_device.o
 .debug_macro   0x0001764c      0x391 ./USB_DEVICE/App/usbd_cdc_if.o
 .debug_macro   0x000179dd       0x10 ./USB_DEVICE/App/usbd_cdc_if.o
 .debug_macro   0x000179ed      0x3b0 ./USB_DEVICE/App/usbd_desc.o
 .debug_macro   0x00017d9d       0x1c ./USB_DEVICE/App/usbd_desc.o
 .debug_macro   0x00017db9      0x390 ./USB_DEVICE/Target/usbd_conf.o

.debug_line     0x00000000    0x18d0b
 .debug_line    0x00000000       0x7e ./Application/Src/control.o
 .debug_line    0x0000007e      0xb1b ./Core/Src/main.o
 .debug_line    0x00000b99      0x77e ./Core/Src/stm32f4xx_hal_msp.o
 .debug_line    0x00001317      0x7d3 ./Core/Src/stm32f4xx_it.o
 .debug_line    0x00001aea      0x74d ./Core/Src/system_stm32f4xx.o
 .debug_line    0x00002237       0x7a ./Core/Startup/startup_stm32f401rctx.o
 .debug_line    0x000022b1      0xa78 ./Drivers/STM32F4xx_HAL_Driver/Src/stm32f4xx_hal.o
 .debug_line    0x00002d29      0xd0b ./Drivers/STM32F4xx_HAL_Driver/Src/stm32f4xx_hal_cortex.o
 .debug_line    0x00003a34      0xcd7 ./Drivers/STM32F4xx_HAL_Driver/Src/stm32f4xx_hal_gpio.o
 .debug_line    0x0000470b     0x6c70 ./Drivers/STM32F4xx_HAL_Driver/Src/stm32f4xx_hal_i2c.o
 .debug_line    0x0000b37b     0x27f9 ./Drivers/STM32F4xx_HAL_Driver/Src/stm32f4xx_hal_pcd.o
 .debug_line    0x0000db74      0x8fe ./Drivers/STM32F4xx_HAL_Driver/Src/stm32f4xx_hal_pcd_ex.o
 .debug_line    0x0000e472     0x1051 ./Drivers/STM32F4xx_HAL_Driver/Src/stm32f4xx_hal_rcc.o
 .debug_line    0x0000f4c3     0x2e86 ./Drivers/STM32F4xx_HAL_Driver/Src/stm32f4xx_ll_usb.o
 .debug_line    0x00012349      0xfff ./Middlewares/ST/STM32_USB_Device_Library/Class/CDC/Src/usbd_cdc.o
 .debug_line    0x00013348     0x10e5 ./Middlewares/ST/STM32_USB_Device_Library/Core/Src/usbd_core.o
 .debug_line    0x0001442d     0x1193 ./Middlewares/ST/STM32_USB_Device_Library/Core/Src/usbd_ctlreq.o
 .debug_line    0x000155c0      0xa2e ./Middlewares/ST/STM32_USB_Device_Library/Core/Src/usbd_ioreq.o
 .debug_line    0x00015fee      0x9cd ./USB_DEVICE/App/usb_device.o
 .debug_line    0x000169bb      0xa11 ./USB_DEVICE/App/usbd_cdc_if.o
 .debug_line    0x000173cc      0xa32 ./USB_DEVICE/App/usbd_desc.o
 .debug_line    0x00017dfe      0xf0d ./USB_DEVICE/Target/usbd_conf.o

.debug_str      0x00000000    0x88cde
 .debug_str     0x00000000     0x2eaf ./Application/Src/control.o
 .debug_str     0x00002eaf    0x81a63 ./Core/Src/main.o
                              0x84c1f (size before relaxing)
 .debug_str     0x00084912       0xd3 ./Core/Src/stm32f4xx_hal_msp.o
                              0x80835 (size before relaxing)
 .debug_str     0x000849e5      0x460 ./Core/Src/stm32f4xx_it.o
                              0x80639 (size before relaxing)
 .debug_str     0x00084e45       0xdb ./Core/Src/system_stm32f4xx.o
                              0x80342 (size before relaxing)
 .debug_str     0x00084f20       0x44 ./Core/Startup/startup_stm32f401rctx.o
                                 0x85 (size before relaxing)
 .debug_str     0x00084f64      0x9ae ./Drivers/STM32F4xx_HAL_Driver/Src/stm32f4xx_hal.o
                              0x80d64 (size before relaxing)
 .debug_str     0x00085912      0x35a ./Drivers/STM32F4xx_HAL_Driver/Src/stm32f4xx_hal_cortex.o
                              0x80a9c (size before relaxing)
 .debug_str     0x00085c6c      0x15d ./Drivers/STM32F4xx_HAL_Driver/Src/stm32f4xx_hal_gpio.o
                              0x804bd (size before relaxing)
 .debug_str     0x00085dc9      0xb45 ./Drivers/STM32F4xx_HAL_Driver/Src/stm32f4xx_hal_i2c.o
                              0x81353 (size before relaxing)
 .debug_str     0x0008690e      0x831 ./Drivers/STM32F4xx_HAL_Driver/Src/stm32f4xx_hal_pcd.o
                              0x80e0e (size before relaxing)
 .debug_str     0x0008713f      0x115 ./Drivers/STM32F4xx_HAL_Driver/Src/stm32f4xx_hal_pcd_ex.o
                              0x806fe (size before relaxing)
 .debug_str     0x00087254      0x210 ./Drivers/STM32F4xx_HAL_Driver/Src/stm32f4xx_hal_rcc.o
                              0x80787 (size before relaxing)
 .debug_str     0x00087464      0x4b0 ./Drivers/STM32F4xx_HAL_Driver/Src/stm32f4xx_ll_usb.o
                              0x80ce9 (size before relaxing)
 .debug_str     0x00087914      0xa4c ./Middlewares/ST/STM32_USB_Device_Library/Class/CDC/Src/usbd_cdc.o
                              0x85312 (size before relaxing)
 .debug_str     0x00088360      0x35c ./Middlewares/ST/STM32_USB_Device_Library/Core/Src/usbd_core.o
                              0x84c5a (size before relaxing)
 .debug_str     0x000886bc      0x14a ./Middlewares/ST/STM32_USB_Device_Library/Core/Src/usbd_ctlreq.o
                              0x84a9d (size before relaxing)
 .debug_str     0x00088806       0x51 ./Middlewares/ST/STM32_USB_Device_Library/Core/Src/usbd_ioreq.o
                              0x8495a (size before relaxing)
 .debug_str     0x00088857      0x105 ./USB_DEVICE/App/usb_device.o
                              0x84d0d (size before relaxing)
 .debug_str     0x0008895c       0xa1 ./USB_DEVICE/App/usbd_cdc_if.o
                              0x84d4d (size before relaxing)
 .debug_str     0x000889fd      0x26e ./USB_DEVICE/App/usbd_desc.o
                              0x8485a (size before relaxing)
 .debug_str     0x00088c6b       0x73 ./USB_DEVICE/Target/usbd_conf.o
                              0x859ff (size before relaxing)

.comment        0x00000000       0x43
 .comment       0x00000000       0x43 ./Application/Src/control.o
                                 0x44 (size before relaxing)
 .comment       0x00000043       0x44 ./Core/Src/main.o
 .comment       0x00000043       0x44 ./Core/Src/stm32f4xx_hal_msp.o
 .comment       0x00000043       0x44 ./Core/Src/stm32f4xx_it.o
 .comment       0x00000043       0x44 ./Core/Src/system_stm32f4xx.o
 .comment       0x00000043       0x44 ./Drivers/STM32F4xx_HAL_Driver/Src/stm32f4xx_hal.o
 .comment       0x00000043       0x44 ./Drivers/STM32F4xx_HAL_Driver/Src/stm32f4xx_hal_cortex.o
 .comment       0x00000043       0x44 ./Drivers/STM32F4xx_HAL_Driver/Src/stm32f4xx_hal_gpio.o
 .comment       0x00000043       0x44 ./Drivers/STM32F4xx_HAL_Driver/Src/stm32f4xx_hal_i2c.o
 .comment       0x00000043       0x44 ./Drivers/STM32F4xx_HAL_Driver/Src/stm32f4xx_hal_pcd.o
 .comment       0x00000043       0x44 ./Drivers/STM32F4xx_HAL_Driver/Src/stm32f4xx_hal_pcd_ex.o
 .comment       0x00000043       0x44 ./Drivers/STM32F4xx_HAL_Driver/Src/stm32f4xx_hal_rcc.o
 .comment       0x00000043       0x44 ./Drivers/STM32F4xx_HAL_Driver/Src/stm32f4xx_ll_usb.o
 .comment       0x00000043       0x44 ./Middlewares/ST/STM32_USB_Device_Library/Class/CDC/Src/usbd_cdc.o
 .comment       0x00000043       0x44 ./Middlewares/ST/STM32_USB_Device_Library/Core/Src/usbd_core.o
 .comment       0x00000043       0x44 ./Middlewares/ST/STM32_USB_Device_Library/Core/Src/usbd_ctlreq.o
 .comment       0x00000043       0x44 ./Middlewares/ST/STM32_USB_Device_Library/Core/Src/usbd_ioreq.o
 .comment       0x00000043       0x44 ./USB_DEVICE/App/usb_device.o
 .comment       0x00000043       0x44 ./USB_DEVICE/App/usbd_cdc_if.o
 .comment       0x00000043       0x44 ./USB_DEVICE/App/usbd_desc.o
 .comment       0x00000043       0x44 ./USB_DEVICE/Target/usbd_conf.o

.debug_frame    0x00000000     0x2160
 .debug_frame   0x00000000       0x30 ./Application/Src/control.o
 .debug_frame   0x00000030       0x58 ./Core/Src/main.o
 .debug_frame   0x00000088       0x6c ./Core/Src/stm32f4xx_hal_msp.o
 .debug_frame   0x000000f4       0xb0 ./Core/Src/stm32f4xx_it.o
 .debug_frame   0x000001a4       0x30 ./Core/Src/system_stm32f4xx.o
 .debug_frame   0x000001d4      0x1f4 ./Drivers/STM32F4xx_HAL_Driver/Src/stm32f4xx_hal.o
 .debug_frame   0x000003c8      0x174 ./Drivers/STM32F4xx_HAL_Driver/Src/stm32f4xx_hal_cortex.o
 .debug_frame   0x0000053c       0xd8 ./Drivers/STM32F4xx_HAL_Driver/Src/stm32f4xx_hal_gpio.o
 .debug_frame   0x00000614      0x7b8 ./Drivers/STM32F4xx_HAL_Driver/Src/stm32f4xx_hal_i2c.o
 .debug_frame   0x00000dcc      0x300 ./Drivers/STM32F4xx_HAL_Driver/Src/stm32f4xx_hal_pcd.o
 .debug_frame   0x000010cc       0x60 ./Drivers/STM32F4xx_HAL_Driver/Src/stm32f4xx_hal_pcd_ex.o
 .debug_frame   0x0000112c      0x178 ./Drivers/STM32F4xx_HAL_Driver/Src/stm32f4xx_hal_rcc.o
 .debug_frame   0x000012a4      0x4a4 ./Drivers/STM32F4xx_HAL_Driver/Src/stm32f4xx_ll_usb.o
 .debug_frame   0x00001748      0x18c ./Middlewares/ST/STM32_USB_Device_Library/Class/CDC/Src/usbd_cdc.o
 .debug_frame   0x000018d4      0x254 ./Middlewares/ST/STM32_USB_Device_Library/Core/Src/usbd_core.o
 .debug_frame   0x00001b28       0xec ./Middlewares/ST/STM32_USB_Device_Library/Core/Src/usbd_ctlreq.o
 .debug_frame   0x00001c14       0xb0 ./Middlewares/ST/STM32_USB_Device_Library/Core/Src/usbd_ioreq.o
 .debug_frame   0x00001cc4       0x2c ./USB_DEVICE/App/usb_device.o
 .debug_frame   0x00001cf0       0x8c ./USB_DEVICE/App/usbd_cdc_if.o
 .debug_frame   0x00001d7c       0xa0 ./USB_DEVICE/App/usbd_desc.o
 .debug_frame   0x00001e1c      0x298 ./USB_DEVICE/Target/usbd_conf.o
 .debug_frame   0x000020b4       0x20 /opt/st/stm32cubeide_1.15.0/plugins/com.st.stm32cube.ide.mcu.externaltools.gnu-tools-for-stm32.12.3.rel1.linux64_1.0.100.202403111256/tools/bin/../lib/gcc/arm-none-eabi/12.3.1/../../../../arm-none-eabi/lib/thumb/v7e-m+fp/hard/libc_nano.a(libc_a-memset.o)
 .debug_frame   0x000020d4       0x2c /opt/st/stm32cubeide_1.15.0/plugins/com.st.stm32cube.ide.mcu.externaltools.gnu-tools-for-stm32.12.3.rel1.linux64_1.0.100.202403111256/tools/bin/../lib/gcc/arm-none-eabi/12.3.1/../../../../arm-none-eabi/lib/thumb/v7e-m+fp/hard/libc_nano.a(libc_a-init.o)
 .debug_frame   0x00002100       0x2c /opt/st/stm32cubeide_1.15.0/plugins/com.st.stm32cube.ide.mcu.externaltools.gnu-tools-for-stm32.12.3.rel1.linux64_1.0.100.202403111256/tools/bin/../lib/gcc/arm-none-eabi/12.3.1/thumb/v7e-m+fp/hard/libgcc.a(_aeabi_uldivmod.o)
 .debug_frame   0x0000212c       0x34 /opt/st/stm32cubeide_1.15.0/plugins/com.st.stm32cube.ide.mcu.externaltools.gnu-tools-for-stm32.12.3.rel1.linux64_1.0.100.202403111256/tools/bin/../lib/gcc/arm-none-eabi/12.3.1/thumb/v7e-m+fp/hard/libgcc.a(_udivmoddi4.o)

.debug_loclists
                0x00000000     0x97c2
 .debug_loclists
                0x00000000       0x3a ./Core/Src/stm32f4xx_hal_msp.o
 .debug_loclists
                0x0000003a       0xcf ./Core/Src/system_stm32f4xx.o
 .debug_loclists
                0x00000109       0xe2 ./Drivers/STM32F4xx_HAL_Driver/Src/stm32f4xx_hal.o
 .debug_loclists
                0x000001eb      0x4d3 ./Drivers/STM32F4xx_HAL_Driver/Src/stm32f4xx_hal_cortex.o
 .debug_loclists
                0x000006be      0x389 ./Drivers/STM32F4xx_HAL_Driver/Src/stm32f4xx_hal_gpio.o
 .debug_loclists
                0x00000a47     0x2f22 ./Drivers/STM32F4xx_HAL_Driver/Src/stm32f4xx_hal_i2c.o
 .debug_loclists
                0x00003969     0x1a35 ./Drivers/STM32F4xx_HAL_Driver/Src/stm32f4xx_hal_pcd.o
 .debug_loclists
                0x0000539e      0x124 ./Drivers/STM32F4xx_HAL_Driver/Src/stm32f4xx_hal_pcd_ex.o
 .debug_loclists
                0x000054c2      0x342 ./Drivers/STM32F4xx_HAL_Driver/Src/stm32f4xx_hal_rcc.o
 .debug_loclists
                0x00005804     0x1c6b ./Drivers/STM32F4xx_HAL_Driver/Src/stm32f4xx_ll_usb.o
 .debug_loclists
                0x0000746f      0x4f9 ./Middlewares/ST/STM32_USB_Device_Library/Class/CDC/Src/usbd_cdc.o
 .debug_loclists
                0x00007968      0x7e8 ./Middlewares/ST/STM32_USB_Device_Library/Core/Src/usbd_core.o
 .debug_loclists
                0x00008150      0x9e3 ./Middlewares/ST/STM32_USB_Device_Library/Core/Src/usbd_ctlreq.o
 .debug_loclists
                0x00008b33      0x1b4 ./Middlewares/ST/STM32_USB_Device_Library/Core/Src/usbd_ioreq.o
 .debug_loclists
                0x00008ce7       0xcb ./USB_DEVICE/App/usbd_cdc_if.o
 .debug_loclists
                0x00008db2      0x1a3 ./USB_DEVICE/App/usbd_desc.o
 .debug_loclists
                0x00008f55      0x86d ./USB_DEVICE/Target/usbd_conf.o

.debug_line_str
                0x00000000       0x69
 .debug_line_str
                0x00000000       0x69 ./Core/Startup/startup_stm32f401rctx.o
