../Lib/Src/ssd1306.c:8:6:ssd1306_Reset	0	static
../Lib/Src/ssd1306.c:13:6:ssd1306_WriteCommand	32	static
../Lib/Src/ssd1306.c:18:6:ssd1306_WriteData	24	static
../Lib/Src/ssd1306.c:63:17:ssd1306_FillBuffer	8	static
../Lib/Src/ssd1306.c:175:6:ssd1306_Fill	0	static
../Lib/Src/ssd1306.c:184:6:ssd1306_UpdateScreen	56	static
../Lib/Src/ssd1306.c:73:6:ssd1306_Init	56	static
../Lib/Src/ssd1306.c:205:6:ssd1306_DrawPixel	4	static
../Lib/Src/ssd1306.c:225:6:ssd1306_WriteChar	64	static
../Lib/Src/ssd1306.c:260:6:ssd1306_WriteString	24	static
../Lib/Src/ssd1306.c:274:6:ssd1306_WriteStringCenter	40	static
../Lib/Src/ssd1306.c:281:6:ssd1306_SetCursor	0	static
../Lib/Src/ssd1306.c:287:6:ssd1306_Line	56	static
../Lib/Src/ssd1306.c:314:6:ssd1306_Polyline	32	static
../Lib/Src/ssd1306.c:349:6:ssd1306_DrawArc	80	static
../Lib/Src/ssd1306.c:389:6:ssd1306_DrawArcWithRadiusLine	104	static
../Lib/Src/ssd1306.c:432:6:ssd1306_DrawCircle	64	static
../Lib/Src/ssd1306.c:467:6:ssd1306_FillCircle	56	static
../Lib/Src/ssd1306.c:503:6:ssd1306_DrawRectangle	32	static
../Lib/Src/ssd1306.c:513:6:ssd1306_FillRectangle	32	static
../Lib/Src/ssd1306.c:528:6:ssd1306_DrawBitmap	56	static
../Lib/Src/ssd1306.c:552:6:ssd1306_SetContrast	48	static
../Lib/Src/ssd1306.c:558:6:ssd1306_SetDisplayOn	32	static
../Lib/Src/ssd1306.c:570:9:ssd1306_GetDisplayOn	0	static
